03-21 13:43:11.619 28298 28498 W FlagRegistrar:         at ayxk.run(:com.google.android.gms@260931060@26.09.31 (200300-877989800):70)
03-21 13:43:11.619 28298 28498 W FlagRegistrar:         at android.os.Handler.handleCallback(Handler.java:958)
03-21 13:43:11.619 28298 28498 W FlagRegistrar:         at android.os.Handler.dispatchMessage(Handler.java:99)
03-21 13:43:11.619 28298 28498 W FlagRegistrar:         at cfpn.lM(:com.google.android.gms@260931060@26.09.31 (200300-877989800):1)
03-21 13:43:11.619 28298 28498 W FlagRegistrar:         at cfpn.dispatchMessage(:com.google.android.gms@260931060@26.09.31 (200300-877989800):5)
03-21 13:43:11.619 28298 28498 W FlagRegistrar:         at android.os.Looper.loopOnce(Looper.java:243)
03-21 13:43:11.619 28298 28498 W FlagRegistrar:         at android.os.Looper.loop(Looper.java:338)
03-21 13:43:11.619 28298 28498 W FlagRegistrar:         at android.os.HandlerThread.run(HandlerThread.java:67)
03-21 13:43:11.619 28298 28498 W FlagRegistrar: Caused by: ayta: 17: API: Phenotype.API is not available on this device. Connection failed with: ConnectionResult{statusCode=DEVELOPER_ERROR, resolution=null, message=null, clientMethodKey=null}
03-21 13:43:11.619 28298 28498 W FlagRegistrar:         at azqp.a(:com.google.android.gms@260931060@26.09.31 (200300-877989800):15)
03-21 13:43:11.619 28298 28498 W FlagRegistrar:         at ayut.c(:com.google.android.gms@260931060@26.09.31 (200300-877989800):3)
03-21 13:43:11.619 28298 28498 W FlagRegistrar:         ... 12 more
03-21 13:43:11.638 28298 28485 I ProviderInstaller: Installed default security provider GmsCore_OpenSSL
03-21 13:43:11.657  1806  2134 D CompetitionModeConfig: sys.apm.competition_mode_config is not support!
03-21 13:43:11.660  1344  1344 I thermal_repeater: [recvMdThermalInfo] ret=29, strLen=127,  3, 35, -50, -28399, 32767, 0
03-21 13:43:11.669 28298 28486 W CronetEngine.Builder: The implementation version is lower than the API version. Calls to methods added in API 44 and newer will likely have no effect.
03-21 13:43:11.676 28298 28486 D nativeloader: Configuring clns-10 for other apk . target_sdk_version=36, uses_libraries=ALL, library_path=/data/app/~~rVl463WQaIIT2mB5paoKqQ==/com.google.android.gms-G_uFuccw9bikqan8gOlq3A==/split_CronetDynamite_installtime.apk!/lib/armeabi-v7a:/data/app/~~rVl463WQaIIT2mB5paoKqQ==/com.google.android.gms-G_uFuccw9bikqan8gOlq3A==/split_CronetDynamite_installtime.apk!/lib/armeabi, permitted_path=/data:/mnt/expand
03-21 13:43:11.676 28298 28486 D nativeloader: Extending system_exposed_libraries: libapuwareapusys.mtk.so:libapuwareapusys_v2.mtk.so:libapuwarexrp.mtk.so:libapuwarexrp_v2.mtk.so:libapuwareutils.mtk.so:libapuwareutils_v2.mtk.so:libapuwarehmp.mtk.so:libmcv_runtime_usdk.mtk.so:libneuron_graph_delegate.mtk.so:libneuronusdk_adapter.mtk.so:libtflite_mtk.mtk.so:libarmnn_ndk.mtk.so:libcmdl_ndk.mtk.so:libnir_neon_driver_ndk.mtk.so:libmvpu_runtime.mtk.so:libmvpu_runtime_pub.mtk.so:libmvpu_engine_pub.mtk.so:libmvpu_pattern_pub.mtk.so:libmvpuop_mtk_cv.mtk.so:libmvpuop_mtk_nn.mtk.so:libmvpu_runtime_25.mtk.so:libmvpu_runtime_25_pub.mtk.so:libmvpu_engine_25_pub.mtk.so:libmvpu_pattern_25_pub.mtk.so:libmvpuop25_mtk_cv.mtk.so:libmvpuop25_mtk_nn.mtk.so:libmvpu_config.mtk.so:libteeservice_client.trustonic.so
03-21 13:43:11.680  1806  1816 I system_server: Background young concurrent mark compact GC freed 18MB AllocSpace bytes, 213(4760KB) LOS objects, 25% free, 67MB/91MB, paused 4.976ms,14.233ms total 229.883ms
03-21 13:43:11.680 28298 28486 D nativeloader: Load /data/app/~~rVl463WQaIIT2mB5paoKqQ==/com.google.android.gms-G_uFuccw9bikqan8gOlq3A==/split_CronetDynamite_installtime.apk!/lib/armeabi-v7a/libcronet.145.0.7582.0.so using isolated ns clns-10 (caller=/data/app/~~rVl463WQaIIT2mB5paoKqQ==/com.google.android.gms-G_uFuccw9bikqan8gOlq3A==/split_CronetDynamite_installtime.apk!classes2.dex): ok
03-21 13:43:11.704 28298 28501 I HttpFlagsLoader: HTTP flags log line (Impl): Using live production flag values from Google
03-21 13:43:11.707 28298 28486 I cn_CronetLibraryLoader: Cronet version: 145.0.7582.0, arch: armv8l
03-21 13:43:11.714  1806  2134 D ConnectivityService: requestNetwork for uid/pid:10123/28298 activeRequest: null callbackRequest: 10361 [NetworkRequest [ REQUEST id=10362, [ Capabilities: INTERNET&NOT_RESTRICTED&TRUSTED&NOT_VCN_MANAGED Uid: 10123 RequestorUid: 10123 RequestorPkg: com.google.android.gm UnderlyingNetworks: Null] ]] callback flags: 0 order: 2147483647
03-21 13:43:11.718  1806  2021 D WifiNetworkFactory: got request NetworkRequest [ REQUEST id=10362, [ Capabilities: INTERNET&NOT_RESTRICTED&TRUSTED&NOT_VCN_MANAGED Uid: 10123 RequestorUid: 10123 RequestorPkg: com.google.android.gm UnderlyingNetworks: Null] ]
03-21 13:43:11.718  1806  2021 D UntrustedWifiNetworkFactory: got request NetworkRequest [ REQUEST id=10362, [ Capabilities: INTERNET&NOT_RESTRICTED&TRUSTED&NOT_VCN_MANAGED Uid: 10123 RequestorUid: 10123 RequestorPkg: com.google.android.gm UnderlyingNetworks: Null] ]
03-21 13:43:11.719  1806  2021 D OemPaidWifiNetworkFactory: got request NetworkRequest [ REQUEST id=10362, [ Capabilities: INTERNET&NOT_RESTRICTED&TRUSTED&NOT_VCN_MANAGED Uid: 10123 RequestorUid: 10123 RequestorPkg: com.google.android.gm UnderlyingNetworks: Null] ]
03-21 13:43:11.719  1806  2021 D MultiInternetWifiNetworkFactory: got request NetworkRequest [ REQUEST id=10362, [ Capabilities: INTERNET&NOT_RESTRICTED&TRUSTED&NOT_VCN_MANAGED Uid: 10123 RequestorUid: 10123 RequestorPkg: com.google.android.gm UnderlyingNetworks: Null] ]
03-21 13:43:11.721  1806  2032 D ConnectivityService: NetReassign [10362 : null → 109] [c 1] [a 1] [i 5]
03-21 13:43:11.727  1806  2032 D ConnectivityService: NetReassign [no changes] [c 0] [a 1] [i 5]
03-21 13:43:11.733  1806  1861 D BroadcastQueue: Hiber/broadcast restricted queue.uid=10415
03-21 13:43:11.733  1806  1861 D BroadcastQueue: Hiber/broadcast restricted queue.uid=10404
03-21 13:43:11.737 22200 22232 I ServiceLiveData: Not exempting com.google.android.gms - not an active InputMethod for u0
03-21 13:43:11.738 22200 22233 I ServiceLiveData: Detected PrintServices: [com.android.bips]
03-21 13:43:11.738 22200 22238 I ServiceLiveData: Not exempting com.zhiliaoapp.musically - not an active WallpaperService for u0
03-21 13:43:11.739 22200 22237 I ServiceLiveData: Not exempting com.transsion.aivoiceassistant - not an active VoiceInteractionService for u0
03-21 13:43:11.739 22200 22235 I ServiceLiveData: Detected AutofillServices: [com.google.android.gms]
03-21 13:43:11.740 22200 22230 I ServiceLiveData: Not exempting com.android.dreams.basic - not an active DreamService for u0
03-21 13:43:11.740 22200 22231 I ServiceLiveData: Not exempting com.transsion.XOSLauncher - not an active NotificationListenerService for u0
03-21 13:43:11.741 22200 22236 I ServiceLiveData: Not exempting com.android.systemui.accessibility.accessibilitymenu - not an active AccessibilityService for u0
03-21 13:43:11.746  1806  2134 D CompetitionModeConfig: sys.apm.competition_mode_config is not support!
03-21 13:43:11.748 22200 22232 I ServiceLiveData: Not exempting com.google.android.tts - not an active InputMethod for u0
03-21 13:43:11.751 22200 22238 I ServiceLiveData: Detected WallpaperServices: []
03-21 13:43:11.751 22200 22233 I ServiceLiveData: Detected DEVICE_ADMIN_SERVICEs: [com.google.android.gms]
03-21 13:43:11.752 22200 22237 I ServiceLiveData: Not exempting com.openai.chatgpt - not an active VoiceInteractionService for u0
03-21 13:43:11.752 22200 22230 I ServiceLiveData: Not exempting com.transsion.deskclock - not an active DreamService for u0
03-21 13:43:11.752 22200 22231 I ServiceLiveData: Not exempting com.transsion.aod - not an active NotificationListenerService for u0
03-21 13:43:11.752 22200 22231 I ServiceLiveData: Not exempting com.transsion.phonemaster - not an active NotificationListenerService for u0
03-21 13:43:11.753 22200 22231 I ServiceLiveData: Not exempting com.google.android.contacts - not an active NotificationListenerService for u0
03-21 13:43:11.753 22200 22231 I ServiceLiveData: Detected NotificationListenerServices: [com.hoffnung]
03-21 13:43:11.753 22200 22238 I BroadcastReceiverLiveData: Detected DEVICE_ADMIN_ENABLEDs: [com.google.android.gms]
03-21 13:43:11.754 22200 22237 I ServiceLiveData: Detected VoiceInteractionServices: []
03-21 13:43:11.754 22200 22230 I ServiceLiveData: Not exempting com.google.android.apps.photos - not an active DreamService for u0
03-21 13:43:11.756  1806  2613 V AlarmManager: set(PendingIntent{11afb62: PendingIntentRecord{e114f3 com.google.android.gms/com.google.android.gms.container startService}}) : type=3 triggerAtTime=315516391874 win=3600000 tElapsed=315516391874 maxElapsed=315519991874 interval=0 flags=0x0
03-21 13:43:11.756 22200 22232 I ServiceLiveData: Not exempting com.snapchat.android - not an active InputMethod for u0
03-21 13:43:11.756 22200 22230 I ServiceLiveData: Detected DreamServices: []
03-21 13:43:11.756 22200 22236 I ServiceLiveData: Not exempting com.google.android.marvin.talkback - not an active AccessibilityService for u0
03-21 13:43:11.758 22200 22236 I ServiceLiveData: Not exempting com.google.android.marvin.talkback - not an active AccessibilityService for u0
03-21 13:43:11.759 22200 22236 I ServiceLiveData: Not exempting com.transsion.tranfacmode - not an active AccessibilityService for u0
03-21 13:43:11.759 22200 22236 I ServiceLiveData: Not exempting com.transsnet.store - not an active AccessibilityService for u0
03-21 13:43:11.759 22200 22236 I ServiceLiveData: Detected AccessibilityServices: [com.transsion.aivoiceassistant]
03-21 13:43:11.760 22200 22232 I ServiceLiveData: Detected InputMethods: [com.google.android.inputmethod.latin]
03-21 13:43:11.842  2487  2487 E MtkPhoneIntfMgrEx: MainThreadHandler.handleMessage : 3
03-21 13:43:11.842  2487  2487 D MtkPhoneIntfMgrEx: EVENT_AT_URC_IND(0) AT(prefix): +ECSQ
03-21 13:43:11.843  2487  2921 D TLinkBrush_RAT: [handleMessage] : URC_OBSERVER
03-21 13:43:11.843  2487  2921 D TLinkBrush_RAT: AT RESPONSE
03-21 13:43:11.843  2487  2921 D TLinkBrush_RAT: Response str = +ECSQ: 19,41,-357,1,1,-41,-398,4096,25,3
03-21 13:43:11.843  2487  2921 D TLinkBrush_RAT: processUnsolOemMsg --- resp : +ECSQ: 19,41,-357,1,1,-41,-398,4096,25,3
03-21 13:43:11.843  2487  2487 D TranSignalStrengthComponentImpl: [LTE] dbm: -100
03-21 13:43:11.844  2487  2487 D TranSignalStrengthComponentImpl: [LTE] dbm: -100
03-21 13:43:11.843  2486  2562 D TRNS_PluginBase: EVENT_AT_COMMAND_URC: [0, +ECSQ: 19,41,-357,1,1,-41,-398,4096,25,3]
03-21 13:43:11.844  1806  1806 I MWN     : onSignalStrengthsChanged...
03-21 13:43:11.847 22631 22815 D TranSignalStrengthComponentImpl: [LTE] dbm: -100
03-21 13:43:11.849  1806  1868 D TranSignalStrengthComponentImpl: [LTE] dbm: -100
03-21 13:43:11.849  2487  2912 I TranPhoneSwitcher: getNetworkType: WIFI
03-21 13:43:11.849  2487  2912 I TranPhoneSwitcher: mDefaultsign:-1subid :6
03-21 13:43:11.850  2487  2921 I TranTele/TranPhoneInterfaceManager: TTC - onSignalStrengthsChanged
03-21 13:43:11.850  1806  1806 I MWN     : network type = 1
03-21 13:43:11.850  1806  1806 I MWN     : Write 0 to node. type=Wi-Fi mSimExist=true mFlightMode=false
03-21 13:43:11.850  2487  2912 I TranPhoneSwitcher: getNetworkType: WIFI
03-21 13:43:11.850  2487  2912 I TranPhoneSwitcher: isNeedSwitch: The current network type is WIFI
03-21 13:43:11.852  1806  1806 I MWN     : write the value:0 to node successfully.
03-21 13:43:11.854  2222  2222 D StatusBarIconController: ignoring old pipeline callbacks, because the new mobile icons are enabled
03-21 13:43:11.911 28468 28474 W facebook.system: userfaultfd: MOVE ioctl seems unsupported: Success
03-21 13:43:11.936 28310 28316 W book.appmanager: userfaultfd: MOVE ioctl seems unsupported: Connection timed out
03-21 13:43:11.957 28310 28318 W book.appmanager: ApkAssets: Deleting an ApkAssets object '<empty> and /data/app/~~87LXr24DWI2AuOlv3nCgPQ==/com.whatsapp-arhUv5ehVTZvC66fnYgrlQ==/base.apk' with 1 weak references
03-21 13:43:11.959 28310 28318 W book.appmanager: ApkAssets: Deleting an ApkAssets object '<empty> and /data/app/~~87LXr24DWI2AuOlv3nCgPQ==/com.whatsapp-arhUv5ehVTZvC66fnYgrlQ==/split_config.armeabi_v7a.apk' with 1 weak references
03-21 13:43:11.959 28310 28318 W book.appmanager: ApkAssets: Deleting an ApkAssets object '<empty> and /data/app/~~87LXr24DWI2AuOlv3nCgPQ==/com.whatsapp-arhUv5ehVTZvC66fnYgrlQ==/split_config.xhdpi.apk' with 1 weak references
03-21 13:43:11.960 28310 28318 W book.appmanager: ApkAssets: Deleting an ApkAssets object '<empty> and /data/app/~~EbGvA2ieum6CvRT7UL_hbQ==/com.instagram.android-97vbCM1rEraPyfxRuAZ5Ng==/base.apk' with 1 weak references
03-21 13:43:11.960 28310 28318 W book.appmanager: ApkAssets: Deleting an ApkAssets object '<empty> and /data/app/~~EbGvA2ieum6CvRT7UL_hbQ==/com.instagram.android-97vbCM1rEraPyfxRuAZ5Ng==/split_arservicesforpersonsegmentation.apk' with 1 weak references
03-21 13:43:11.960 28310 28318 W book.appmanager: ApkAssets: Deleting an ApkAssets object '<empty> and /data/app/~~EbGvA2ieum6CvRT7UL_hbQ==/com.instagram.android-97vbCM1rEraPyfxRuAZ5Ng==/split_config.xhdpi.apk' with 1 weak references
03-21 13:43:11.961 28310 28318 W book.appmanager: ApkAssets: Deleting an ApkAssets object '<empty> and /data/app/~~EbGvA2ieum6CvRT7UL_hbQ==/com.instagram.android-97vbCM1rEraPyfxRuAZ5Ng==/split_executorch.apk' with 1 weak references
03-21 13:43:11.961 28310 28318 W book.appmanager: ApkAssets: Deleting an ApkAssets object '<empty> and /data/app/~~EbGvA2ieum6CvRT7UL_hbQ==/com.instagram.android-97vbCM1rEraPyfxRuAZ5Ng==/split_heliumcore.apk' with 1 weak references
03-21 13:43:11.961 28310 28318 W book.appmanager: ApkAssets: Deleting an ApkAssets object '<empty> and /data/app/~~EbGvA2ieum6CvRT7UL_hbQ==/com.instagram.android-97vbCM1rEraPyfxRuAZ5Ng==/split_heliumiab.apk' with 1 weak references
03-21 13:43:11.961 28310 28318 W book.appmanager: ApkAssets: Deleting an ApkAssets object '<empty> and /data/app/~~EbGvA2ieum6CvRT7UL_hbQ==/com.instagram.android-97vbCM1rEraPyfxRuAZ5Ng==/split_pytorch.apk' with 1 weak references
03-21 13:43:11.962 28310 28318 W book.appmanager: ApkAssets: Deleting an ApkAssets object '<empty> and /data/app/~~EbGvA2ieum6CvRT7UL_hbQ==/com.instagram.android-97vbCM1rEraPyfxRuAZ5Ng==/split_spm.apk' with 1 weak references
03-21 13:43:11.962 28310 28318 W book.appmanager: ApkAssets: Deleting an ApkAssets object '<empty> and /data/app/~~8EkX1Bok2uhBU4QPlCGm5Q==/com.facebook.katana-ZrOYCcWiWZdRl57SS6i0Vg==/base.apk' with 1 weak references
03-21 13:43:11.963 28310 28318 W book.appmanager: ApkAssets: Deleting an ApkAssets object '<empty> and /data/app/~~8EkX1Bok2uhBU4QPlCGm5Q==/com.facebook.katana-ZrOYCcWiWZdRl57SS6i0Vg==/split_arservicesoptional.apk' with 1 weak references
03-21 13:43:11.963 28310 28318 W book.appmanager: ApkAssets: Deleting an ApkAssets object '<empty> and /data/app/~~8EkX1Bok2uhBU4QPlCGm5Q==/com.facebook.katana-ZrOYCcWiWZdRl57SS6i0Vg==/split_executorch.apk' with 1 weak references
03-21 13:43:11.963 28310 28318 W book.appmanager: ApkAssets: Deleting an ApkAssets object '<empty> and /data/app/~~8EkX1Bok2uhBU4QPlCGm5Q==/com.facebook.katana-ZrOYCcWiWZdRl57SS6i0Vg==/split_heliumcore.apk' with 1 weak references
03-21 13:43:11.963 28310 28318 W book.appmanager: ApkAssets: Deleting an ApkAssets object '<empty> and /data/app/~~8EkX1Bok2uhBU4QPlCGm5Q==/com.facebook.katana-ZrOYCcWiWZdRl57SS6i0Vg==/split_heliumiab.apk' with 1 weak references
03-21 13:43:11.963 28310 28318 W book.appmanager: ApkAssets: Deleting an ApkAssets object '<empty> and /data/app/~~8EkX1Bok2uhBU4QPlCGm5Q==/com.facebook.katana-ZrOYCcWiWZdRl57SS6i0Vg==/split_instantgamesads.apk' with 1 weak references
03-21 13:43:11.963 28310 28318 W book.appmanager: ApkAssets: Deleting an ApkAssets object '<empty> and /data/app/~~8EkX1Bok2uhBU4QPlCGm5Q==/com.facebook.katana-ZrOYCcWiWZdRl57SS6i0Vg==/split_papaya.apk' with 1 weak references
03-21 13:43:11.964 28310 28318 W book.appmanager: ApkAssets: Deleting an ApkAssets object '<empty> and /data/app/~~8EkX1Bok2uhBU4QPlCGm5Q==/com.facebook.katana-ZrOYCcWiWZdRl57SS6i0Vg==/split_papayaanalyticstorch.apk' with 1 weak references
03-21 13:43:11.964 28310 28318 W book.appmanager: ApkAssets: Deleting an ApkAssets object '<empty> and /data/app/~~8EkX1Bok2uhBU4QPlCGm5Q==/com.facebook.katana-ZrOYCcWiWZdRl57SS6i0Vg==/split_papayatorch.apk' with 1 weak references
03-21 13:43:11.964 28310 28318 W book.appmanager: ApkAssets: Deleting an ApkAssets object '<empty> and /data/app/~~8EkX1Bok2uhBU4QPlCGm5Q==/com.facebook.katana-ZrOYCcWiWZdRl57SS6i0Vg==/split_pytorch.apk' with 1 weak references
03-21 13:43:11.966 28310 28318 W book.appmanager: ApkAssets: Deleting an ApkAssets object '<empty> and /data/app/~~8EkX1Bok2uhBU4QPlCGm5Q==/com.facebook.katana-ZrOYCcWiWZdRl57SS6i0Vg==/split_s_arservicesoptional_slam.apk' with 1 weak references
03-21 13:43:11.966 28310 28318 W book.appmanager: ApkAssets: Deleting an ApkAssets object '<empty> and /data/app/~~8EkX1Bok2uhBU4QPlCGm5Q==/com.facebook.katana-ZrOYCcWiWZdRl57SS6i0Vg==/split_s_papayaanalyticstorch_papayatorch.apk' with 1 weak references
03-21 13:43:11.966 28310 28318 W book.appmanager: ApkAssets: Deleting an ApkAssets object '<empty> and /data/app/~~8EkX1Bok2uhBU4QPlCGm5Q==/com.facebook.katana-ZrOYCcWiWZdRl57SS6i0Vg==/split_s_papayaanalyticstorch_papayatorch_torchedlooper.apk' with 1 weak references
03-21 13:43:11.966 28310 28318 W book.appmanager: ApkAssets: Deleting an ApkAssets object '<empty> and /data/app/~~8EkX1Bok2uhBU4QPlCGm5Q==/com.facebook.katana-ZrOYCcWiWZdRl57SS6i0Vg==/split_s_papayatorch_torchedlooper.apk' with 1 weak references
03-21 13:43:11.966 28310 28318 W book.appmanager: ApkAssets: Deleting an ApkAssets object '<empty> and /data/app/~~8EkX1Bok2uhBU4QPlCGm5Q==/com.facebook.katana-ZrOYCcWiWZdRl57SS6i0Vg==/split_slam.apk' with 1 weak references
03-21 13:43:11.967 28310 28318 W book.appmanager: ApkAssets: Deleting an ApkAssets object '<empty> and /data/app/~~dC3WN3n7bLAOd_DBqAzumA==/com.facebook.orca-Rd3lsv2HxnrVjoPvjRnARw==/base.apk' with 1 weak references
03-21 13:43:11.967 28310 28318 W book.appmanager: ApkAssets: Deleting an ApkAssets object '<empty> and /data/app/~~dC3WN3n7bLAOd_DBqAzumA==/com.facebook.orca-Rd3lsv2HxnrVjoPvjRnARw==/split_arsegmentation.apk' with 1 weak references
03-21 13:43:11.968 28310 28318 W book.appmanager: ApkAssets: Deleting an ApkAssets object '<empty> and /data/app/~~dC3WN3n7bLAOd_DBqAzumA==/com.facebook.orca-Rd3lsv2HxnrVjoPvjRnARw==/split_arservicesforexpressionfitting.apk' with 1 weak references
03-21 13:43:11.968 28310 28318 W book.appmanager: ApkAssets: Deleting an ApkAssets object '<empty> and /data/app/~~dC3WN3n7bLAOd_DBqAzumA==/com.facebook.orca-Rd3lsv2HxnrVjoPvjRnARw==/split_arservicesforruntimerigmapping.apk' with 1 weak references
03-21 13:43:11.968 28310 28318 W book.appmanager: ApkAssets: Deleting an ApkAssets object '<empty> and /data/app/~~dC3WN3n7bLAOd_DBqAzumA==/com.facebook.orca-Rd3lsv2HxnrVjoPvjRnARw==/split_executorch.apk' with 1 weak references
03-21 13:43:12.252  1806  1846 W SearchableInfo: Invalid searchable metadata for com.imo.android.imoim/.search.activity.Searchable: Search label must be a resource reference.
03-21 13:43:12.253  1806  1846 W Searchables: No global search activity found
03-21 13:43:12.287  1806  1846 D PhoneCloneServiceFinder: getTargetPackage() userId=0, services=[]
03-21 13:43:12.340  1075  1125 I libPerfCtl: xgfGetFPS pid:2222 fps:-1
03-21 13:43:12.340  1075  1125 I AppThermalMode: [perfNotifyThermalState] hdl:0
03-21 13:43:12.340  1075  1125 I AppThermalMode: [findAppThermalIdx] Fail: appThermalModeEnable: 0,currentFPS: -1,fg->pid:26947
03-21 13:43:12.340  1075  1125 I AppThermalMode: [perfNotifyThermalState] appThermalIdx -1:
03-21 13:43:12.366   529   529 I lowmemorykiller: TranMemoryInfo: vmstat time slice: 1004
03-21 13:43:12.366   529   529 I lowmemorykiller: TranMemoryInfo: PSI stat: 11, 3.29, 2.09, 2.37, 1.53
03-21 13:43:12.366   529   529 I lowmemorykiller: TranMemoryInfo: vmstat: 8895, 0, 21620, 6, 575207
03-21 13:43:12.366   529   529 D lowmemorykiller: TranMemoryInfo: kswapd pgscan_kswapd 424810647 to 424870602, pgsteal_kswapd 213337382 to 213359002, stime 575141 to 575207
03-21 13:43:12.366   529   529 I lowmemorykiller: TranMemoryInfo: kswapd has been run.
03-21 13:43:12.367   529   529 I lowmemorykiller: TranMemoryInfo: kswapd reclaim amount : 21620 pages
03-21 13:43:12.367   529   529 I lowmemorykiller: TranMemoryInfo: kswapd reclaim efficiency : 131 KB/ms
03-21 13:43:12.813  1806  1924 D TLinkBrush_DATA: [NetdEvent]Wifi connect true, screen state true, do nothing!
03-21 13:43:13.002  1806  1924 D CompetitionModeConfig: sys.apm.competition_mode_config is not support!
03-21 13:43:13.004  1806  1924 W ActivityManager: Unable to start service Intent { act=com.google.android.gms.wearable.BIND pkg=com.google.android.gms } U=0: not found
03-21 13:43:13.005  1806  1924 W ActivityManager: Unbind failed: could not find connection for android.os.BinderProxy@7adaec7
03-21 13:43:13.007 28298 28333 W GmsClient: unable to connect to service: com.google.android.gms.wearable.BIND on com.google.android.gms
03-21 13:43:13.039 28298 28298 W bcnr    : Failed to find local clusters.
03-21 13:43:13.309 28298 28433 W aygl    : Job(ItemListsService:stopItemList#0.24) Attempting to unregister unknown list: itemlist-ViewType(96)-2
03-21 13:43:13.326  1806  1806 D TranLedLightImpl: TranLedLightImpl--upNotificationList
03-21 13:43:13.326  1806  1806 D TranLedLightImpl: TranLedLightImpl--ledwork:false
03-21 13:43:13.331  1806  1806 D TranLedLightImpl: TranLedLightImpl--upNotificationList
03-21 13:43:13.331  1806  1806 D TranLedLightImpl: TranLedLightImpl--ledwork:false
03-21 13:43:13.332  1806  1806 D TranLedLightImpl: TranLedLightImpl--ledwork:false
03-21 13:43:13.332  1806  1806 D CompatibilityChangeReporter: Compat change id reported: 175319604; UID 1000; state: ENABLED
03-21 13:43:13.335  1806  1806 D CompatibilityChangeReporter: Compat change id reported: 195579280; UID 1000; state: ENABLED
03-21 13:43:13.341  1806  1806 D CompatibilityChangeReporter: Compat change id reported: 175319604; UID 10160; state: ENABLED
03-21 13:43:13.341  1806  1806 D CompatibilityChangeReporter: Compat change id reported: 195579280; UID 10160; state: ENABLED
03-21 13:43:13.376   529   529 I lowmemorykiller: TranMemoryInfo: vmstat time slice: 1008
03-21 13:43:13.376   529   529 I lowmemorykiller: TranMemoryInfo: PSI stat: 11, 4.87, 2.41, 3.75, 1.81
03-21 13:43:13.376   529   529 I lowmemorykiller: TranMemoryInfo: vmstat: 552, 0, 0, 0, 575207
03-21 13:43:13.383  2222  2222 I SysUI(251201)_UserMonkeyUtils: isUserMonkey false 156393501 156299430
03-21 13:43:13.383  2222  2222 D TrCloudNotificationSupportController: containCloudNotificationSupportApp: com.google.android.gmnot in the cloud list
03-21 13:43:13.383  2222  2222 D TrCloudNotificationSupportController: containLocalNotificationSupportApp: com.google.android.gmnot in the local list
03-21 13:43:13.385  3734  3869 D os.notification: onNotifyRemoved StatusBarNotification:StatusBarNotification(pkg=com.google.android.gm user=UserHandle{0} id=0 tag=gig:-735682062:^sq_ig_i_personal key=0|com.google.android.gm|0|gig:-735682062:^sq_ig_i_personal|10123: Notification(channel=^nc_1_mail_avinashpoudel2@gmail.com shortcut=null contentView=null vibrate=null sound=null tick defaults=0x0 flags=0x210 color=0xffaecbfa category=email groupKey=gig:-735682062:^sq_ig_i_personal sortKey=92233702627750676540 actions=3 vis=PRIVATE publicVersion=Notification(channel=^nc_1_mail_avinashpoudel2@gmail.com shortcut=null contentView=null vibrate=null sound=null tick defaults=0x4 flags=0x11 color=0xffaecbfa category=email groupKey=silent vis=PUBLIC))) NotificationStats:NotificationStats{mSeen=false, mExpanded=false, mDirectReplied=false, mSnoozed=false, mViewedSettings=false, mInteracted=false, mDismissalSurface=0} reason:8
03-21 13:43:13.388  1806  3913 I ActivityManager: isUserAMonkey mUserIsMonkey = false
03-21 13:43:13.388  1806  3913 I ActivityTaskManager: isControllerAMonkey mController = null,mControllerIsAMonkey = false
03-21 13:43:13.389  2222  2222 D TrCloudNotificationSupportController: containCloudNotificationSupportApp: com.google.android.gmnot in the cloud list
03-21 13:43:13.389  2222  2222 D TrCloudNotificationSupportController: containLocalNotificationSupportApp: com.google.android.gmnot in the local list
03-21 13:43:13.391  3734 17505 D os.notification: onNotifyRemoved StatusBarNotification:StatusBarNotification(pkg=com.google.android.gm user=UserHandle{0} id=-1360126564 tag=gig:-735682062:^sq_ig_i_personal key=0|com.google.android.gm|-1360126564|gig:-735682062:^sq_ig_i_personal|10123: Notification(channel=^nc_1_mail_avinashpoudel2@gmail.com shortcut=null contentView=null vibrate=null sound=null tick defaults=0x4 flags=0x11 color=0xffaecbfa category=email groupKey=gig:-735682062:^sq_ig_i_personal sortKey=9223370262775067654-1360126564 actions=3 vis=PRIVATE publicVersion=Notification(channel=^nc_1_mail_avinashpoudel2@gmail.com shortcut=null contentView=null vibrate=null sound=null tick defaults=0x4 flags=0x11 color=0xffaecbfa category=email groupKey=silent vis=PUBLIC))) NotificationStats:NotificationStats{mSeen=false, mExpanded=false, mDirectReplied=false, mSnoozed=false, mViewedSettings=false, mInteracted=false, mDismissalSurface=0} reason:12
03-21 13:43:13.399  2222  2222 I SysUI(251201)_OverviewSysUiProxyService:  isEnabled mIsEnabled false mIsFoldExpanded true
03-21 13:43:13.403 28298 28298 W pkc     : [Gmail] MailSyncAdapterService: MailSyncAdapterService is destroyed! [CONTEXT android_log_tag="MailSyncAdapterService" ]
03-21 13:43:13.403  2222  2222 D SysUI(251201)_TrStackScrollerController: updateShowEmptyShadeView: noNotifications=false, visibleNotificationCount=7, mediaNotificationVisible=false
03-21 13:43:13.404  2222  2222 D SysUI(251201)_TrStackScrollerController: updateShowEmptyShadeView: noNotifications=false, visibleNotificationCount=6, mediaNotificationVisible=false
03-21 13:43:13.406  2222  2222 D IconifyRootViewController: icon ctr onAfterRenderList entries size = 6
03-21 13:43:13.406  2222  2222 D IconifyRootViewController: icon ctr onAfterRenderList entries size = 6
03-21 13:43:13.406  2222  2222 D IconifyRootViewController: icon ctr onAfterRenderList entries size = 6
03-21 13:43:13.406  2222  2222 D IconifyRootViewController: icon ctr onAfterRenderList entries size = 6
03-21 13:43:13.406  2222  2222 D IconifyRootViewController: icon ctr onAfterRenderList entries size = 6
03-21 13:43:13.407  2222  2222 D IconifyRootViewController: icon ctr onAfterRenderList entries size = 6
03-21 13:43:13.407  2222  2222 D IconifyRootViewController: icon ctr onAfterRenderList entries size = 6
03-21 13:43:13.407  2222  2222 D IconifyRootViewController: icon ctr onAfterRenderList entries size = 6
03-21 13:43:13.407  2222  2222 D IconifyRootViewController: icon ctr onAfterRenderList entries size = 6
03-21 13:43:13.407  2222  2222 D IconifyRootViewController: icon ctr onAfterRenderList entries size = 6
03-21 13:43:13.407  2222  2222 D IconifyRootViewController: icon ctr onAfterRenderList entries size = 6
03-21 13:43:13.407  2222  2222 D IconifyRootViewController: icon ctr onAfterRenderList entries size = 6
03-21 13:43:13.407  2222  2222 D IconifyRootViewController: icon ctr onAfterRenderList entries size = 6
03-21 13:43:13.407  2222  2222 D IconifyRootViewController: icon ctr onAfterRenderList entries size = 6
03-21 13:43:13.407  2222  2222 D IconifyRootViewController: icon ctr onAfterRenderList entries size = 6
03-21 13:43:13.408  2222  2222 D IconifyRootViewController: icon ctr onAfterRenderList entries size = 6
03-21 13:43:13.408  2222  2222 D IconifyRootViewController: icon ctr onAfterRenderList entries size = 6
03-21 13:43:13.408  2222  2222 D IconifyRootViewController: icon ctr onAfterRenderList entries size = 6
03-21 13:43:13.409  1806  3913 I ActivityManager: Killing 28245:com.google.process.gapps/u0a104 (adj 945): empty #10
03-21 13:43:13.410  1806  3913 D Griffin/ProcessManager: Manual clean close!
03-21 13:43:13.415  1806  1863 I libprocessgroup: Successfully killed process cgroup uid 10104 pid 28245 in 5ms
03-21 13:43:13.421  1096  1510 D SurfaceFlinger: calculateTimeoutTime, triggerInterval = 1 sec + 199999770 nsec
03-21 13:43:13.430  1096  1096 I BufferQueueProducer: [StatusBar#72](this:0xeec51cd8,id:-1,api:0,p:-1,c:1096) queueBuffer: fps=0.40 dur=2477.86 max=2477.86 min=2477.86
03-21 13:43:13.432  1066  1176 I hwcomposer: [HWCDisplay] [Display_0 (type:1)] fps:0.403595,dur:2477.73,max:2477.73,min:2477.73
03-21 13:43:13.437  1806  3913 V ActivityManager: Death received in com.android.server.am.ActivityManagerService$AppDeathRecipient@d488548 for thread android.os.BinderProxy@e2cdfe1
03-21 13:43:13.438  1806  3913 D CompetitionModeConfig: sys.apm.competition_mode_config is not support!
03-21 13:43:13.438  1806  3913 D os.ActivityManagerServiceLice: make process inactive com.google.process.gapps(28245)
03-21 13:43:13.438  1056  1056 I Zygote  : Process 28245 exited due to signal 9 (Killed)
03-21 13:43:13.439  1806  3913 I mtkpower_client: [Legacy][PowerHal_Wrap_notifyAppState] com.google.android.gsf/com.google.android.gsf pid=28245 state:3
03-21 13:43:13.440  1075  1142 I libPowerHal: [perfNotifyAppState] pack:com.google.android.gsf, act:com.google.android.gsf, state:3, pid:28245, uid:10104, fps:-1
03-21 13:43:13.440  1075  1142 I libPowerHal: [perfNotifyAppState] pack:com.google.android.gsf, pid:28245, STATE_DEAD
03-21 13:43:13.440  1075  1142 D RilUtility: notify_rild_crash_pid_set certPid:-1, crash:28245, scn:0x0
03-21 13:43:13.645  1363  1363 D AALLightSensor: oldLux=5 [SA:4 LA:4] newLux=5 (oriLux: 4)
03-21 13:43:14.179  2487  2487 E MtkPhoneIntfMgrEx: MainThreadHandler.handleMessage : 3
03-21 13:43:14.180  2487  2487 D MtkPhoneIntfMgrEx: EVENT_AT_URC_IND(1) AT(prefix): +ECSQ
03-21 13:43:14.180  2486  2562 D TRNS_PluginBase: EVENT_AT_COMMAND_URC: [1, +ECSQ: 18,41,-355,1,1,-44,-399,4096,24,3]
03-21 13:43:14.181  2487  2487 D TranSignalStrengthComponentImpl: [LTE] dbm: -100
03-21 13:43:14.421  1075  1125 I libPerfCtl: xgfGetFPS pid:2222 fps:62
03-21 13:43:14.421  1075  1125 I AppThermalMode: [perfNotifyThermalState] hdl:0
03-21 13:43:14.421  1075  1125 I AppThermalMode: [findAppThermalIdx] Fail: appThermalModeEnable: 0,currentFPS: -1,fg->pid:26947
03-21 13:43:14.421  1075  1125 I AppThermalMode: [perfNotifyThermalState] appThermalIdx -1:
03-21 13:43:15.223 22631 26115 D TrafficStats: tagSocket(250) with statsTag=0xffffffff, statsUid=-1
03-21 13:43:15.421  1075  1125 I libPerfCtl: xgfGetFPS pid:2222 fps:-1
03-21 13:43:15.421  1075  1125 I AppThermalMode: [perfNotifyThermalState] hdl:0
03-21 13:43:15.421  1075  1125 I AppThermalMode: [findAppThermalIdx] Fail: appThermalModeEnable: 0,currentFPS: -1,fg->pid:26947
03-21 13:43:15.421  1075  1125 I AppThermalMode: [perfNotifyThermalState] appThermalIdx -1:
03-21 13:43:15.548   529   529 I lowmemorykiller: TranMemoryInfo: vmstat time slice: 2176
03-21 13:43:15.548   529   529 I lowmemorykiller: TranMemoryInfo: PSI stat: 3, 3.99, 2.33, 3.07, 1.75
03-21 13:43:15.548   529   529 I lowmemorykiller: TranMemoryInfo: vmstat: 1009, 0, 3892, 2, 575228
03-21 13:43:15.548   529   529 D lowmemorykiller: TranMemoryInfo: kswapd pgscan_kswapd 424870602 to 424875935, pgsteal_kswapd 213359002 to 213362894, stime 575207 to 575228
03-21 13:43:15.548   529   529 I lowmemorykiller: TranMemoryInfo: kswapd has been run.
03-21 13:43:15.548   529   529 I lowmemorykiller: TranMemoryInfo: kswapd reclaim amount : 3892 pages
03-21 13:43:15.548   529   529 I lowmemorykiller: TranMemoryInfo: kswapd reclaim efficiency : 74 KB/ms
03-21 13:43:15.614 17838 17838 D BoundBrokerSvc: onUnbind: Intent { act=com.google.android.gms.common.telemetry.service.START dat=chimera-action:/... cmp=com.google.android.gms/.chimera.PersistentApiService }
03-21 13:43:15.764 28310 28542 D ProfileInstaller: Installing profile for com.facebook.appmanager
03-21 13:43:15.827  1806  2041 W ActivityManager: Receiver with filter android.content.IntentFilter@877bd19 already registered for pid 1806, callerPackage is android
03-21 13:43:15.828  1806  2041 W ActivityManager: Receiver with filter android.content.IntentFilter@ef51de already registered for pid 1806, callerPackage is android
03-21 13:43:15.950  1096  1510 D SurfaceFlinger: calculateTimeoutTime, triggerInterval = 1 sec + 199999308 nsec
03-21 13:43:15.952  1096  1096 I BufferQueueProducer: [StatusBar#72](this:0xeec51cd8,id:-1,api:0,p:-1,c:1096) queueBuffer: fps=5.55 dur=2522.10 max=2307.25 min=15.14
03-21 13:43:15.955  1066  1176 I hwcomposer: [HWCDisplay] [Display_0 (type:1)] fps:5.548738,dur:2523.10,max:2308.54,min:15.27
03-21 13:43:16.421  1075  1125 I libPerfCtl: xgfGetFPS pid:2222 fps:-1
03-21 13:43:16.422  1075  1125 I AppThermalMode: [perfNotifyThermalState] hdl:0
03-21 13:43:16.422  1075  1125 I AppThermalMode: [findAppThermalIdx] Fail: appThermalModeEnable: 0,currentFPS: -1,fg->pid:26947
03-21 13:43:16.422  1075  1125 I AppThermalMode: [perfNotifyThermalState] appThermalIdx -1:
03-21 13:43:16.622   529   529 I lowmemorykiller: TranMemoryInfo: vmstat time slice: 1072
03-21 13:43:16.622   529   529 I lowmemorykiller: TranMemoryInfo: PSI stat: 11, 3.99, 2.33, 3.07, 1.75
03-21 13:43:16.623   529   529 I lowmemorykiller: TranMemoryInfo: vmstat: 870, 0, 7294, 2, 575256
03-21 13:43:16.623   529   529 D lowmemorykiller: TranMemoryInfo: kswapd pgscan_kswapd 424875935 to 424893090, pgsteal_kswapd 213362894 to 213370188, stime 575228 to 575256
03-21 13:43:16.623   529   529 I lowmemorykiller: TranMemoryInfo: kswapd has been run.
03-21 13:43:16.623   529   529 I lowmemorykiller: TranMemoryInfo: kswapd reclaim amount : 7294 pages
03-21 13:43:16.623   529   529 I lowmemorykiller: TranMemoryInfo: kswapd reclaim efficiency : 104 KB/ms
03-21 13:43:16.811  1070  2057 I android.hardware.usb@1.2-service-mediatekv2: uevent_event change@/devices/platform/1000d000.pwrap/1000d000.pwrap:mt6358-pmic/mt6358-gauge/power_supply/battery
03-21 13:43:16.811  1070  2057 I android.hardware.usb@1.2-service-mediatekv2: uevent_event change@/devices/platform/1000d000.pwrap/1000d000.pwrap:mt6358-pmic/mt6358-gauge/power_supply/battery
03-21 13:43:16.811  1070  2057 I android.hardware.usb@1.2-service-mediatekv2: uevent_event change@/devices/platform/1000d000.pwrap/1000d000.pwrap:mt6358-pmic/mt6358-gauge/power_supply/battery
03-21 13:43:16.811  1070  2057 I android.hardware.usb@1.2-service-mediatekv2: uevent_event change@/devices/platform/1000d000.pwrap/1000d000.pwrap:mt6358-pmic/mt6358-gauge/power_supply/battery
03-21 13:43:16.811  1070  2057 I android.hardware.usb@1.2-service-mediatekv2: uevent_event change@/devices/platform/1000d000.pwrap/1000d000.pwrap:mt6358-pmic/mt6358-gauge/power_supply/battery
03-21 13:43:16.811  1070  2057 I android.hardware.usb@1.2-service-mediatekv2: uevent_event change@/devices/platform/1000d000.pwrap/1000d000.pwrap:mt6358-pmic/mt6358-gauge/power_supply/battery
03-21 13:43:16.811  1070  2057 I android.hardware.usb@1.2-service-mediatekv2: uevent_event change@/devices/platform/1000d000.pwrap/1000d000.pwrap:mt6358-pmic/mt6358-gauge/power_supply/battery
03-21 13:43:16.811  1070  2057 I android.hardware.usb@1.2-service-mediatekv2: uevent_event change@/devices/platform/1000d000.pwrap/1000d000.pwrap:mt6358-pmic/mt6358-gauge/power_supply/battery
03-21 13:43:16.811  1070  2057 I android.hardware.usb@1.2-service-mediatekv2: uevent_event change@/devices/platform/1000d000.pwrap/1000d000.pwrap:mt6358-pmic/mt6358-gauge/power_supply/battery
03-21 13:43:16.811  1070  2057 I android.hardware.usb@1.2-service-mediatekv2: uevent_event change@/devices/platform/1000d000.pwrap/1000d000.pwrap:mt6358-pmic/mt6358-gauge/power_supply/battery
03-21 13:43:16.811  1070  2057 I android.hardware.usb@1.2-service-mediatekv2: uevent_event change@/devices/platform/1000d000.pwrap/1000d000.pwrap:mt6358-pmic/mt6358-gauge/power_supply/battery
03-21 13:43:16.812  1070  2057 I android.hardware.usb@1.2-service-mediatekv2: uevent_event change@/devices/platform/1000d000.pwrap/1000d000.pwrap:mt6358-pmic/mt6358-gauge/power_supply/battery
03-21 13:43:16.812  1070  2057 I android.hardware.usb@1.2-service-mediatekv2: uevent_event change@/devices/platform/1000d000.pwrap/1000d000.pwrap:mt6358-pmic/mt6358-gauge/power_supply/battery
03-21 13:43:16.812  1070  2057 I android.hardware.usb@1.2-service-mediatekv2: uevent_event change@/devices/platform/1000d000.pwrap/1000d000.pwrap:mt6358-pmic/mt6358-gauge/power_supply/battery
03-21 13:43:16.812  1070  2057 I android.hardware.usb@1.2-service-mediatekv2: uevent_event change@/devices/platform/1000d000.pwrap/1000d000.pwrap:mt6358-pmic/mt6358-gauge/power_supply/battery
03-21 13:43:16.812  1070  2057 I android.hardware.usb@1.2-service-mediatekv2: uevent_event change@/devices/platform/1000d000.pwrap/1000d000.pwrap:mt6358-pmic/mt6358-gauge/power_supply/battery
03-21 13:43:16.812  1070  2057 I android.hardware.usb@1.2-service-mediatekv2: uevent_event change@/devices/platform/1000d000.pwrap/1000d000.pwrap:mt6358-pmic/mt6358-gauge/power_supply/battery
03-21 13:43:16.812  1070  2057 I android.hardware.usb@1.2-service-mediatekv2: uevent_event change@/devices/platform/1000d000.pwrap/1000d000.pwrap:mt6358-pmic/mt6358-gauge/power_supply/battery
03-21 13:43:16.812  1070  2057 I android.hardware.usb@1.2-service-mediatekv2: uevent_event change@/devices/platform/1000d000.pwrap/1000d000.pwrap:mt6358-pmic/mt6358-gauge/power_supply/battery
03-21 13:43:16.812  1070  2057 I android.hardware.usb@1.2-service-mediatekv2: uevent_event change@/devices/platform/1000d000.pwrap/1000d000.pwrap:mt6358-pmic/mt6358-gauge/power_supply/battery
03-21 13:43:16.812  1070  2057 I android.hardware.usb@1.2-service-mediatekv2: uevent_event change@/devices/platform/1000d000.pwrap/1000d000.pwrap:mt6358-pmic/mt6358-gauge/power_supply/battery
03-21 13:43:16.812  1070  2057 I android.hardware.usb@1.2-service-mediatekv2: uevent_event change@/devices/platform/1000d000.pwrap/1000d000.pwrap:mt6358-pmic/mt6358-gauge/power_supply/battery
03-21 13:43:16.812  1070  2057 I android.hardware.usb@1.2-service-mediatekv2: uevent_event change@/devices/platform/1000d000.pwrap/1000d000.pwrap:mt6358-pmic/mt6358-gauge/power_supply/battery
03-21 13:43:16.826  1806  2147 D TranLedLightImpl: TranLedLightImpl--ledwork:false
03-21 13:43:16.826  1806  2147 D TranLedLightImpl: isBatteryOnlyWorkfalse
03-21 13:43:16.826  1806  2147 D BatteryService: HealthInfoUpdate: HealthInfo:{.chargerAcOnline = false, .chargerUsbOnline = true, .chargerWirelessOnline = false, .maxChargingCurrent = 500000, .maxChargingVoltage = 5000000, .batteryStatus = 2, .batteryHealth = 2, .batteryPresent = true, .batteryLevel = 100, .batteryVoltage = 4339, .batteryTemperature = 308, .batteryCurrent = -138000, .batteryCycleCount = 1, .batteryFullCharge = 5000000, .batteryChargeCounter=5000000, .batteryTechnology = Li-ion, .batteryCapacityLevel = 5}
03-21 13:43:16.830  9857  9857 D BatteryLabService: current level == 100, temperature == 308
03-21 13:43:16.831  9857  9857 D BatteryLabService: system is charging
03-21 13:43:16.832  2487  2922 I TranTele/TranPhoneInterfaceManager: [onReceive] action: android.intent.action.BATTERY_CHANGED
03-21 13:43:16.833  2487  2487 D EmergencyMsgController: powerPluggedIn: true level: 100 LowBatteryMode: false
03-21 13:43:16.833  2222  2805 D PowerUI : can't show warning due to - plugged: true status unknown: false
03-21 13:43:16.928  1806  3896 I ActivityManager: isUserAMonkey mUserIsMonkey = false
03-21 13:43:16.928  1806  3896 I ActivityTaskManager: isControllerAMonkey mController = null,mControllerIsAMonkey = false
03-21 13:43:16.952   529   529 E lowmemorykiller: /proc/lmk_optimize/whitelist_pids open: No such file or directory
03-21 13:43:16.952   529   529 D lowmemorykiller: [SmartLMK] The strategy of keeping processes specified to alive is disabled.
03-21 13:43:16.952   529   529 I lowmemorykiller: Kill 'com.android.chrome' (28260), uid 10113, oom_score_adj 985 to free 74420kB rss, 29672kB swap; reason: device is not responding
03-21 13:43:16.953   529   529 I lowmemorykiller: TranMemoryInfo: kill time slice: 45712
03-21 13:43:16.953   529   529 I lowmemorykiller: TranMemoryInfo: kill stat: [0,1,0,0,0,0,0,0,0,0],61,0,24
03-21 13:43:16.956   529   545 E lowmemorykiller: process_mrelease 28260 failed: No such process
03-21 13:43:16.965  2487  2487 E MtkPhoneIntfMgrEx: MainThreadHandler.handleMessage : 3
03-21 13:43:16.965  2487  2487 D MtkPhoneIntfMgrEx: EVENT_AT_URC_IND(0) AT(prefix): +ECSQ
03-21 13:43:16.965  2487  2921 D TLinkBrush_RAT: [handleMessage] : URC_OBSERVER
03-21 13:43:16.965  2487  2921 D TLinkBrush_RAT: AT RESPONSE
03-21 13:43:16.965  2487  2921 D TLinkBrush_RAT: Response str = +ECSQ: 17,40,-355,1,1,-46,-401,4096,21,3
03-21 13:43:16.965  2487  2921 D TLinkBrush_RAT: processUnsolOemMsg --- resp : +ECSQ: 17,40,-355,1,1,-46,-401,4096,21,3
03-21 13:43:16.966  2487  2487 D TranSignalStrengthComponentImpl: [LTE] dbm: -101
03-21 13:43:16.966  2487  2487 D TranSignalStrengthComponentImpl: [LTE] dbm: -101
03-21 13:43:16.967  1806  1806 I MWN     : onSignalStrengthsChanged...
03-21 13:43:16.968  2486  2562 D TRNS_PluginBase: EVENT_AT_COMMAND_URC: [0, +ECSQ: 17,40,-355,1,1,-46,-401,4096,21,3]
03-21 13:43:16.969 22631 22815 D TranSignalStrengthComponentImpl: [LTE] dbm: -101
03-21 13:43:16.969  1806  1868 D TranSignalStrengthComponentImpl: [LTE] dbm: -101
03-21 13:43:16.970  2487  2921 I TranTele/TranPhoneInterfaceManager: TTC - onSignalStrengthsChanged
03-21 13:43:16.971  1806  1806 I MWN     : network type = 1
03-21 13:43:16.971  1806  1806 I MWN     : Write 0 to node. type=Wi-Fi mSimExist=true mFlightMode=false
03-21 13:43:16.972  1806  1806 I MWN     : write the value:0 to node successfully.
03-21 13:43:16.973  2487  2912 I TranPhoneSwitcher: getNetworkType: WIFI
03-21 13:43:16.973  2487  2912 I TranPhoneSwitcher: mDefaultsign:-1subid :6
03-21 13:43:16.973  2487  2912 I TranPhoneSwitcher: getNetworkType: WIFI
03-21 13:43:16.973  2487  2912 I TranPhoneSwitcher: isNeedSwitch: The current network type is WIFI
03-21 13:43:16.974  2222  2222 D StatusBarIconController: ignoring old pipeline callbacks, because the new mobile icons are enabled
03-21 13:43:16.987  1806  3913 V ActivityManager: Death received in com.android.server.am.ActivityManagerService$AppDeathRecipient@81663ab for thread android.os.BinderProxy@528ba08
03-21 13:43:16.988  1806  3913 I ActivityManager: Process com.android.chrome (pid 28260) has died: cch+85 CEM
03-21 13:43:16.988  1806  3913 D CompetitionModeConfig: sys.apm.competition_mode_config is not support!
03-21 13:43:16.989  1806  3913 D os.ActivityManagerServiceLice: make process inactive com.android.chrome(28260)
03-21 13:43:16.989  1806  1863 I libprocessgroup: Successfully killed process cgroup uid 10113 pid 28260 in 0ms
03-21 13:43:16.990  1806  1834 D DisplayManagerService: Drop pending events for gone uid 10113
03-21 13:43:16.991  1056  1056 I Zygote  : Process 28260 exited due to signal 9 (Killed)
03-21 13:43:16.994  1806  3913 I mtkpower_client: [Legacy][PowerHal_Wrap_notifyAppState] com.android.chrome/com.android.chrome pid=28260 state:3
03-21 13:43:16.994  1075  1142 I libPowerHal: [perfNotifyAppState] pack:com.android.chrome, act:com.android.chrome, state:3, pid:28260, uid:10113, fps:-1
03-21 13:43:16.994  1075  1142 I libPowerHal: [perfNotifyAppState] pack:com.android.chrome, pid:28260, STATE_DEAD
03-21 13:43:16.995  1075  1142 D RilUtility: notify_rild_crash_pid_set certPid:-1, crash:28260, scn:0x0
03-21 13:43:17.327  3734  3734 I Hoffnung: Universal onReceive: Intent { act=android.intent.action.BATTERY_CHANGED flg=0x70000010 (has extras) }
03-21 13:43:17.328  3734  3734 I Hoffnung: LocalBroadcastManager onReceive Intent { act=android.intent.action.BATTERY_CHANGED flg=0x70000010 (has extras) }
03-21 13:43:17.329  1806  1861 D BroadcastQueue: Hiber/broadcast restricted queue.uid=10415
03-21 13:43:17.330  1806  1861 D BroadcastQueue: Hiber/broadcast restricted queue.uid=10415
03-21 13:43:17.330  1806  1861 D BroadcastQueue: Hiber/broadcast restricted queue.uid=10404
03-21 13:43:17.330  1806  1861 D BroadcastQueue: Hiber/broadcast restricted queue.uid=10404
03-21 13:43:17.422  1075  1125 I libPerfCtl: xgfGetFPS pid:2222 fps:-1
03-21 13:43:17.422  1075  1125 I AppThermalMode: [perfNotifyThermalState] hdl:0
03-21 13:43:17.422  1075  1125 I AppThermalMode: [findAppThermalIdx] Fail: appThermalModeEnable: 0,currentFPS: -1,fg->pid:26947
03-21 13:43:17.422  1075  1125 I AppThermalMode: [perfNotifyThermalState] appThermalIdx -1:
03-21 13:43:17.701   529   529 I lowmemorykiller: TranMemoryInfo: vmstat time slice: 1080
03-21 13:43:17.701   529   529 I lowmemorykiller: TranMemoryInfo: PSI stat: 13, 6.89, 2.91, 5.77, 2.28
03-21 13:43:17.701   529   529 I lowmemorykiller: TranMemoryInfo: vmstat: 2219, 0, 7772, 0, 575288
03-21 13:43:17.701   529   529 D lowmemorykiller: TranMemoryInfo: kswapd pgscan_kswapd 424893090 to 424904988, pgsteal_kswapd 213370188 to 213377960, stime 575256 to 575288
03-21 13:43:17.702   529   529 I lowmemorykiller: TranMemoryInfo: kswapd has been run.
03-21 13:43:17.702   529   529 I lowmemorykiller: TranMemoryInfo: kswapd reclaim amount : 7772 pages
03-21 13:43:17.702   529   529 I lowmemorykiller: TranMemoryInfo: kswapd reclaim efficiency : 97 KB/ms
03-21 13:43:18.422  1075  1125 I libPerfCtl: xgfGetFPS pid:2222 fps:-1
03-21 13:43:18.422  1075  1125 I AppThermalMode: [perfNotifyThermalState] hdl:0
03-21 13:43:18.422  1075  1125 I AppThermalMode: [findAppThermalIdx] Fail: appThermalModeEnable: 0,currentFPS: -1,fg->pid:26947
03-21 13:43:18.422  1075  1125 I AppThermalMode: [perfNotifyThermalState] appThermalIdx -1:
03-21 13:43:18.466  1806  2147 D TranLedLightImpl: TranLedLightImpl--ledwork:false
03-21 13:43:18.466  1806  2147 D TranLedLightImpl: isBatteryOnlyWorkfalse
03-21 13:43:18.466  1806  2147 D BatteryService: HealthInfoUpdate: HealthInfo:{.chargerAcOnline = false, .chargerUsbOnline = true, .chargerWirelessOnline = false, .maxChargingCurrent = 500000, .maxChargingVoltage = 5000000, .batteryStatus = 2, .batteryHealth = 2, .batteryPresent = true, .batteryLevel = 100, .batteryVoltage = 4387, .batteryTemperature = 309, .batteryCurrent = 257400, .batteryCycleCount = 1, .batteryFullCharge = 5000000, .batteryChargeCounter=5000000, .batteryTechnology = Li-ion, .batteryCapacityLevel = 5}
03-21 13:43:18.471  9857  9857 D BatteryLabService: current level == 100, temperature == 309
03-21 13:43:18.471  9857  9857 D BatteryLabService: system is charging
03-21 13:43:18.475  2487  2922 I TranTele/TranPhoneInterfaceManager: [onReceive] action: android.intent.action.BATTERY_CHANGED
03-21 13:43:18.475  2222  3457 D PowerUI : can't show warning due to - plugged: true status unknown: false
03-21 13:43:18.476  2487  2487 D EmergencyMsgController: powerPluggedIn: true level: 100 LowBatteryMode: false
03-21 13:43:18.502  1096  1510 D SurfaceFlinger: calculateTimeoutTime, triggerInterval = 1 sec + 199999461 nsec
03-21 13:43:18.504  1096  1096 I BufferQueueProducer: [StatusBar#72](this:0xeec51cd8,id:-1,api:0,p:-1,c:1096) queueBuffer: fps=0.78 dur=2551.72 max=1646.04 min=905.68
03-21 13:43:18.507  1066  1176 I hwcomposer: [HWCDisplay] [Display_0 (type:1)] fps:0.783758,dur:2551.81,max:1646.99,min:904.82
03-21 13:43:18.712   529   529 I lowmemorykiller: TranMemoryInfo: vmstat time slice: 1008
03-21 13:43:18.712   529   529 I lowmemorykiller: TranMemoryInfo: PSI stat: 11, 6.89, 2.91, 5.77, 2.28
03-21 13:43:18.713   529   529 I lowmemorykiller: TranMemoryInfo: vmstat: 116, 0, 0, 0, 575288
03-21 13:43:18.969  3734  3734 I Hoffnung: Universal onReceive: Intent { act=android.intent.action.BATTERY_CHANGED flg=0x70000010 (has extras) }
03-21 13:43:18.971  3734  3734 I Hoffnung: LocalBroadcastManager onReceive Intent { act=android.intent.action.BATTERY_CHANGED flg=0x70000010 (has extras) }
03-21 13:43:18.975  1806  1861 D BroadcastQueue: Hiber/broadcast restricted queue.uid=10415
03-21 13:43:18.976  1806  1861 D BroadcastQueue: Hiber/broadcast restricted queue.uid=10415
03-21 13:43:18.977  1806  1861 D BroadcastQueue: Hiber/broadcast restricted queue.uid=10404
03-21 13:43:18.977  1806  1861 D BroadcastQueue: Hiber/broadcast restricted queue.uid=10404
03-21 13:43:19.267  1806  3913 D CompetitionModeConfig: sys.apm.competition_mode_config is not support!
03-21 13:43:19.274 17838 17838 D BoundBrokerSvc: onRebind: Intent { act=com.google.android.gms.libs.gmscorelogger.service.START dat=chimera-action:/... cmp=com.google.android.gms/.chimera.PersistentDirectBootAwareApiService }
03-21 13:43:19.298  2487  2487 E MtkPhoneIntfMgrEx: MainThreadHandler.handleMessage : 3
03-21 13:43:19.298  2487  2487 D MtkPhoneIntfMgrEx: EVENT_AT_URC_IND(1) AT(prefix): +ECSQ
03-21 13:43:19.299  2487  2487 D TranSignalStrengthComponentImpl: [LTE] dbm: -100
03-21 13:43:19.299  2486  2562 D TRNS_PluginBase: EVENT_AT_COMMAND_URC: [1, +ECSQ: 17,42,-351,1,1,-45,-396,4096,25,3]
03-21 13:43:19.300  2487  2487 D TranSignalStrengthComponentImpl: [LTE] dbm: -99
03-21 13:43:19.300  2487  2487 D TranSignalStrengthComponentImpl: [LTE] dbm: -99
03-21 13:43:19.304  1806  1868 D TranSignalStrengthComponentImpl: [LTE] dbm: -99
03-21 13:43:19.304  2487  2921 I TranTele/TranPhoneInterfaceManager: TTC - onSignalStrengthsChanged
03-21 13:43:19.307  2487  2912 I TranPhoneSwitcher: getNetworkType: WIFI
03-21 13:43:19.307  2487  2912 I TranPhoneSwitcher: mOthersign:-1subid :1
03-21 13:43:19.308  2222  2222 D StatusBarIconController: ignoring old pipeline callbacks, because the new mobile icons are enabled
03-21 13:43:19.422  1075  1125 I libPerfCtl: xgfGetFPS pid:2222 fps:-1
03-21 13:43:19.422  1075  1125 I AppThermalMode: [perfNotifyThermalState] hdl:0
03-21 13:43:19.422  1075  1125 I AppThermalMode: [findAppThermalIdx] Fail: appThermalModeEnable: 0,currentFPS: -1,fg->pid:26947
