03-21 13:42:04.358  1806  1836 I DisplayDeviceRepository: Display device changed: DisplayDeviceInfo{"Built-in Screen": uniqueId="local:0", 720 x 1600, modeId 2, renderFrameRate 90.0, defaultModeId 1, supportedModes [{id=1, width=720, height=1600, fps=120.00001, alternativeRefreshRates=[60.0, 90.0], supportedHdrTypes=[]}, {id=2, width=720, height=1600, fps=90.0, alternativeRefreshRates=[60.0, 120.00001], supportedHdrTypes=[]}, {id=3, width=720, height=1600, fps=60.0, alternativeRefreshRates=[90.0, 120.00001], supportedHdrTypes=[]}], colorMode 0, supportedColorModes [0], hdrCapabilities HdrCapabilities{mSupportedHdrTypes=[], mMaxLuminance=500.0, mMaxAverageLuminance=500.0, mMinLuminance=0.0}, allmSupported false, gameContentTypeSupported false, density 320, 262.939 x 262.939 dpi, appVsyncOff 1033333, presDeadline 14100000, cutout DisplayCutout{insets=Rect(0, 80 - 0, 0) waterfall=Insets{left=0, top=0, right=0, bottom=0} boundingRect={Bounds=[Rect(0, 0 - 0, 0), Rect(312, 0 - 408, 80), Rect(0, 0 - 0, 0), Rect(0, 0 - 0, 0)]} cutoutPathParserInfo={CutoutPathParserInfo{displayWidth=720 displayHeight=1600 physicalDisplayWidth=720 physicalDisplayHeight=1600 density={2.0} cutoutSpec={M -24,0 L -24,40 L 24,40 L 24,0 Z @dp} rotation={0} scale={1.0} physicalPixelDisplaySizeRatio={1.0}}}}, touch INTERNAL, rotation 0, type INTERNAL, address {port=0}, deviceProductInfo null, state ON, committedState ON, frameRateOverride {uid=10148 frameRateHz=90.0} , brightnessMinimum 0.0, brightnessMaximum 1.0, brightnessDefault 0.4, hdrSdrRatio NaN, roundedCorners RoundedCorners{[RoundedCorner{position=TopLeft, radius=34, center=Point(34, 34)}, RoundedCorner{position=TopRight, radius=34, center=Point(686, 34)}, RoundedCorner{position=BottomRight, radius=34, center=Point(686, 1566)}, RoundedCorner{position=BottomLeft, radius=34, center=Point(34, 1566)}]}, FLAG_ALLOWED_TO_BE_DEFAULT_DISPLAY, FLAG_ROTATES_WITH_CONTENT, FLAG_SECURE, FLAG_SUPPORTS_PROTECTED_BUFFERS, FLAG_TRUSTED, installOrientation 0, displayShape DisplayShape{ spec=2134893525 displayWidth=720 displayHeight=1600 physicalPixelDisplaySizeRatio=1.0 rotation=0 offsetX=0 offsetY=0 scale=1.0}}
03-21 13:42:04.362  1806  1836 D Griffin/DeviceState: virtualDisplayPackageName :{}
03-21 13:42:04.363  1806  1846 D Magellan: fallbackReportThrottlingIfNeeded return.
03-21 13:42:04.367  1806  1836 D DisplayManagerService: Ignore redundant display event 0/2 to 10118/28007
03-21 13:42:04.801  1806  3923 I WindowManager:   isAnimating=false  okToAnimate=true  win=Window{eba700e u0 NotificationShade}
03-21 13:42:04.812  1806  1836 I DisplayDeviceRepository: Display device changed: DisplayDeviceInfo{"Built-in Screen": uniqueId="local:0", 720 x 1600, modeId 2, renderFrameRate 90.0, defaultModeId 1, supportedModes [{id=1, width=720, height=1600, fps=120.00001, alternativeRefreshRates=[60.0, 90.0], supportedHdrTypes=[]}, {id=2, width=720, height=1600, fps=90.0, alternativeRefreshRates=[60.0, 120.00001], supportedHdrTypes=[]}, {id=3, width=720, height=1600, fps=60.0, alternativeRefreshRates=[90.0, 120.00001], supportedHdrTypes=[]}], colorMode 0, supportedColorModes [0], hdrCapabilities HdrCapabilities{mSupportedHdrTypes=[], mMaxLuminance=500.0, mMaxAverageLuminance=500.0, mMinLuminance=0.0}, allmSupported false, gameContentTypeSupported false, density 320, 262.939 x 262.939 dpi, appVsyncOff 1033333, presDeadline 14100000, cutout DisplayCutout{insets=Rect(0, 80 - 0, 0) waterfall=Insets{left=0, top=0, right=0, bottom=0} boundingRect={Bounds=[Rect(0, 0 - 0, 0), Rect(312, 0 - 408, 80), Rect(0, 0 - 0, 0), Rect(0, 0 - 0, 0)]} cutoutPathParserInfo={CutoutPathParserInfo{displayWidth=720 displayHeight=1600 physicalDisplayWidth=720 physicalDisplayHeight=1600 density={2.0} cutoutSpec={M -24,0 L -24,40 L 24,40 L 24,0 Z @dp} rotation={0} scale={1.0} physicalPixelDisplaySizeRatio={1.0}}}}, touch INTERNAL, rotation 0, type INTERNAL, address {port=0}, deviceProductInfo null, state ON, committedState ON, frameRateOverride , brightnessMinimum 0.0, brightnessMaximum 1.0, brightnessDefault 0.4, hdrSdrRatio NaN, roundedCorners RoundedCorners{[RoundedCorner{position=TopLeft, radius=34, center=Point(34, 34)}, RoundedCorner{position=TopRight, radius=34, center=Point(686, 34)}, RoundedCorner{position=BottomRight, radius=34, center=Point(686, 1566)}, RoundedCorner{position=BottomLeft, radius=34, center=Point(34, 1566)}]}, FLAG_ALLOWED_TO_BE_DEFAULT_DISPLAY, FLAG_ROTATES_WITH_CONTENT, FLAG_SECURE, FLAG_SUPPORTS_PROTECTED_BUFFERS, FLAG_TRUSTED, installOrientation 0, displayShape DisplayShape{ spec=2134893525 displayWidth=720 displayHeight=1600 physicalPixelDisplaySizeRatio=1.0 rotation=0 offsetX=0 offsetY=0 scale=1.0}}
03-21 13:42:04.815  1806  1836 D Griffin/DeviceState: virtualDisplayPackageName :{}
03-21 13:42:05.016  2222  2434 E ActivityThread: Failed to find provider info for com.transsion.kolun.oxygenbus2.serviceBinder
03-21 13:42:05.030  3828  4494 E ActivityThread: Failed to find provider info for com.transsion.kolun.oxygenbus2.serviceBinder
03-21 13:42:05.287  1806  1806 I MWN     : onSignalStrengthsChanged...
03-21 13:42:05.288  1806  1806 I MWN     : network type = 1
03-21 13:42:05.288  1806  1806 I MWN     : Write 0 to node. type=Wi-Fi mSimExist=true mFlightMode=false
03-21 13:42:05.290  1806  1806 I MWN     : write the value:0 to node successfully.
03-21 13:42:05.515  3734  4143 E ActivityThread: Failed to find provider info for com.transsion.kolun.oxygenbus2.serviceBinder
03-21 13:42:06.713  1806  2471 D Hiber/appStateMachine: uid:10404 enter FrozenState
03-21 13:42:06.715  1806  2471 D Hiber/cgroup: runningPids : [27523] for uid=10404 pkgName=com.facebook.katana type=third
03-21 13:42:06.716  1806  2471 D Hiber/cgroup: writeDevFile pid: 27523
03-21 13:42:06.717  1806  2471 I Hiber/sceneManager: freeze uid: 10404 com.facebook.katana pids:[27523] costTime=3ms
03-21 13:42:06.717  1806  2471 D Hiber/restrictionPolicy: uid:10404  pkgName:com.facebook.katana isAllowedNet
03-21 13:42:06.717  1806  2474 I Hiber/nativeService: watch app network uid=10404, persistent=0
03-21 13:42:06.718  1806  2472 D Hiber/hiberManager: msg for start proxy frozen state
03-21 13:42:06.718  1806  2472 D Hiber/hiberManager: try idle uid[10404] by hiber ,bgTime>0 ? true,isIdled before ? true ,isCurAllowListed ? false ,isProcStateBackground?true
03-21 13:42:06.718  1806  2472 D Hiber/hiberManager: try idle uid[10404] by hiber
03-21 13:42:06.718  1806  2472 D Hiber/proxyManager: p_service: 10404
03-21 13:42:06.718  1806  2472 D Hiber/proxyManager: p_job: 10404 pkgName=com.facebook.katana
03-21 13:42:06.718  1806  2472 D Hiber/proxyManager: pj_job: 10404 pkgName=com.facebook.katana which=2
03-21 13:42:06.727  1806  2472 D Hiber/JobExtImpl: proxyJobs leave, uid=10404, pkg=com.facebook.katana which=2
03-21 13:42:06.728  1806  2472 D Hiber/hiberManager: proxy alarm (uid=10404, pkgName=com.facebook.katana)
03-21 13:42:06.728  1806  2472 D Hiber/proxyManager: p_alarm: uid=10404, pkgName=com.facebook.katana
03-21 13:42:06.728  1806  2472 D Hiber/alarmManagerServiceExtImpl: proxyAlarms, alarm=Alarm{c70014a uId =10404 creatorUid =10404 packageName =com.facebook.katana sourcePackage =com.facebook.katana operation =PendingIntent{c841130: PendingIntentRecord{8c17718 com.facebook.katana broadcastIntent}} type 1 origWhen 1779156243772 whenElapsed 5232743891 com.facebook.katana}
03-21 13:42:06.728  1806  2472 D Hiber/alarmManagerServiceExtImpl: proxyAlarms leave, uid=10404, packageName=com.facebook.katana
03-21 13:42:07.021  2222  2786 E ActivityThread: Failed to find provider info for com.transsion.kolun.oxygenbus2.serviceBinder
03-21 13:42:07.032  3828  4997 E ActivityThread: Failed to find provider info for com.transsion.kolun.oxygenbus2.serviceBinder
03-21 13:42:07.520  3734  4266 E ActivityThread: Failed to find provider info for com.transsion.kolun.oxygenbus2.serviceBinder
03-21 13:42:07.719  1806  2474 I Hiber/nativeService: check binder uid=10404
03-21 13:42:08.063  1806  1836 I DisplayDeviceRepository: Display device changed: DisplayDeviceInfo{"Built-in Screen": uniqueId="local:0", 720 x 1600, modeId 3, renderFrameRate 60.000004, defaultModeId 1, supportedModes [{id=1, width=720, height=1600, fps=120.00001, alternativeRefreshRates=[60.0, 90.0], supportedHdrTypes=[]}, {id=2, width=720, height=1600, fps=90.0, alternativeRefreshRates=[60.0, 120.00001], supportedHdrTypes=[]}, {id=3, width=720, height=1600, fps=60.0, alternativeRefreshRates=[90.0, 120.00001], supportedHdrTypes=[]}], colorMode 0, supportedColorModes [0], hdrCapabilities HdrCapabilities{mSupportedHdrTypes=[], mMaxLuminance=500.0, mMaxAverageLuminance=500.0, mMinLuminance=0.0}, allmSupported false, gameContentTypeSupported false, density 320, 262.939 x 262.939 dpi, appVsyncOff 1133334, presDeadline 16600000, cutout DisplayCutout{insets=Rect(0, 80 - 0, 0) waterfall=Insets{left=0, top=0, right=0, bottom=0} boundingRect={Bounds=[Rect(0, 0 - 0, 0), Rect(312, 0 - 408, 80), Rect(0, 0 - 0, 0), Rect(0, 0 - 0, 0)]} cutoutPathParserInfo={CutoutPathParserInfo{displayWidth=720 displayHeight=1600 physicalDisplayWidth=720 physicalDisplayHeight=1600 density={2.0} cutoutSpec={M -24,0 L -24,40 L 24,40 L 24,0 Z @dp} rotation={0} scale={1.0} physicalPixelDisplaySizeRatio={1.0}}}}, touch INTERNAL, rotation 0, type INTERNAL, address {port=0}, deviceProductInfo null, state ON, committedState ON, frameRateOverride , brightnessMinimum 0.0, brightnessMaximum 1.0, brightnessDefault 0.4, hdrSdrRatio NaN, roundedCorners RoundedCorners{[RoundedCorner{position=TopLeft, radius=34, center=Point(34, 34)}, RoundedCorner{position=TopRight, radius=34, center=Point(686, 34)}, RoundedCorner{position=BottomRight, radius=34, center=Point(686, 1566)}, RoundedCorner{position=BottomLeft, radius=34, center=Point(34, 1566)}]}, FLAG_ALLOWED_TO_BE_DEFAULT_DISPLAY, FLAG_ROTATES_WITH_CONTENT, FLAG_SECURE, FLAG_SUPPORTS_PROTECTED_BUFFERS, FLAG_TRUSTED, installOrientation 0, displayShape DisplayShape{ spec=2134893525 displayWidth=720 displayHeight=1600 physicalPixelDisplaySizeRatio=1.0 rotation=0 offsetX=0 offsetY=0 scale=1.0}}
03-21 13:42:08.067  1806  1836 D Griffin/DeviceState: virtualDisplayPackageName :{}
03-21 13:42:08.068  1806  1846 D Magellan: fallbackReportThrottlingIfNeeded return.
03-21 13:42:08.073  1806  1836 D DisplayManagerService: Ignore redundant display event 0/2 to 10118/28007
03-21 13:42:08.575  1806  2147 D BatteryService: HealthInfoUpdate: HealthInfo:{.chargerAcOnline = false, .chargerUsbOnline = true, .chargerWirelessOnline = false, .maxChargingCurrent = 500000, .maxChargingVoltage = 5000000, .batteryStatus = 2, .batteryHealth = 2, .batteryPresent = true, .batteryLevel = 100, .batteryVoltage = 4393, .batteryTemperature = 310, .batteryCurrent = 263200, .batteryCycleCount = 1, .batteryFullCharge = 5000000, .batteryChargeCounter=5000000, .batteryTechnology = Li-ion, .batteryCapacityLevel = 5}
03-21 13:42:08.584  2222  3159 D PowerUI : can't show warning due to - plugged: true status unknown: false
03-21 13:42:09.027  2222  2999 E ActivityThread: Failed to find provider info for com.transsion.kolun.oxygenbus2.serviceBinder
03-21 13:42:09.037  3828  4368 E ActivityThread: Failed to find provider info for com.transsion.kolun.oxygenbus2.serviceBinder
03-21 13:42:09.081  1806  1861 D BroadcastQueue: Hiber/broadcast restricted queue.uid=10415
03-21 13:42:09.082  1806  1861 D BroadcastQueue: Hiber/broadcast restricted queue.uid=10415
03-21 13:42:09.083  1806  1861 D BroadcastQueue: Hiber/broadcast restricted queue.uid=10404
03-21 13:42:09.083  1806  1861 D BroadcastQueue: Hiber/broadcast restricted queue.uid=10404
03-21 13:42:09.526  3734  4576 E ActivityThread: Failed to find provider info for com.transsion.kolun.oxygenbus2.serviceBinder
03-21 13:42:10.049   594 27969 I keystore2: system/security/keystore2/src/watchdog.rs:319 - Watchdog thread idle -> terminating. Have a great day.
03-21 13:42:10.409  1806  1806 I MWN     : onSignalStrengthsChanged...
03-21 13:42:10.411  1806  1806 I MWN     : network type = 1
03-21 13:42:10.411  1806  1806 I MWN     : Write 0 to node. type=Wi-Fi mSimExist=true mFlightMode=false
03-21 13:42:10.413  1806  1806 I MWN     : write the value:0 to node successfully.
03-21 13:42:15.531  1806  1806 I MWN     : onSignalStrengthsChanged...
03-21 13:42:15.534  1806  1806 I MWN     : network type = 1
03-21 13:42:15.534  1806  1806 I MWN     : Write 0 to node. type=Wi-Fi mSimExist=true mFlightMode=false
03-21 13:42:15.536  1806  1806 I MWN     : write the value:0 to node successfully.
03-21 13:42:15.706  1806  2041 D CompatibilityChangeReporter: Compat change id reported: 161145287; UID 1000; state: ENABLED
03-21 13:42:15.708  1806  2041 D CompatibilityChangeReporter: Compat change id reported: 161145287; UID 1000; state: DISABLED
03-21 13:42:15.713  1806  2041 W ActivityManager: Receiver with filter android.content.IntentFilter@c3c1d3f already registered for pid 1806, callerPackage is android
03-21 13:42:15.714  1806  2041 W ActivityManager: Receiver with filter android.content.IntentFilter@43bd60c already registered for pid 1806, callerPackage is android
03-21 13:42:18.472  1806  2147 D BatteryService: HealthInfoUpdate: HealthInfo:{.chargerAcOnline = false, .chargerUsbOnline = true, .chargerWirelessOnline = false, .maxChargingCurrent = 500000, .maxChargingVoltage = 5000000, .batteryStatus = 2, .batteryHealth = 2, .batteryPresent = true, .batteryLevel = 100, .batteryVoltage = 4396, .batteryTemperature = 309, .batteryCurrent = 306300, .batteryCycleCount = 1, .batteryFullCharge = 5000000, .batteryChargeCounter=5000000, .batteryTechnology = Li-ion, .batteryCapacityLevel = 5}
03-21 13:42:18.482  2222  2805 D PowerUI : can't show warning due to - plugged: true status unknown: false
03-21 13:42:18.980  1806  1861 D BroadcastQueue: Hiber/broadcast restricted queue.uid=10415
03-21 13:42:18.981  1806  1861 D BroadcastQueue: Hiber/broadcast restricted queue.uid=10415
03-21 13:42:18.982  1806  1861 D BroadcastQueue: Hiber/broadcast restricted queue.uid=10404
03-21 13:42:18.983  1806  1861 D BroadcastQueue: Hiber/broadcast restricted queue.uid=10404
03-21 13:42:20.653  1806  1806 I MWN     : onSignalStrengthsChanged...
03-21 13:42:20.656  1806  1806 I MWN     : network type = 1
03-21 13:42:20.656  1806  1806 I MWN     : Write 0 to node. type=Wi-Fi mSimExist=true mFlightMode=false
03-21 13:42:20.658  1806  1806 I MWN     : write the value:0 to node successfully.
03-21 13:42:22.212  1806  2147 D BatteryService: HealthInfoUpdate: HealthInfo:{.chargerAcOnline = false, .chargerUsbOnline = true, .chargerWirelessOnline = false, .maxChargingCurrent = 500000, .maxChargingVoltage = 5000000, .batteryStatus = 2, .batteryHealth = 2, .batteryPresent = true, .batteryLevel = 100, .batteryVoltage = 4386, .batteryTemperature = 310, .batteryCurrent = 206700, .batteryCycleCount = 1, .batteryFullCharge = 5000000, .batteryChargeCounter=5000000, .batteryTechnology = Li-ion, .batteryCapacityLevel = 5}
03-21 13:42:22.222  2222  3457 D PowerUI : can't show warning due to - plugged: true status unknown: false
03-21 13:42:22.721  1806  1861 D BroadcastQueue: Hiber/broadcast restricted queue.uid=10415
03-21 13:42:22.721  1806  1861 D BroadcastQueue: Hiber/broadcast restricted queue.uid=10415
03-21 13:42:22.722  1806  1861 D BroadcastQueue: Hiber/broadcast restricted queue.uid=10404
03-21 13:42:22.723  1806  1861 D BroadcastQueue: Hiber/broadcast restricted queue.uid=10404
03-21 13:42:24.513  1806  2473 D Hiber/cgroup: writeDevFile pid: 27523
03-21 13:42:24.514  1806  2473 I Hiber/sceneManager: unfreeze uid: 10404 com.facebook.katana pids:[27523]  reason:packet   cpninfo:PKG/-1 costTime=2ms
03-21 13:42:24.514  1806  2471 D Hiber/appStateMachine: uid=10404, pkg=com.facebook.katana, transition from Frozen to Running, reason=packet
03-21 13:42:24.515  1806  2471 D Hiber/appStateMachine: uid:10404 exit FrozenState
03-21 13:42:24.515  1806  2472 D Hiber/proxyManager: up_service: 10404
03-21 13:42:24.515  1806  2472 D Hiber/proxyManager: up_job: 10404
03-21 13:42:24.515  1806  2472 D Hiber/proxyManager: un_job: 10404
03-21 13:42:24.515  1806  3155 D Hiber/proxyWakeLock: remove uid: 10404 wiht all pids from wakelockUidInfo list
03-21 13:42:24.515  1806  2472 D Hiber/JobExtImpl: un_job=JobStatus{d8e7202 #u0a404/2131366147 com.facebook.katana/com.facebook.analytics2.logger.legacy.uploader.LollipopUploadService u=0 s=10404 TIME=+4m33s312ms:+4m33s312ms NET satisfied:0x1b400000 unsatisfied:0x80000000}for uid=10404
03-21 13:42:24.516  1806  2472 D Hiber/JobExtImpl: un_job=JobStatus{b5302a7 #u0a404/2131366157 com.facebook.katana/com.facebook.push.registration.PushNegativeFeedbackLollipopService u=0 s=10404 TIME=+2h59m34s780ms:none NET satisfied:0x1b400000 unsatisfied:0x80000000}for uid=10404
03-21 13:42:24.516  1806  2472 D Hiber/JobExtImpl: un_job=JobStatus{56018b6 #u0a404/2131366151 com.facebook.katana/com.facebook.conditionalworker.LollipopConditionalWorkerService u=0 s=10404 TIME=+2h40m29s343ms:none NET satisfied:0x1b400000 unsatisfied:0x80000000}for uid=10404
03-21 13:42:24.516  1806  2472 D Hiber/JobExtImpl: unProxyJobs leave, uid=10404 discard=false
03-21 13:42:24.517  1806  2472 D Hiber/alarmManagerServiceExtImpl: unproxyAlarms, alarm=Alarm{c70014a uId =10404 creatorUid =10404 packageName =com.facebook.katana sourcePackage =com.facebook.katana operation =PendingIntent{c841130: PendingIntentRecord{8c17718 com.facebook.katana broadcastIntent}} type 1 origWhen 1779156243772 whenElapsed 5232743891 com.facebook.katana}
03-21 13:42:24.517  1806  2472 D Hiber/alarmManagerServiceExtImpl: unproxyAlarms leave, uid=10404, packageName=null
03-21 13:42:24.518  1806  2133 D CompatibilityChangeReporter: Compat change id reported: 171306433; UID 10404; state: ENABLED
03-21 13:42:24.520  1806  2133 D CompatibilityChangeReporter: Compat change id reported: 218533173; UID 10404; state: ENABLED
03-21 13:42:24.520  1806  2133 V AlarmManager: set(PendingIntent{ac86bc2: PendingIntentRecord{2372dd3 com.facebook.katana broadcastIntent}}) : type=2 triggerAtTime=156644637 win=0 tElapsed=156644637 maxElapsed=156644637 interval=0 flags=0x1
03-21 13:42:25.772  1806  1806 I MWN     : onSignalStrengthsChanged...
03-21 13:42:25.775  1806  1806 I MWN     : network type = 1
03-21 13:42:25.775  1806  1806 I MWN     : Write 0 to node. type=Wi-Fi mSimExist=true mFlightMode=false
03-21 13:42:25.778  1806  1806 I MWN     : write the value:0 to node successfully.
03-21 13:42:29.523  1806  2471 D Hiber/appStateMachine: uid:10404 enter FrozenState
03-21 13:42:29.526  1806  2471 D Hiber/cgroup: runningPids : [27523] for uid=10404 pkgName=com.facebook.katana type=third
03-21 13:42:29.526  1806  2471 D Hiber/cgroup: writeDevFile pid: 27523
03-21 13:42:29.528  1806  2471 I Hiber/sceneManager: freeze uid: 10404 com.facebook.katana pids:[27523] costTime=4ms
03-21 13:42:29.528  1806  2471 D Hiber/restrictionPolicy: uid:10404  pkgName:com.facebook.katana isAllowedNet
03-21 13:42:29.530  1806  2474 I Hiber/nativeService: watch app network uid=10404, persistent=0
03-21 13:42:29.530  1806  2472 D Hiber/hiberManager: msg for start proxy frozen state
03-21 13:42:29.530  1806  2472 D Hiber/hiberManager: try idle uid[10404] by hiber ,bgTime>0 ? true,isIdled before ? true ,isCurAllowListed ? false ,isProcStateBackground?true
03-21 13:42:29.530  1806  2472 D Hiber/hiberManager: try idle uid[10404] by hiber
03-21 13:42:29.530  1806  2472 D Hiber/proxyManager: p_service: 10404
03-21 13:42:29.530  1806  2472 D Hiber/proxyManager: p_job: 10404 pkgName=com.facebook.katana
03-21 13:42:29.531  1806  2472 D Hiber/proxyManager: pj_job: 10404 pkgName=com.facebook.katana which=2
03-21 13:42:29.535  1806  2472 V AlarmManager: set(null) : type=3 triggerAtTime=156363006 win=10014 tElapsed=156363006 maxElapsed=156373020 interval=0 flags=0x0
03-21 13:42:29.536  1806  2472 V AlarmManager: set(null) : type=2 triggerAtTime=156394413 win=33568 tElapsed=156394413 maxElapsed=156427981 interval=0 flags=0x0
03-21 13:42:29.544  1806  2472 D Hiber/JobExtImpl: proxyJobs leave, uid=10404, pkg=com.facebook.katana which=2
03-21 13:42:29.545  1806  2472 D Hiber/hiberManager: proxy alarm (uid=10404, pkgName=com.facebook.katana)
03-21 13:42:29.545  1806  2472 D Hiber/proxyManager: p_alarm: uid=10404, pkgName=com.facebook.katana
03-21 13:42:29.545  1806  2472 D Hiber/alarmManagerServiceExtImpl: proxyAlarms, alarm=Alarm{c66da3c uId =10404 creatorUid =10404 packageName =com.facebook.katana sourcePackage =com.facebook.katana operation =PendingIntent{ac86bc2: PendingIntentRecord{2372dd3 com.facebook.katana broadcastIntent}} type 2 origWhen 156644637 whenElapsed 156644637 com.facebook.katana}
03-21 13:42:29.545  1806  2472 D Hiber/alarmManagerServiceExtImpl: proxyAlarms, alarm=Alarm{c70014a uId =10404 creatorUid =10404 packageName =com.facebook.katana sourcePackage =com.facebook.katana operation =PendingIntent{c841130: PendingIntentRecord{8c17718 com.facebook.katana broadcastIntent}} type 1 origWhen 1779156243772 whenElapsed 5232743891 com.facebook.katana}
03-21 13:42:29.546  1806  2472 D Hiber/alarmManagerServiceExtImpl: proxyAlarms leave, uid=10404, packageName=com.facebook.katana
03-21 13:42:29.549  1806  1934 D CompetitionModeConfig: sys.apm.competition_mode_config is not support!
03-21 13:42:29.552  1806  1934 D CompetitionModeConfig: sys.apm.competition_mode_config is not support!
03-21 13:42:29.552  1806  1934 V ActivityManager: startProcess: name=com.google.android.partnersetup app=null knownToBeDead=true thread=null pid=-1
03-21 13:42:29.555  1806  1934 D CompatibilityChangeReporter: Compat change id reported: 135634846; UID 10089; state: DISABLED
03-21 13:42:29.556  1806  1934 D CompatibilityChangeReporter: Compat change id reported: 177438394; UID 10089; state: DISABLED
03-21 13:42:29.556  1806  1934 D CompatibilityChangeReporter: Compat change id reported: 135772972; UID 10089; state: DISABLED
03-21 13:42:29.557  1806  1934 D CompatibilityChangeReporter: Compat change id reported: 135754954; UID 10089; state: ENABLED
03-21 13:42:29.559  1806  1862 D CompatibilityChangeReporter: Compat change id reported: 143937733; UID 10089; state: ENABLED
03-21 13:42:29.577  1806  1862 I ActivityManager: Start proc 28220:com.google.android.partnersetup/u0a89 for service {com.google.android.partnersetup/com.google.android.partnersetup.InstalledAppJobService}
03-21 13:42:29.639  1806  2133 V ActivityManager: New death recipient com.android.server.am.ActivityManagerService$AppDeathRecipient@a94cd79 for thread android.os.BinderProxy@c8c8abe
03-21 13:42:29.641  1806  2133 D CompatibilityChangeReporter: Compat change id reported: 168419799; UID 10089; state: DISABLED
03-21 13:42:29.641  1806  2133 D CompatibilityChangeReporter: Compat change id reported: 273564678; UID 10089; state: DISABLED
03-21 13:42:29.642  1806  2133 D os.ActivityManagerServiceLice: make process active com.google.android.partnersetup(28220)
03-21 13:42:29.647  1806  1934 D CompatibilityChangeReporter: Compat change id reported: 265195908; UID 10089; state: ENABLED
03-21 13:42:29.650 28220 28220 D TranClassInfo: instance successfully. com.transsion.hubcore.graphics.TranGraphicImpl@81b4ebb from com.transsion.hubcore.graphics.ITranGraphic
03-21 13:42:29.653  1806  2133 D CompatibilityChangeReporter: Compat change id reported: 170503758; UID 10089; state: ENABLED
03-21 13:42:29.725  1806  2133 D CompatibilityChangeReporter: Compat change id reported: 253665015; UID 10089; state: ENABLED
03-21 13:42:29.726  1806  2133 D CompatibilityChangeReporter: Compat change id reported: 194532703; UID 10089; state: ENABLED
03-21 13:42:29.726  1806  2133 V AlarmManager: set(null) : type=2 triggerAtTime=156349945 win=0 tElapsed=156349945 maxElapsed=156349945 interval=0 flags=0x0
03-21 13:42:29.727  1806  2133 V AlarmManager: set(null) : type=3 triggerAtTime=156349945 win=0 tElapsed=156349945 maxElapsed=156349945 interval=0 flags=0x0
03-21 13:42:29.728  1806  2133 I ActivityManager: Flag disabled. Ignoring finishAttachApplication from uid: 10089. pid: 28220
03-21 13:42:29.818  1806  2613 W JobScheduler: Job didn't exist in JobStore: 8cd1a03 #u0a89/4096 com.google.android.partnersetup/.InstalledAppJobService
03-21 13:42:29.826  1806  1954 V AlarmManager: Checking for alarms... rtc=1774079849826, elapsed=156349945
03-21 13:42:29.826  1806  1954 V AlarmManager: Triggering alarm #0: Alarm{1c028a5 uId =1000 creatorUid =1000 packageName =android sourcePackage =android operation =null type 3 origWhen 156344619 whenElapsed 156344619 android}
03-21 13:42:29.826  1806  1954 V AlarmManager: Triggering alarm #1: Alarm{fd1c47a uId =1000 creatorUid =1000 packageName =android sourcePackage =android operation =null type 3 origWhen 156349945 whenElapsed 156349945 android}
03-21 13:42:29.826  1806  1954 V AlarmManager: Triggering alarm #2: Alarm{dc9c8ed uId =1000 creatorUid =1000 packageName =android sourcePackage =android operation =null type 2 origWhen 156349945 whenElapsed 156349945 android}
03-21 13:42:29.827  1806  1954 V AlarmManager: Triggering alarm #3: Alarm{68a042b uId =10104 creatorUid =10104 packageName =com.google.android.gms sourcePackage =com.google.android.gms operation =PendingIntent{527eb75: PendingIntentRecord{38b04a8 com.google.android.gms/com.google.android.gms.scheduler broadcastIntent}} type 3 origWhen 156327873 whenElapsed 156327873 com.google.android.gms}
03-21 13:42:29.827  1806  1954 V AlarmManager: Triggering alarm #4: Alarm{a4b1088 uId =10406 creatorUid =10406 packageName =com.instagram.android sourcePackage =com.instagram.android operation =PendingIntent{9a30025: PendingIntentRecord{e1804fb com.instagram.android broadcastIntent}} type 1 origWhen 1774079849206 whenElapsed 156349324 com.instagram.android}
03-21 13:42:29.827  1806  1954 V AlarmManager: sending alarm Alarm{1c028a5 uId =1000 creatorUid =1000 packageName =android sourcePackage =android operation =null type 3 origWhen 156344619 whenElapsed 156344619 android}
03-21 13:42:29.827  1806  1954 V AlarmManager: Alarm to uid=1000 listener=android.app.AlarmManager$ListenerWrapper@22b6a4e
03-21 13:42:29.827  1806  1954 D AlarmManager: mBroadcastRefCount -> 1
03-21 13:42:29.827  1806  1954 I AlarmManager: going to acquire wakelock now
03-21 13:42:29.830  1806  1954 V AlarmManager: sending alarm Alarm{fd1c47a uId =1000 creatorUid =1000 packageName =android sourcePackage =android operation =null type 3 origWhen 156349945 whenElapsed 156349945 android}
03-21 13:42:29.830  1806  1954 V AlarmManager: Alarm to uid=1000 listener=android.app.AlarmManager$ListenerWrapper@98e11ff
03-21 13:42:29.830  1806  1954 D AlarmManager: mBroadcastRefCount -> 2
03-21 13:42:29.831  1806  1954 V AlarmManager: sending alarm Alarm{dc9c8ed uId =1000 creatorUid =1000 packageName =android sourcePackage =android operation =null type 2 origWhen 156349945 whenElapsed 156349945 android}
03-21 13:42:29.832  1806  1954 V AlarmManager: Alarm to uid=1000 listener=android.app.AlarmManager$ListenerWrapper@5338bcc
03-21 13:42:29.832  1806  1954 D AlarmManager: mBroadcastRefCount -> 3
03-21 13:42:29.832  1806  1954 E AlarmManager: Attempt to decrement existing alarm count 0 by 1 for uid 1000
03-21 13:42:29.835  1806  1954 V AlarmManager: sending alarm Alarm{68a042b uId =10104 creatorUid =10104 packageName =com.google.android.gms sourcePackage =com.google.android.gms operation =PendingIntent{527eb75: PendingIntentRecord{38b04a8 com.google.android.gms/com.google.android.gms.scheduler broadcastIntent}} type 3 origWhen 156327873 whenElapsed 156327873 com.google.android.gms}
03-21 13:42:29.840  1806  1954 D CompetitionModeConfig: sys.apm.competition_mode_config is not support!
03-21 13:42:29.841  1806  1954 D Griffin/filterReceiveBroadcast: not limit Intent { act=com.google.android.gms.gcm.ACTION_CHECK_QUEUE flg=0x14 cmp=com.google.android.gms/.gcm.nts.SchedulerInternalReceiver (has extras) } for resultTo not null
03-21 13:42:29.842  1806  1954 D AlarmManager: mBroadcastRefCount -> 4
03-21 13:42:29.842  1806  1954 V AlarmManager: sending alarm Alarm{a4b1088 uId =10406 creatorUid =10406 packageName =com.instagram.android sourcePackage =com.instagram.android operation =PendingIntent{9a30025: PendingIntentRecord{e1804fb com.instagram.android broadcastIntent}} type 1 origWhen 1774079849206 whenElapsed 156349324 com.instagram.android}
03-21 13:42:29.845  1806  1954 D CompetitionModeConfig: sys.apm.competition_mode_config is not support!
03-21 13:42:29.846  1806  1954 D Griffin/filterReceiveBroadcast: not limit Intent { act=com.instagram.warm_heartbeat flg=0x10 cmp=com.instagram.android/com.instagram.util.startup.appwarmer.KeepWarmReceiver (has extras) } for resultTo not null
03-21 13:42:29.847  1806  1954 D AlarmManager: mBroadcastRefCount -> 5
03-21 13:42:29.848  1806  1806 I AlarmManager: alarmComplete() from android.app.AlarmManager$ListenerWrapper@22b6a4e
03-21 13:42:29.848  1806  1806 D AlarmManager: mBroadcastRefCount -> 4
03-21 13:42:29.850  1806  1833 V AlarmManager: set(null) : type=3 triggerAtTime=156955919 win=454462 tElapsed=156955919 maxElapsed=157410381 interval=0 flags=0x8
03-21 13:42:29.851  1806  2613 V AlarmManager: set(PendingIntent{bbbc75d: PendingIntentRecord{e1804fb com.instagram.android broadcastIntent}}) : type=1 triggerAtTime=1774079909850 win=44999 tElapsed=156409969 maxElapsed=156454968 interval=0 flags=0x0
03-21 13:42:29.853  1806  1806 V AlarmManager: set(null) : type=3 triggerAtTime=156379968 win=22497 tElapsed=156379968 maxElapsed=156402465 interval=0 flags=0x0
03-21 13:42:29.854  1806  1806 I AlarmManager: alarmComplete() from android.app.AlarmManager$ListenerWrapper@98e11ff
03-21 13:42:29.854  1806  1806 D AlarmManager: mBroadcastRefCount -> 3
03-21 13:42:29.857  1806  1934 D CompetitionModeConfig: sys.apm.competition_mode_config is not support!
03-21 13:42:29.858  1806  2133 D CompetitionModeConfig: sys.apm.competition_mode_config is not support!
03-21 13:42:29.862  1806  1806 V AlarmManager: set(null) : type=2 triggerAtTime=156394413 win=33324 tElapsed=156394413 maxElapsed=156427737 interval=0 flags=0x0
03-21 13:42:29.862  1806  1806 I AlarmManager: alarmComplete() from android.app.AlarmManager$ListenerWrapper@5338bcc
03-21 13:42:29.863  1806  1806 D AlarmManager: mBroadcastRefCount -> 2
03-21 13:42:29.863  1806  1806 D AlarmManager: mBroadcastRefCount -> 1
03-21 13:42:29.866  1806  1806 D AlarmManager: mBroadcastRefCount -> 0
03-21 13:42:29.873  1806  1820 V AlarmManager: set(PendingIntent{cb84e1b: PendingIntentRecord{627abb8 com.google.android.gms/com.google.android.gms.container startService}}) : type=3 triggerAtTime=315516349992 win=3600000 tElapsed=315516349992 maxElapsed=315519949992 interval=0 flags=0x0
03-21 13:42:29.885  1806  1820 D CompatibilityChangeReporter: Compat change id reported: 161145287; UID 10104; state: ENABLED
03-21 13:42:29.885  1806  2134 D CompetitionModeConfig: sys.apm.competition_mode_config is not support!
03-21 13:42:29.886  1806  2134 D CompatibilityChangeReporter: Compat change id reported: 261072174; UID 10089; state: ENABLED
03-21 13:42:29.919  1806  1820 V AlarmManager: set(null) : type=2 triggerAtTime=156350137 win=0 tElapsed=156350137 maxElapsed=156350137 interval=0 flags=0x0
03-21 13:42:29.944  1806  3923 V AlarmManager: set(PendingIntent{468cd01: PendingIntentRecord{38b04a8 com.google.android.gms/com.google.android.gms.scheduler broadcastIntent}}) : type=3 triggerAtTime=157750555 win=1050369 tElapsed=157750555 maxElapsed=158800924 interval=0 flags=0x0
03-21 13:42:29.946  1806  1820 D CompetitionModeConfig: sys.apm.competition_mode_config is not support!
03-21 13:42:30.003  1806  1820 V AlarmManager: set(PendingIntent{995d983: PendingIntentRecord{38b04a8 com.google.android.gms/com.google.android.gms.scheduler broadcastIntent}}) : type=3 triggerAtTime=157750555 win=1050324 tElapsed=157750555 maxElapsed=158800879 interval=0 flags=0x0
03-21 13:42:30.004  1806  1820 D CompetitionModeConfig: sys.apm.competition_mode_config is not support!
03-21 13:42:30.018  1806  1954 V AlarmManager: Checking for alarms... rtc=1774079850018, elapsed=156350137
03-21 13:42:30.018  1806  1954 V AlarmManager: Triggering alarm #0: Alarm{c4f40b uId =1000 creatorUid =1000 packageName =android sourcePackage =android operation =null type 2 origWhen 156350137 whenElapsed 156350137 android}
03-21 13:42:30.018  1806  1954 V AlarmManager: sending alarm Alarm{c4f40b uId =1000 creatorUid =1000 packageName =android sourcePackage =android operation =null type 2 origWhen 156350137 whenElapsed 156350137 android}
03-21 13:42:30.018  1806  1954 V AlarmManager: Alarm to uid=1000 listener=android.app.AlarmManager$ListenerWrapper@5338bcc
03-21 13:42:30.018  1806  1954 D AlarmManager: mBroadcastRefCount -> 1
03-21 13:42:30.019  1806  1954 I AlarmManager: going to acquire wakelock now
03-21 13:42:30.019  1806  1806 V AlarmManager: set(null) : type=2 triggerAtTime=156394413 win=33206 tElapsed=156394413 maxElapsed=156427619 interval=0 flags=0x0
03-21 13:42:30.019  1806  1806 I AlarmManager: alarmComplete() from android.app.AlarmManager$ListenerWrapper@5338bcc
03-21 13:42:30.019  1806  1806 D AlarmManager: mBroadcastRefCount -> 0
03-21 13:42:30.021  1806  1934 D CompetitionModeConfig: sys.apm.competition_mode_config is not support!
03-21 13:42:30.058  1806  1820 V AlarmManager: set(null) : type=2 triggerAtTime=156350276 win=0 tElapsed=156350276 maxElapsed=156350276 interval=0 flags=0x0
03-21 13:42:30.067  1806  1820 D CompetitionModeConfig: sys.apm.competition_mode_config is not support!
03-21 13:42:30.157  1806  1954 V AlarmManager: Checking for alarms... rtc=1774079850157, elapsed=156350276
03-21 13:42:30.157  1806  1954 V AlarmManager: Triggering alarm #0: Alarm{f3df871 uId =1000 creatorUid =1000 packageName =android sourcePackage =android operation =null type 2 origWhen 156350276 whenElapsed 156350276 android}
03-21 13:42:30.157  1806  1954 V AlarmManager: sending alarm Alarm{f3df871 uId =1000 creatorUid =1000 packageName =android sourcePackage =android operation =null type 2 origWhen 156350276 whenElapsed 156350276 android}
03-21 13:42:30.157  1806  1954 V AlarmManager: Alarm to uid=1000 listener=android.app.AlarmManager$ListenerWrapper@5338bcc
03-21 13:42:30.158  1806  1954 D AlarmManager: mBroadcastRefCount -> 1
03-21 13:42:30.158  1806  1954 I AlarmManager: going to acquire wakelock now
03-21 13:42:30.158  1806  1806 V AlarmManager: set(null) : type=2 triggerAtTime=156394413 win=33102 tElapsed=156394413 maxElapsed=156427515 interval=0 flags=0x0
03-21 13:42:30.158  1806  1806 I AlarmManager: alarmComplete() from android.app.AlarmManager$ListenerWrapper@5338bcc
03-21 13:42:30.158  1806  1806 D AlarmManager: mBroadcastRefCount -> 0
03-21 13:42:30.160  1806  1934 D CompetitionModeConfig: sys.apm.competition_mode_config is not support!
03-21 13:42:30.193  1806  1820 D CompetitionModeConfig: sys.apm.competition_mode_config is not support!
03-21 13:42:30.194  1806  1820 V ActivityManager: startProcess: name=com.google.process.gapps app=null knownToBeDead=false thread=null pid=-1
03-21 13:42:30.195  1806  1820 D CompatibilityChangeReporter: Compat change id reported: 135634846; UID 10104; state: DISABLED
03-21 13:42:30.195  1806  1862 D CompatibilityChangeReporter: Compat change id reported: 143937733; UID 10104; state: ENABLED
03-21 13:42:30.208  1806  1862 I ActivityManager: Start proc 28245:com.google.process.gapps/u0a104 for content provider {com.google.android.gsf/com.google.android.gsf.settings.GoogleSettingsProvider}
03-21 13:42:30.242  1806  1820 V ActivityManager: New death recipient com.android.server.am.ActivityManagerService$AppDeathRecipient@d488548 for thread android.os.BinderProxy@e2cdfe1
03-21 13:42:30.244  1806  1820 D CompatibilityChangeReporter: Compat change id reported: 168419799; UID 10104; state: DISABLED
03-21 13:42:30.244  1806  1820 D CompatibilityChangeReporter: Compat change id reported: 273564678; UID 10104; state: DISABLED
03-21 13:42:30.245  1806  1820 D os.ActivityManagerServiceLice: make process active com.google.process.gapps(28245)
03-21 13:42:30.251 28245 28245 D TranClassInfo: instance successfully. com.transsion.hubcore.graphics.TranGraphicImpl@81b4ebb from com.transsion.hubcore.graphics.ITranGraphic
03-21 13:42:30.353 28245 28245 D TranClassInfo: instance successfully. com.transsion.hubcore.database.sqlite.TranSQLiteDatabaseImpl@ceae68f from com.transsion.hubcore.database.sqlite.ITranSQLiteDatabase
03-21 13:42:30.353 28245 28245 D TranClassInfo: instance successfully. com.transsion.hubcore.spdopts.others.implement.TranSQLiteDatabaseComponentImpl@3dded1c from com.transsion.hubcore.spdcomponent.ITranSQLiteDatabaseComponent
03-21 13:42:30.371 28245 28245 D MbrainDebugManagerImpl: getService failed
03-21 13:42:30.387  1806  2613 I ActivityManager: Flag disabled. Ignoring finishAttachApplication from uid: 10104. pid: 28245
03-21 13:42:30.528  1806  2613 D CompetitionModeConfig: sys.apm.competition_mode_config is not support!
03-21 13:42:30.529  1806  2474 I Hiber/nativeService: check binder uid=10404
03-21 13:42:30.530  1806  2613 D CompetitionModeConfig: sys.apm.competition_mode_config is not support!
03-21 13:42:30.532  1806  1861 D CompetitionModeConfig: sys.apm.competition_mode_config is not support!
03-21 13:42:30.532  1806  1861 V ActivityManager: startProcess: name=com.android.chrome app=null knownToBeDead=true thread=null pid=-1
03-21 13:42:30.534  1806  1861 D CompatibilityChangeReporter: Compat change id reported: 135634846; UID 10113; state: DISABLED
03-21 13:42:30.534  1806  1862 D CompatibilityChangeReporter: Compat change id reported: 143937733; UID 10113; state: ENABLED
03-21 13:42:30.550  1806  1862 I ActivityManager: Start proc 28260:com.android.chrome/u0a113 for broadcast {com.android.chrome/com.google.android.apps.chrome.rlz.RevenueStatsConfigurationUpdateReceiver}
03-21 13:42:30.588  1806  2613 V ActivityManager: New death recipient com.android.server.am.ActivityManagerService$AppDeathRecipient@81663ab for thread android.os.BinderProxy@528ba08
03-21 13:42:30.591  1806  2613 D CompatibilityChangeReporter: Compat change id reported: 168419799; UID 10113; state: DISABLED
03-21 13:42:30.591  1806  2613 D CompatibilityChangeReporter: Compat change id reported: 273564678; UID 10113; state: DISABLED
03-21 13:42:30.593  1806  2613 D os.ActivityManagerServiceLice: make process active com.android.chrome(28260)
03-21 13:42:30.597  1806  1934 D CompatibilityChangeReporter: Compat change id reported: 265195908; UID 10113; state: ENABLED
03-21 13:42:30.601 28260 28260 D TranClassInfo: instance successfully. com.transsion.hubcore.graphics.TranGraphicImpl@81b4ebb from com.transsion.hubcore.graphics.ITranGraphic
03-21 13:42:30.605  1806  2613 D CompatibilityChangeReporter: Compat change id reported: 170503758; UID 10113; state: ENABLED
03-21 13:42:30.606  1806  1820 I ActivityManager: Killing 27742:android.process.acore/u0a46 (adj 955): empty #10
03-21 13:42:30.607  1806  1820 D Griffin/ProcessManager: Manual clean close!
03-21 13:42:30.637  1806  2613 V ActivityManager: Death received in com.android.server.am.ActivityManagerService$AppDeathRecipient@388fa7b for thread android.os.BinderProxy@3c65098
03-21 13:42:30.638  1806  2613 D CompetitionModeConfig: sys.apm.competition_mode_config is not support!
03-21 13:42:30.638  1806  2613 D os.ActivityManagerServiceLice: make process inactive android.process.acore(27742)
03-21 13:42:30.641  1806  1834 D DisplayManagerService: Drop pending events for gone uid 10046
03-21 13:42:30.853  1806  2613 D CompatibilityChangeReporter: Compat change id reported: 161145287; UID 10113; state: ENABLED
03-21 13:42:30.859  1806  2613 I ActivityManager: Flag disabled. Ignoring finishAttachApplication from uid: 10113. pid: 28260
03-21 13:42:30.866  1806  2613 I ActivityManager: Killing 27830:com.android.settings/1000 (adj 985): empty #10
03-21 13:42:30.866  1806  1806 I AlarmManager: going to release wakelock now
03-21 13:42:30.866  1806  2613 D Griffin/ProcessManager: Manual clean close!
03-21 13:42:30.886  1806  1806 I MWN     : onSignalStrengthsChanged...
03-21 13:42:30.887  1806  1806 I MWN     : network type = 1
03-21 13:42:30.887  1806  1806 I MWN     : Write 0 to node. type=Wi-Fi mSimExist=true mFlightMode=false
03-21 13:42:30.889  1806  1806 I MWN     : write the value:0 to node successfully.
03-21 13:42:30.899  1806  3923 V ActivityManager: Death received in com.android.server.am.ActivityManagerService$AppDeathRecipient@7c1bfb5 for thread android.os.BinderProxy@e5f64a
03-21 13:42:30.900  1806  3923 D CompetitionModeConfig: sys.apm.competition_mode_config is not support!
03-21 13:42:30.900  1806  3923 D os.ActivityManagerServiceLice: make process inactive com.android.settings(27830)
03-21 13:42:31.020  1806  1806 I AlarmManager: going to release wakelock now
03-21 13:42:31.159  1806  1806 I AlarmManager: going to release wakelock now
03-21 13:42:31.271  1806  1821 V ActivityManager: Death received in com.android.server.am.ActivityManagerService$AppDeathRecipient@796565f for thread android.os.BinderProxy@5cde8ac
03-21 13:42:31.272  1806  1821 I ActivityManager: Process com.hoffnung:remote (pid 27877) has died: cch+85 CEM
03-21 13:42:31.272  1806  1821 D CompetitionModeConfig: sys.apm.competition_mode_config is not support!
03-21 13:42:31.273  1806  1821 D os.ActivityManagerServiceLice: make process inactive com.hoffnung:remote(27877)
03-21 13:42:31.274  1806  1821 D CompatibilityChangeReporter: Compat change id reported: 261072174; UID 10160; state: DISABLED
03-21 13:42:35.893  1806  2147 D BatteryService: HealthInfoUpdate: HealthInfo:{.chargerAcOnline = false, .chargerUsbOnline = true, .chargerWirelessOnline = false, .maxChargingCurrent = 500000, .maxChargingVoltage = 5000000, .batteryStatus = 2, .batteryHealth = 2, .batteryPresent = true, .batteryLevel = 100, .batteryVoltage = 4375, .batteryTemperature = 309, .batteryCurrent = 139900, .batteryCycleCount = 1, .batteryFullCharge = 5000000, .batteryChargeCounter=5000000, .batteryTechnology = Li-ion, .batteryCapacityLevel = 5}
03-21 13:42:35.901  2222  2880 D PowerUI : can't show warning due to - plugged: true status unknown: false
03-21 13:42:35.906  1806  2147 D BatteryService: HealthInfoUpdate: HealthInfo:{.chargerAcOnline = false, .chargerUsbOnline = true, .chargerWirelessOnline = false, .maxChargingCurrent = 500000, .maxChargingVoltage = 5000000, .batteryStatus = 2, .batteryHealth = 2, .batteryPresent = true, .batteryLevel = 100, .batteryVoltage = 4364, .batteryTemperature = 310, .batteryCurrent = 48000, .batteryCycleCount = 1, .batteryFullCharge = 5000000, .batteryChargeCounter=5000000, .batteryTechnology = Li-ion, .batteryCapacityLevel = 5}
03-21 13:42:35.915  2222  2854 D PowerUI : can't show warning due to - plugged: true status unknown: false
03-21 13:42:36.012  1806  1806 I MWN     : onSignalStrengthsChanged...
03-21 13:42:36.016  1806  1806 I MWN     : network type = 1
03-21 13:42:36.016  1806  1806 I MWN     : Write 0 to node. type=Wi-Fi mSimExist=true mFlightMode=false
03-21 13:42:36.018  1806  1806 I MWN     : write the value:0 to node successfully.
03-21 13:42:36.416  1806  1861 D BroadcastQueue: Hiber/broadcast restricted queue.uid=10415
03-21 13:42:36.416  1806  1861 D BroadcastQueue: Hiber/broadcast restricted queue.uid=10415
03-21 13:42:36.417  1806  1861 D BroadcastQueue: Hiber/broadcast restricted queue.uid=10404
03-21 13:42:36.417  1806  1861 D BroadcastQueue: Hiber/broadcast restricted queue.uid=10404
03-21 13:42:36.737  1806  3792 D CompatibilityChangeReporter: Compat change id reported: 161145287; UID 10089; state: ENABLED
03-21 13:42:36.785  1806  1821 D CompetitionModeConfig: sys.apm.competition_mode_config is not support!
03-21 13:42:41.132  1806  1806 I MWN     : onSignalStrengthsChanged...
03-21 13:42:41.135  1806  1806 I MWN     : network type = 1
03-21 13:42:41.135  1806  1806 I MWN     : Write 0 to node. type=Wi-Fi mSimExist=true mFlightMode=false
03-21 13:42:41.137  1806  1806 I MWN     : write the value:0 to node successfully.
03-21 13:42:45.199  1806  1846 I ProcessStatsService: Pruning old procstats: /data/system/procstats/state-v2-2026-03-20-05-48-16.bin
03-21 13:42:46.254  1806  1806 I MWN     : onSignalStrengthsChanged...
03-21 13:42:46.257  1806  1806 I MWN     : network type = 1
03-21 13:42:46.257  1806  1806 I MWN     : Write 0 to node. type=Wi-Fi mSimExist=true mFlightMode=false
03-21 13:42:46.259  1806  1806 I MWN     : write the value:0 to node successfully.
03-21 13:42:49.556  1806  2147 D BatteryService: HealthInfoUpdate: HealthInfo:{.chargerAcOnline = false, .chargerUsbOnline = true, .chargerWirelessOnline = false, .maxChargingCurrent = 500000, .maxChargingVoltage = 5000000, .batteryStatus = 2, .batteryHealth = 2, .batteryPresent = true, .batteryLevel = 100, .batteryVoltage = 4384, .batteryTemperature = 309, .batteryCurrent = 233000, .batteryCycleCount = 1, .batteryFullCharge = 5000000, .batteryChargeCounter=5000000, .batteryTechnology = Li-ion, .batteryCapacityLevel = 5}
03-21 13:42:49.562  2222  2633 D PowerUI : can't show warning due to - plugged: true status unknown: false
03-21 13:42:49.568  1806  2147 D BatteryService: HealthInfoUpdate: HealthInfo:{.chargerAcOnline = false, .chargerUsbOnline = true, .chargerWirelessOnline = false, .maxChargingCurrent = 500000, .maxChargingVoltage = 5000000, .batteryStatus = 2, .batteryHealth = 2, .batteryPresent = true, .batteryLevel = 100, .batteryVoltage = 4390, .batteryTemperature = 309, .batteryCurrent = 217400, .batteryCycleCount = 1, .batteryFullCharge = 5000000, .batteryChargeCounter=5000000, .batteryTechnology = Li-ion, .batteryCapacityLevel = 5}
03-21 13:42:49.575  2222  3454 D PowerUI : can't show warning due to - plugged: true status unknown: false
03-21 13:42:50.075  1806  1861 D BroadcastQueue: Hiber/broadcast restricted queue.uid=10415
03-21 13:42:50.075  1806  1861 D BroadcastQueue: Hiber/broadcast restricted queue.uid=10415
03-21 13:42:50.076  1806  1861 D BroadcastQueue: Hiber/broadcast restricted queue.uid=10404
03-21 13:42:50.076  1806  1861 D BroadcastQueue: Hiber/broadcast restricted queue.uid=10404
03-21 13:42:51.375  1806  1806 I MWN     : onSignalStrengthsChanged...
03-21 13:42:51.378  1806  1806 I MWN     : network type = 1
03-21 13:42:51.378  1806  1806 I MWN     : Write 0 to node. type=Wi-Fi mSimExist=true mFlightMode=false
03-21 13:42:51.380  1806  1806 I MWN     : write the value:0 to node successfully.
03-21 13:42:52.716  1806  1821 I ActivityManager: Force stopping com.transsion.dynamicbar appid=10167 user=0: from pid 27842
03-21 13:42:52.717  1806  1821 W ActivityManager: Unable to freeze BinderAndPackageCgroup for uid=10167 procs=[Pair{ProcessRecord{c952d16 27842:com.transsion.dynamicbar/u0a167} false}]
03-21 13:42:52.719  1806  1834 D DisplayManagerService: Drop pending events for gone uid 10167
03-21 13:42:52.719  1806  1821 I ActivityManager: Killing 27842:com.transsion.dynamicbar/u0a167 (adj 965): stop com.transsion.dynamicbar due to from pid 27842
03-21 13:42:52.721  1806  1821 D Griffin/ProcessManager: Manual clean close!
03-21 13:42:52.722  1806  1821 D os.ActivityManagerServiceLice: make process inactive com.transsion.dynamicbar(27842)
03-21 13:42:52.732  1806  1821 D CompetitionModeConfig: sys.apm.competition_mode_config is not support!
03-21 13:42:52.769  1806  2426 V ActivityManager: Death received in com.android.server.am.ActivityManagerService$AppDeathRecipient@d57306d for thread android.os.BinderProxy@2f04a2
03-21 13:42:52.769  1806  1820 I WindowManager: WIN DEATH: Window{4ea178b u0 DynamicBar}
03-21 13:42:52.769  1806  2426 V ActivityManager: Got obituary of 27842:com.transsion.dynamicbar
03-21 13:42:52.770  1806  1820 D WindowManager: setParent old=WindowToken{de2895a type=2024 android.os.BinderProxy@8f77505},new=null,this window=Window{4ea178b u0 DynamicBar},callers=com.android.server.wm.WindowContainer.removeChild:822 com.android.server.wm.WindowContainer.removeImmediately:892 com.android.server.wm.WindowState.removeImmediately:2599 com.android.server.wm.WindowState.removeIfPossible:2780 com.android.server.wm.WindowState$DeathRecipient.binderDied:3254 android.os.IBinder$DeathRecipient.binderDied:319
03-21 13:42:52.770  1806  1836 W ActivityManager: setHasOverlayUi called on unknown pid: 27842
03-21 13:42:52.771  1806  1820 D WindowManager: setParent old=Leaf:24:25@3132392,new=null,this window=WindowToken{de2895a type=2024 android.os.BinderProxy@8f77505},callers=com.android.server.wm.WindowContainer.removeChild:822 com.android.server.wm.WindowContainer.removeImmediately:892 com.android.server.wm.WindowToken.setExiting:261 com.android.server.wm.DisplayContent.removeWindowToken:1561 com.android.server.wm.WindowToken.removeImmediately:361 com.android.server.wm.WindowManagerService.postWindowRemoveCleanupLocked:2245
--------- beginning of main
03-21 13:42:52.774  1096  1510 D SurfaceFlinger: calculateTimeoutTime, triggerInterval = 1 sec + 199999615 nsec
03-21 13:42:52.775  1096  1190 D SurfaceFlinger: [SF client] REMOVE (0xee4a72d0) for (1806:system_server)
03-21 13:42:52.776  1806  4535 W WindowManager: Cannot find window which accessibility connection is added to
03-21 13:42:52.784  1066  1176 I hwcomposer: [HWCDisplay] [Display_0 (type:1)] fps:0.625675,dur:3196.55,max:3177.47,min:19.08
03-21 13:42:52.799  1096  1096 I BufferQueueDebug: [4ea178b DynamicBar#23098](this:0xee0f7e08,id:-1,api:0,p:-1,c:1096) onDestructor()
03-21 13:42:52.799  1096  1096 I BufferQueueDebug: [WindowToken{de2895a type=2024 android.os.BinderProxy@8f77505}#23097](this:0xee0fde38,id:-1,api:0,p:-1,c:1096) onDestructor()
03-21 13:42:52.805  1806  1820 D TLinkBrush_DATA: [NetdEvent]Wifi connect true, screen state true, do nothing!
03-21 13:42:53.255   529   529 I lowmemorykiller: TranMemoryInfo: vmstat time slice: 1008
03-21 13:42:53.256   529   529 I lowmemorykiller: TranMemoryInfo: PSI stat: 10, 0.56, 2.03, 0.40, 1.51
03-21 13:42:53.256   529   529 I lowmemorykiller: TranMemoryInfo: vmstat: 248, 0, 0, 0, 574978
