03-21 13:43:19.422  1075  1125 I AppThermalMode: [perfNotifyThermalState] appThermalIdx -1:
03-21 13:43:20.422  1075  1125 I libPerfCtl: xgfGetFPS pid:2222 fps:-1
03-21 13:43:20.422  1075  1125 I AppThermalMode: [perfNotifyThermalState] hdl:0
03-21 13:43:20.423  1075  1125 I AppThermalMode: [findAppThermalIdx] Fail: appThermalModeEnable: 0,currentFPS: -1,fg->pid:26947
03-21 13:43:20.423  1075  1125 I AppThermalMode: [perfNotifyThermalState] appThermalIdx -1:
03-21 13:43:20.510  2222  2222 D StatusBarIconController: ignoring old pipeline callback because the new wifi icon is enabled
03-21 13:43:20.528  1096  1510 D SurfaceFlinger: calculateTimeoutTime, triggerInterval = 1 sec + 199999308 nsec
03-21 13:43:20.546  1096  1096 I BufferQueueProducer: [StatusBar#72](this:0xeec51cd8,id:-1,api:0,p:-1,c:1096) queueBuffer: fps=0.49 dur=2041.54 max=2041.54 min=2041.54
03-21 13:43:20.549  1066  1176 I hwcomposer: [HWCDisplay] [Display_0 (type:1)] fps:0.489756,dur:2041.83,max:2041.83,min:2041.83
03-21 13:43:21.423  1075  1125 I libPerfCtl: xgfGetFPS pid:2222 fps:-1
03-21 13:43:21.423  1075  1125 I AppThermalMode: [perfNotifyThermalState] hdl:0
03-21 13:43:21.424  1075  1125 I AppThermalMode: [findAppThermalIdx] Fail: appThermalModeEnable: 0,currentFPS: -1,fg->pid:26947
03-21 13:43:21.424  1075  1125 I AppThermalMode: [perfNotifyThermalState] appThermalIdx -1:
03-21 13:43:21.581  1047  1047 E tran_ihh: Failed to open file /proc/tran_flash_error_record/tran_ihh_cloudctl!
03-21 13:43:21.624  1806  4535 D CompetitionModeConfig: sys.apm.competition_mode_config is not support!
03-21 13:43:21.632 28298 28499 E GoogleApiManager: Failed to get service from broker.
03-21 13:43:21.632 28298 28499 E GoogleApiManager: java.lang.SecurityException: Unknown calling package name 'com.google.android.gms'.
03-21 13:43:21.632 28298 28499 E GoogleApiManager:      at android.os.Parcel.createExceptionOrNull(Parcel.java:3088)
03-21 13:43:21.632 28298 28499 E GoogleApiManager:      at android.os.Parcel.createException(Parcel.java:3072)
03-21 13:43:21.632 28298 28499 E GoogleApiManager:      at android.os.Parcel.readException(Parcel.java:3055)
03-21 13:43:21.632 28298 28499 E GoogleApiManager:      at android.os.Parcel.readException(Parcel.java:2997)
03-21 13:43:21.632 28298 28499 E GoogleApiManager:      at aztc.a(:com.google.android.gms@260931060@26.09.31 (200300-877989800):36)
03-21 13:43:21.632 28298 28499 E GoogleApiManager:      at azrd.z(:com.google.android.gms@260931060@26.09.31 (200300-877989800):143)
03-21 13:43:21.632 28298 28499 E GoogleApiManager:      at ayxk.run(:com.google.android.gms@260931060@26.09.31 (200300-877989800):42)
03-21 13:43:21.632 28298 28499 E GoogleApiManager:      at android.os.Handler.handleCallback(Handler.java:958)
03-21 13:43:21.632 28298 28499 E GoogleApiManager:      at android.os.Handler.dispatchMessage(Handler.java:99)
03-21 13:43:21.632 28298 28499 E GoogleApiManager:      at cfpn.lM(:com.google.android.gms@260931060@26.09.31 (200300-877989800):1)
03-21 13:43:21.632 28298 28499 E GoogleApiManager:      at cfpn.dispatchMessage(:com.google.android.gms@260931060@26.09.31 (200300-877989800):5)
03-21 13:43:21.632 28298 28499 E GoogleApiManager:      at android.os.Looper.loopOnce(Looper.java:243)
03-21 13:43:21.632 28298 28499 E GoogleApiManager:      at android.os.Looper.loop(Looper.java:338)
03-21 13:43:21.632 28298 28499 E GoogleApiManager:      at android.os.HandlerThread.run(HandlerThread.java:67)
03-21 13:43:21.633 28298 28499 W GoogleApiManager: Not showing notification since connectionResult is not user-facing: ConnectionResult{statusCode=DEVELOPER_ERROR, resolution=null, message=null, clientMethodKey=null}
03-21 13:43:21.681  1344  1344 I thermal_repeater: [recvMdThermalInfo] ret=29, strLen=127,  3, 36, -50, -28399, 32767, 0
03-21 13:43:22.090  2487  2487 E MtkPhoneIntfMgrEx: MainThreadHandler.handleMessage : 3
03-21 13:43:22.090  2487  2487 D MtkPhoneIntfMgrEx: EVENT_AT_URC_IND(0) AT(prefix): +ECSQ
03-21 13:43:22.091  2487  2921 D TLinkBrush_RAT: [handleMessage] : URC_OBSERVER
03-21 13:43:22.091  2487  2921 D TLinkBrush_RAT: AT RESPONSE
03-21 13:43:22.091  2487  2921 D TLinkBrush_RAT: Response str = +ECSQ: 18,42,-352,1,1,-44,-396,4096,29,3
03-21 13:43:22.091  2487  2921 D TLinkBrush_RAT: processUnsolOemMsg --- resp : +ECSQ: 18,42,-352,1,1,-44,-396,4096,29,3
03-21 13:43:22.091  2486  2562 D TRNS_PluginBase: EVENT_AT_COMMAND_URC: [0, +ECSQ: 18,42,-352,1,1,-44,-396,4096,29,3]
03-21 13:43:22.092  2487  2487 D TranSignalStrengthComponentImpl: [LTE] dbm: -99
03-21 13:43:22.093  2487  2487 D TranSignalStrengthComponentImpl: [LTE] dbm: -99
03-21 13:43:22.095  1806  1806 I MWN     : onSignalStrengthsChanged...
03-21 13:43:22.098  2487  2921 I TranTele/TranPhoneInterfaceManager: TTC - onSignalStrengthsChanged
03-21 13:43:22.099  1806  1806 I MWN     : network type = 1
03-21 13:43:22.099 22631 22815 D TranSignalStrengthComponentImpl: [LTE] dbm: -99
03-21 13:43:22.099  1806  1806 I MWN     : Write 0 to node. type=Wi-Fi mSimExist=true mFlightMode=false
03-21 13:43:22.101  1806  1868 D TranSignalStrengthComponentImpl: [LTE] dbm: -99
03-21 13:43:22.102  1806  1806 I MWN     : write the value:0 to node successfully.
03-21 13:43:22.104  2487  2912 I TranPhoneSwitcher: getNetworkType: WIFI
03-21 13:43:22.105  2487  2912 I TranPhoneSwitcher: mDefaultsign:-1subid :6
03-21 13:43:22.105  2222  2222 D StatusBarIconController: ignoring old pipeline callbacks, because the new mobile icons are enabled
03-21 13:43:22.106  2487  2912 I TranPhoneSwitcher: getNetworkType: WIFI
03-21 13:43:22.106  2487  2912 I TranPhoneSwitcher: isNeedSwitch: The current network type is WIFI
03-21 13:43:22.423  1075  1125 I libPerfCtl: xgfGetFPS pid:2222 fps:-1
03-21 13:43:22.424  1075  1125 I AppThermalMode: [perfNotifyThermalState] hdl:0
03-21 13:43:22.424  1075  1125 I AppThermalMode: [findAppThermalIdx] Fail: appThermalModeEnable: 0,currentFPS: -1,fg->pid:26947
03-21 13:43:22.424  1075  1125 I AppThermalMode: [perfNotifyThermalState] appThermalIdx -1:
03-21 13:43:22.818  1806  3896 D TLinkBrush_DATA: [NetdEvent]Wifi connect true, screen state true, do nothing!
03-21 13:43:23.424  1075  1125 I libPerfCtl: xgfGetFPS pid:2222 fps:-1
03-21 13:43:23.424  1075  1125 I AppThermalMode: [perfNotifyThermalState] hdl:0
03-21 13:43:23.424  1075  1125 I AppThermalMode: [findAppThermalIdx] Fail: appThermalModeEnable: 0,currentFPS: -1,fg->pid:26947
03-21 13:43:23.424  1075  1125 I AppThermalMode: [perfNotifyThermalState] appThermalIdx -1:
03-21 13:43:23.525  2222  2222 D StatusBarIconController: ignoring old pipeline callback because the new wifi icon is enabled
03-21 13:43:23.544  1096  1510 D SurfaceFlinger: calculateTimeoutTime, triggerInterval = 1 sec + 199999384 nsec
03-21 13:43:23.559  1096  1096 I BufferQueueProducer: [StatusBar#72](this:0xeec51cd8,id:-1,api:0,p:-1,c:1096) queueBuffer: fps=0.66 dur=3013.75 max=2602.21 min=411.53
03-21 13:43:23.562  1066  1176 I hwcomposer: [HWCDisplay] [Display_0 (type:1)] fps:0.663701,dur:3013.40,max:2602.15,min:411.25
03-21 13:43:24.419  2487  2487 E MtkPhoneIntfMgrEx: MainThreadHandler.handleMessage : 3
03-21 13:43:24.419  2487  2487 D MtkPhoneIntfMgrEx: EVENT_AT_URC_IND(1) AT(prefix): +ECSQ
03-21 13:43:24.420  2487  2487 D TranSignalStrengthComponentImpl: [LTE] dbm: -99
03-21 13:43:24.420  2486  2562 D TRNS_PluginBase: EVENT_AT_COMMAND_URC: [1, +ECSQ: 17,42,-350,1,1,-46,-396,4096,26,3]
03-21 13:43:24.424  1075  1125 I libPerfCtl: xgfGetFPS pid:2222 fps:-1
03-21 13:43:24.424  1075  1125 I AppThermalMode: [perfNotifyThermalState] hdl:0
03-21 13:43:24.424  1075  1125 I AppThermalMode: [findAppThermalIdx] Fail: appThermalModeEnable: 0,currentFPS: -1,fg->pid:26947
03-21 13:43:24.424  1075  1125 I AppThermalMode: [perfNotifyThermalState] appThermalIdx -1:
03-21 13:43:25.425  1075  1125 I libPerfCtl: xgfGetFPS pid:2222 fps:-1
03-21 13:43:25.425  1075  1125 I AppThermalMode: [perfNotifyThermalState] hdl:0
03-21 13:43:25.425  1075  1125 I AppThermalMode: [findAppThermalIdx] Fail: appThermalModeEnable: 0,currentFPS: -1,fg->pid:26947
03-21 13:43:25.425  1075  1125 I AppThermalMode: [perfNotifyThermalState] appThermalIdx -1:
03-21 13:43:25.609 23475 23475 D BoundBrokerSvc: onUnbind: Intent { act=com.google.android.mobstore.service.START pkg=com.google.android.gms }
03-21 13:43:25.979  1096  1510 D SurfaceFlinger: calculateTimeoutTime, triggerInterval = 1 sec + 199999385 nsec
03-21 13:43:25.997  1096  1096 I BufferQueueProducer: [StatusBar#72](this:0xeec51cd8,id:-1,api:0,p:-1,c:1096) queueBuffer: fps=0.41 dur=2437.13 max=2437.13 min=2437.13
03-21 13:43:25.999  1066  1176 I hwcomposer: [HWCDisplay] [Display_0 (type:1)] fps:0.410285,dur:2437.33,max:2437.33,min:2437.33
03-21 13:43:26.425  1075  1125 I libPerfCtl: xgfGetFPS pid:2222 fps:-1
03-21 13:43:26.425  1075  1125 I AppThermalMode: [perfNotifyThermalState] hdl:0
03-21 13:43:26.425  1075  1125 I AppThermalMode: [findAppThermalIdx] Fail: appThermalModeEnable: 0,currentFPS: -1,fg->pid:26947
03-21 13:43:26.425  1075  1125 I AppThermalMode: [perfNotifyThermalState] appThermalIdx -1:
03-21 13:43:26.548  2222  2222 D StatusBarIconController: ignoring old pipeline callback because the new wifi icon is enabled
03-21 13:43:27.209  2487  2487 E MtkPhoneIntfMgrEx: MainThreadHandler.handleMessage : 3
03-21 13:43:27.209  2487  2487 D MtkPhoneIntfMgrEx: EVENT_AT_URC_IND(0) AT(prefix): +ECSQ
03-21 13:43:27.210  2487  2921 D TLinkBrush_RAT: [handleMessage] : URC_OBSERVER
03-21 13:43:27.210  2487  2921 D TLinkBrush_RAT: AT RESPONSE
03-21 13:43:27.210  2487  2921 D TLinkBrush_RAT: Response str = +ECSQ: 17,42,-351,1,1,-45,-396,4096,28,3
03-21 13:43:27.210  2487  2921 D TLinkBrush_RAT: processUnsolOemMsg --- resp : +ECSQ: 17,42,-351,1,1,-45,-396,4096,28,3
03-21 13:43:27.210  2486  2562 D TRNS_PluginBase: EVENT_AT_COMMAND_URC: [0, +ECSQ: 17,42,-351,1,1,-45,-396,4096,28,3]
03-21 13:43:27.211  2487  2487 D TranSignalStrengthComponentImpl: [LTE] dbm: -99
03-21 13:43:27.211  2487  2487 D TranSignalStrengthComponentImpl: [LTE] dbm: -99
03-21 13:43:27.212  1806  1806 I MWN     : onSignalStrengthsChanged...
03-21 13:43:27.214  1806  1806 I MWN     : network type = 1
03-21 13:43:27.214  1806  1806 I MWN     : Write 0 to node. type=Wi-Fi mSimExist=true mFlightMode=false
03-21 13:43:27.214  2487  2921 I TranTele/TranPhoneInterfaceManager: TTC - onSignalStrengthsChanged
03-21 13:43:27.215  1806  1806 I MWN     : write the value:0 to node successfully.
03-21 13:43:27.217 22631 22815 D TranSignalStrengthComponentImpl: [LTE] dbm: -99
03-21 13:43:27.218  1806  1868 D TranSignalStrengthComponentImpl: [LTE] dbm: -99
03-21 13:43:27.218  2222  2222 D StatusBarIconController: ignoring old pipeline callbacks, because the new mobile icons are enabled
03-21 13:43:27.220  2487  2912 I TranPhoneSwitcher: getNetworkType: WIFI
03-21 13:43:27.220  2487  2912 I TranPhoneSwitcher: mDefaultsign:-1subid :6
03-21 13:43:27.220  2487  2912 I TranPhoneSwitcher: getNetworkType: WIFI
03-21 13:43:27.220  2487  2912 I TranPhoneSwitcher: isNeedSwitch: The current network type is WIFI
03-21 13:43:27.425  1075  1125 I libPerfCtl: xgfGetFPS pid:2222 fps:-1
03-21 13:43:27.425  1075  1125 I AppThermalMode: [perfNotifyThermalState] hdl:0
03-21 13:43:27.425  1075  1125 I AppThermalMode: [findAppThermalIdx] Fail: appThermalModeEnable: 0,currentFPS: -1,fg->pid:26947
03-21 13:43:27.425  1075  1125 I AppThermalMode: [perfNotifyThermalState] appThermalIdx -1:
03-21 13:43:27.658  1103  1132 D ccci_mdinit: (1):monitor_time_update_thread round:7226 ########
03-21 13:43:28.425  1075  1125 I libPerfCtl: xgfGetFPS pid:2222 fps:-1
03-21 13:43:28.426  1075  1125 I AppThermalMode: [perfNotifyThermalState] hdl:0
03-21 13:43:28.426  1075  1125 I AppThermalMode: [findAppThermalIdx] Fail: appThermalModeEnable: 0,currentFPS: -1,fg->pid:26947
03-21 13:43:28.426  1075  1125 I AppThermalMode: [perfNotifyThermalState] appThermalIdx -1:
03-21 13:43:29.426  1075  1125 I libPerfCtl: xgfGetFPS pid:2222 fps:-1
03-21 13:43:29.426  1075  1125 I AppThermalMode: [perfNotifyThermalState] hdl:0
03-21 13:43:29.426  1075  1125 I AppThermalMode: [findAppThermalIdx] Fail: appThermalModeEnable: 0,currentFPS: -1,fg->pid:26947
03-21 13:43:29.426  1075  1125 I AppThermalMode: [perfNotifyThermalState] appThermalIdx -1:
03-21 13:43:29.540  2487  2487 E MtkPhoneIntfMgrEx: MainThreadHandler.handleMessage : 3
03-21 13:43:29.540  2487  2487 D MtkPhoneIntfMgrEx: EVENT_AT_URC_IND(1) AT(prefix): +ECSQ
03-21 13:43:29.541  2487  2487 D TranSignalStrengthComponentImpl: [LTE] dbm: -99
03-21 13:43:29.542  2486  2562 D TRNS_PluginBase: EVENT_AT_COMMAND_URC: [1, +ECSQ: 17,42,-350,1,1,-45,-395,4096,25,3]
0