03-21 13:42:53.334  1075  1125 I libPerfCtl: xgfGetFPS pid:2222 fps:-1
03-21 13:42:53.334  1075  1125 I AppThermalMode: [perfNotifyThermalState] hdl:0
03-21 13:42:53.334  1075  1125 I AppThermalMode: [findAppThermalIdx] Fail: appThermalModeEnable: 0,currentFPS: -1,fg->pid:26947
03-21 13:42:53.335  1075  1125 I AppThermalMode: [perfNotifyThermalState] appThermalIdx -1:
03-21 13:42:53.700  2487  2487 E MtkPhoneIntfMgrEx: MainThreadHandler.handleMessage : 3
03-21 13:42:53.700  2487  2487 D MtkPhoneIntfMgrEx: EVENT_AT_URC_IND(1) AT(prefix): +ECSQ
03-21 13:42:53.701  2486  2562 D TRNS_PluginBase: EVENT_AT_COMMAND_URC: [1, +ECSQ: 17,42,-348,1,1,-46,-394,4096,18,3]
03-21 13:42:53.702  2487  2487 D TranSignalStrengthComponentImpl: [LTE] dbm: -99
03-21 13:42:53.702  2487  2487 D TranSignalStrengthComponentImpl: [LTE] dbm: -99
03-21 13:42:53.705  1806  1868 D TranSignalStrengthComponentImpl: [LTE] dbm: -99
03-21 13:42:53.705  2487  2921 I TranTele/TranPhoneInterfaceManager: TTC - onSignalStrengthsChanged
03-21 13:42:53.708  2487  2912 I TranPhoneSwitcher: getNetworkType: WIFI
03-21 13:42:53.708  2487  2912 I TranPhoneSwitcher: mOthersign:-1subid :1
03-21 13:42:53.709  2222  2222 D StatusBarIconController: ignoring old pipeline callbacks, because the new mobile icons are enabled
03-21 13:42:54.335  1075  1125 I libPerfCtl: xgfGetFPS pid:2222 fps:-1
03-21 13:42:54.335  1075  1125 I AppThermalMode: [perfNotifyThermalState] hdl:0
03-21 13:42:54.335  1075  1125 I AppThermalMode: [findAppThermalIdx] Fail: appThermalModeEnable: 0,currentFPS: -1,fg->pid:26947
03-21 13:42:54.335  1075  1125 I AppThermalMode: [perfNotifyThermalState] appThermalIdx -1:
03-21 13:42:54.773  1134  1158 W TeeEndorsementInstaller: Endorsement token not found, wait a bit longer [vendor/mediatek/proprietary/trustzone/trustonic/source/external/mobicore/common/500/Daemon/src/EndorsementInstaller.cpp:105]
03-21 13:42:55.335  1075  1125 I libPerfCtl: xgfGetFPS pid:2222 fps:-1
03-21 13:42:55.335  1075  1125 I AppThermalMode: [perfNotifyThermalState] hdl:0
03-21 13:42:55.335  1075  1125 I AppThermalMode: [findAppThermalIdx] Fail: appThermalModeEnable: 0,currentFPS: -1,fg->pid:26947
03-21 13:42:55.335  1075  1125 I AppThermalMode: [perfNotifyThermalState] appThermalIdx -1:
03-21 13:42:56.335  1075  1125 I libPerfCtl: xgfGetFPS pid:2222 fps:-1
03-21 13:42:56.336  1075  1125 I AppThermalMode: [perfNotifyThermalState] hdl:0
03-21 13:42:56.336  1075  1125 I AppThermalMode: [findAppThermalIdx] Fail: appThermalModeEnable: 0,currentFPS: -1,fg->pid:26947
03-21 13:42:56.336  1075  1125 I AppThermalMode: [perfNotifyThermalState] appThermalIdx -1:
03-21 13:42:56.489  2487  2487 E MtkPhoneIntfMgrEx: MainThreadHandler.handleMessage : 3
03-21 13:42:56.490  2487  2487 D MtkPhoneIntfMgrEx: EVENT_AT_URC_IND(0) AT(prefix): +ECSQ
03-21 13:42:56.490  2487  2921 D TLinkBrush_RAT: [handleMessage] : URC_OBSERVER
03-21 13:42:56.490  2487  2921 D TLinkBrush_RAT: AT RESPONSE
03-21 13:42:56.490  2487  2921 D TLinkBrush_RAT: Response str = +ECSQ: 19,42,-353,1,1,-42,-395,4096,14,3
03-21 13:42:56.490  2487  2921 D TLinkBrush_RAT: processUnsolOemMsg --- resp : +ECSQ: 19,42,-353,1,1,-42,-395,4096,14,3
03-21 13:42:56.490  2486  2562 D TRNS_PluginBase: EVENT_AT_COMMAND_URC: [0, +ECSQ: 19,42,-353,1,1,-42,-395,4096,14,3]
03-21 13:42:56.491  2487  2487 D TranSignalStrengthComponentImpl: [LTE] dbm: -99
03-21 13:42:56.492  2487  2487 D TranSignalStrengthComponentImpl: [LTE] dbm: -99
03-21 13:42:56.493  1806  1806 I MWN     : onSignalStrengthsChanged...
03-21 13:42:56.495  2487  2921 I TranTele/TranPhoneInterfaceManager: TTC - onSignalStrengthsChanged
03-21 13:42:56.496  1806  1806 I MWN     : network type = 1
03-21 13:42:56.496  1806  1806 I MWN     : Write 0 to node. type=Wi-Fi mSimExist=true mFlightMode=false
03-21 13:42:56.497 22631 22815 D TranSignalStrengthComponentImpl: [LTE] dbm: -99
03-21 13:42:56.497  1806  1806 I MWN     : write the value:0 to node successfully.
03-21 13:42:56.498  2222  2222 D StatusBarIconController: ignoring old pipeline callbacks, because the new mobile icons are enabled
03-21 13:42:56.498  1806  1868 D TranSignalStrengthComponentImpl: [LTE] dbm: -99
03-21 13:42:56.501  2487  2912 I TranPhoneSwitcher: getNetworkType: WIFI
03-21 13:42:56.501  2487  2912 I TranPhoneSwitcher: mDefaultsign:-1subid :6
03-21 13:42:56.502  2487  2912 I TranPhoneSwitcher: getNetworkType: WIFI
03-21 13:42:56.502  2487  2912 I TranPhoneSwitcher: isNeedSwitch: The current network type is WIFI
03-21 13:42:57.336  1075  1125 I libPerfCtl: xgfGetFPS pid:2222 fps:-1
03-21 13:42:57.336  1075  1125 I AppThermalMode: [perfNotifyThermalState] hdl:0
03-21 13:42:57.336  1075  1125 I AppThermalMode: [findAppThermalIdx] Fail: appThermalModeEnable: 0,currentFPS: -1,fg->pid:26947
03-21 13:42:57.336  1075  1125 I AppThermalMode: [perfNotifyThermalState] appThermalIdx -1:
03-21 13:42:57.628  1103  1132 D ccci_mdinit: (1):monitor_time_update_thread round:7225 ########
03-21 13:42:58.336  1075  1125 I libPerfCtl: xgfGetFPS pid:2222 fps:-1
03-21 13:42:58.337  1075  1125 I AppThermalMode: [perfNotifyThermalState] hdl:0
03-21 13:42:58.337  1075  1125 I AppThermalMode: [findAppThermalIdx] Fail: appThermalModeEnable: 0,currentFPS: -1,fg->pid:26947
03-21 13:42:58.337  1075  1125 I AppThermalMode: [perfNotifyThermalState] appThermalIdx -1:
03-21 13:42:58.820  2487  2487 E MtkPhoneIntfMgrEx: MainThreadHandler.handleMessage : 3
03-21 13:42:58.820  2487  2487 D MtkPhoneIntfMgrEx: EVENT_AT_URC_IND(1) AT(prefix): +ECSQ
03-21 13:42:58.821  2486  2562 D TRNS_PluginBase: EVENT_AT_COMMAND_URC: [1, +ECSQ: 18,42,-352,1,1,-43,-395,4096,15,3]
03-21 13:42:58.822  2487  2487 D TranSignalStrengthComponentImpl: [LTE] dbm: -99
03-21 13:42:58.822  2487  2487 D TranSignalStrengthComponentImpl: [LTE] dbm: -99
03-21 13:42:58.825  1806  1868 D TranSignalStrengthComponentImpl: [LTE] dbm: -99
03-21 13:42:58.825  2487  2921 I TranTele/TranPhoneInterfaceManager: TTC - onSignalStrengthsChanged
03-21 13:42:58.828  2222  2222 D StatusBarIconController: ignoring old pipeline callbacks, because the new mobile icons are enabled
03-21 13:42:58.828  2487  2912 I TranPhoneSwitcher: getNetworkType: WIFI
03-21 13:42:58.828  2487  2912 I TranPhoneSwitcher: mOthersign:-1subid :1
03-21 13:42:59.336  1075  1125 I libPerfCtl: xgfGetFPS pid:2222 fps:-1
03-21 13:42:59.337  1075  1125 I AppThermalMode: [perfNotifyThermalState] hdl:0
03-21 13:42:59.337  1075  1125 I AppThermalMode: [findAppThermalIdx] Fail: appThermalModeEnable: 0,currentFPS: -1,fg->pid:26947
03-21 13:42:59.337  1075  1125 I AppThermalMode: [perfNotifyThermalState] appThermalIdx -1:
03-21 13:42:59.378  2222  2222 D StatusBarIconController: ignoring old pipeline callback because the new wifi icon is enabled
03-21 13:42:59.402  1096  1510 D SurfaceFlinger: calculateTimeoutTime, triggerInterval = 1 sec + 199999692 nsec
03-21 13:42:59.418  1096  1096 I BufferQueueProducer: [StatusBar#72](this:0xeec51cd8,id:-1,api:0,p:-1,c:1096) queueBuffer: fps=0.20 dur=9833.54 max=9814.03 min=19.51
03-21 13:42:59.421  1066  1176 I hwcomposer: [HWCDisplay] [Display_0 (type:1)] fps:0.301331,dur:6637.22,max:6618.26,min:18.95
03-21 13:42:59.646  1363  1363 D AALLightSensor: oldLux=5 [SA:5 LA:5] newLux=5 (oriLux: 6)
03-21 13:43:00.000  1806  1954 V AlarmManager: Checking for alarms... rtc=1774079880000, elapsed=156380119
03-21 13:43:00.001  1806  1954 V AlarmManager: Triggering alarm #0: Alarm{27c0ed1 uId =1000 creatorUid =1000 packageName =android sourcePackage =android operation =null type 3 origWhen 156380119 whenElapsed 156380119 android}
03-21 13:43:00.001  1806  1954 V AlarmManager: sending alarm Alarm{27c0ed1 uId =1000 creatorUid =1000 packageName =android sourcePackage =android operation =null type 3 origWhen 156380119 whenElapsed 156380119 android}
03-21 13:43:00.001  1806  1954 V AlarmManager: Alarm to uid=1000 listener=com.android.server.alarm.AlarmManagerService$3@6403853
03-21 13:43:00.001  1806  1954 V AlarmManager: Received TIME_TICK alarm; rescheduling
03-21 13:43:00.002  1806  1954 V AlarmManager: set(null) : type=3 triggerAtTime=156440119 win=0 tElapsed=156440119 maxElapsed=156440119 interval=0 flags=0x9
03-21 13:43:00.003  1806  1954 D AlarmManager: mBroadcastRefCount -> 1
03-21 13:43:00.004  1806  1954 I AlarmManager: going to acquire wakelock now
03-21 13:43:00.006  9977  9977 I UxDetectorRestHandler: loadDatabaseAtTime: 1851
03-21 13:43:00.007  2222  2366 W BroadcastDispatcherLog: [19672] Broadcast received for user 0: Intent { act=android.intent.action.TIME_TICK flg=0x50200010 }
03-21 13:43:00.008  1806  1806 I AlarmManager: alarmComplete() from com.android.server.alarm.AlarmManagerService$3@6403853
03-21 13:43:00.009  1806  1806 D AlarmManager: mBroadcastRefCount -> 0
03-21 13:43:00.009  2222  2366 W BroadcastDispatcherLog: [19673] Broadcast received for user -1: Intent { act=android.intent.action.TIME_TICK flg=0x50200010 }
03-21 13:43:00.013  2222  2222 D TrClockBaseView: onTimeChanged
03-21 13:43:00.019  2222  2222 D TrClockBaseView: onTimeChanged
03-21 13:43:00.337  1075  1125 I libPerfCtl: xgfGetFPS pid:2222 fps:-1
03-21 13:43:00.337  1075  1125 I AppThermalMode: [perfNotifyThermalState] hdl:0
03-21 13:43:00.337  1075  1125 I AppThermalMode: [findAppThermalIdx] Fail: appThermalModeEnable: 0,currentFPS: -1,fg->pid:26947
03-21 13:43:00.337  1075  1125 I AppThermalMode: [perfNotifyThermalState] appThermalIdx -1:
03-21 13:43:01.010  1806  1806 I AlarmManager: going to release wakelock now
03-21 13:43:01.013  3828  4494 E ActivityThread: Failed to find provider info for com.transsion.kolun.oxygenbus2.serviceBinder
03-21 13:43:01.018  2222  3018 E ActivityThread: Failed to find provider info for com.transsion.kolun.oxygenbus2.serviceBinder
03-21 13:43:01.018  2222  2433 W ApiInvoke1.5.141: OxygenBusUtils: isAppServiceProcessStarted, isMainLooper:false, timeout:1000, started:false, cost:3ms
03-21 13:43:01.337  1075  1125 I libPerfCtl: xgfGetFPS pid:2222 fps:-1
03-21 13:43:01.337  1075  1125 I AppThermalMode: [perfNotifyThermalState] hdl:0
03-21 13:43:01.337  1075  1125 I AppThermalMode: [findAppThermalIdx] Fail: appThermalModeEnable: 0,currentFPS: -1,fg->pid:26947
03-21 13:43:01.337  1075  1125 I AppThermalMode: [perfNotifyThermalState] appThermalIdx -1:
03-21 13:43:01.510  3734  4143 E ActivityThread: Failed to find provider info for com.transsion.kolun.oxygenbus2.serviceBinder
03-21 13:43:01.580  1047  1047 E tran_ihh: Failed to open file /proc/tran_flash_error_record/tran_ihh_cloudctl!
03-21 13:43:01.610  2487  2487 E MtkPhoneIntfMgrEx: MainThreadHandler.handleMessage : 3
03-21 13:43:01.610  2487  2487 D MtkPhoneIntfMgrEx: EVENT_AT_URC_IND(0) AT(prefix): +ECSQ
03-21 13:43:01.610  2487  2921 D TLinkBrush_RAT: [handleMessage] : URC_OBSERVER
03-21 13:43:01.610  2487  2921 D TLinkBrush_RAT: AT RESPONSE
03-21 13:43:01.610  2487  2921 D TLinkBrush_RAT: Response str = +ECSQ: 19,42,-352,1,1,-41,-393,4096,25,3
03-21 13:43:01.610  2487  2921 D TLinkBrush_RAT: processUnsolOemMsg --- resp : +ECSQ: 19,42,-352,1,1,-41,-393,4096,25,3
03-21 13:43:01.611  2486  2562 D TRNS_PluginBase: EVENT_AT_COMMAND_URC: [0, +ECSQ: 19,42,-352,1,1,-41,-393,4096,25,3]
03-21 13:43:01.611  2487  2487 D TranSignalStrengthComponentImpl: [LTE] dbm: -99
03-21 13:43:01.611  2487  2487 D TranSignalStrengthComponentImpl: [LTE] dbm: -99
03-21 13:43:01.613  1806  1806 I MWN     : onSignalStrengthsChanged...
03-21 13:43:01.616  2487  2921 I TranTele/TranPhoneInterfaceManager: TTC - onSignalStrengthsChanged
03-21 13:43:01.617 22631 22815 D TranSignalStrengthComponentImpl: [LTE] dbm: -99
03-21 13:43:01.617  1806  1806 I MWN     : network type = 1
03-21 13:43:01.617  1806  1806 I MWN     : Write 0 to node. type=Wi-Fi mSimExist=true mFlightMode=false
03-21 13:43:01.618  2222  2222 D StatusBarIconController: ignoring old pipeline callbacks, because the new mobile icons are enabled
03-21 13:43:01.618  1806  1868 D TranSignalStrengthComponentImpl: [LTE] dbm: -99
03-21 13:43:01.620  1806  1806 I MWN     : write the value:0 to node successfully.
03-21 13:43:01.622  2487  2912 I TranPhoneSwitcher: getNetworkType: WIFI
03-21 13:43:01.622  2487  2912 I TranPhoneSwitcher: mDefaultsign:-1subid :6
03-21 13:43:01.623  2487  2912 I TranPhoneSwitcher: getNetworkType: WIFI
03-21 13:43:01.623  2487  2912 I TranPhoneSwitcher: isNeedSwitch: The current network type is WIFI
03-21 13:43:01.641  1344  1344 I thermal_repeater: [recvMdThermalInfo] ret=29, strLen=127,  3, 36, -50, -28399, 32767, 0
03-21 13:43:02.337  1075  1125 I libPerfCtl: xgfGetFPS pid:2222 fps:-1
03-21 13:43:02.338  1075  1125 I AppThermalMode: [perfNotifyThermalState] hdl:0
03-21 13:43:02.338  1075  1125 I AppThermalMode: [findAppThermalIdx] Fail: appThermalModeEnable: 0,currentFPS: -1,fg->pid:26947
03-21 13:43:02.338  1075  1125 I AppThermalMode: [perfNotifyThermalState] appThermalIdx -1:
03-21 13:43:02.399  2222  2222 D StatusBarIconController: ignoring old pipeline callback because the new wifi icon is enabled
03-21 13:43:02.429  1096  1510 D SurfaceFlinger: calculateTimeoutTime, triggerInterval = 1 sec + 199999462 nsec
03-21 13:43:02.431  1096  1096 I BufferQueueProducer: [StatusBar#72](this:0xeec51cd8,id:-1,api:0,p:-1,c:1096) queueBuffer: fps=0.66 dur=3012.63 max=2353.85 min=658.78
03-21 13:43:02.434  1066  1176 I hwcomposer: [HWCDisplay] [Display_0 (type:1)] fps:0.663960,dur:3012.23,max:2354.10,min:658.13
03-21 13:43:02.808  1806  4535 D TLinkBrush_DATA: [NetdEvent]Wifi connect true, screen state true, do nothing!
03-21 13:43:03.018  3828  4997 E ActivityThread: Failed to find provider info for com.transsion.kolun.oxygenbus2.serviceBinder
03-21 13:43:03.024  2222  3216 E ActivityThread: Failed to find provider info for com.transsion.kolun.oxygenbus2.serviceBinder
03-21 13:43:03.024  2222  2433 W ApiInvoke1.5.141: OxygenBusUtils: isAppServiceProcessStarted, isMainLooper:false, timeout:1000, started:false, cost:3ms
03-21 13:43:03.169  1070  2057 I android.hardware.usb@1.2-service-mediatekv2: uevent_event change@/devices/platform/1000d000.pwrap/1000d000.pwrap:mt6358-pmic/mt6358-gauge/power_supply/battery
03-21 13:43:03.170  1070  2057 I android.hardware.usb@1.2-service-mediatekv2: uevent_event change@/devices/platform/1000d000.pwrap/1000d000.pwrap:mt6358-pmic/mt6358-gauge/power_supply/battery
03-21 13:43:03.170  1070  2057 I android.hardware.usb@1.2-service-mediatekv2: uevent_event change@/devices/platform/1000d000.pwrap/1000d000.pwrap:mt6358-pmic/mt6358-gauge/power_supply/battery
03-21 13:43:03.170  1070  2057 I android.hardware.usb@1.2-service-mediatekv2: uevent_event change@/devices/platform/1000d000.pwrap/1000d000.pwrap:mt6358-pmic/mt6358-gauge/power_supply/battery
03-21 13:43:03.170  1070  2057 I android.hardware.usb@1.2-service-mediatekv2: uevent_event change@/devices/platform/1000d000.pwrap/1000d000.pwrap:mt6358-pmic/mt6358-gauge/power_supply/battery
03-21 13:43:03.170  1070  2057 I android.hardware.usb@1.2-service-mediatekv2: uevent_event change@/devices/platform/1000d000.pwrap/1000d000.pwrap:mt6358-pmic/mt6358-gauge/power_supply/battery
03-21 13:43:03.171  1070  2057 I android.hardware.usb@1.2-service-mediatekv2: uevent_event change@/devices/platform/1000d000.pwrap/1000d000.pwrap:mt6358-pmic/mt6358-gauge/power_supply/battery
03-21 13:43:03.171  1070  2057 I android.hardware.usb@1.2-service-mediatekv2: uevent_event change@/devices/platform/1000d000.pwrap/1000d000.pwrap:mt6358-pmic/mt6358-gauge/power_supply/battery
03-21 13:43:03.171  1070  2057 I android.hardware.usb@1.2-service-mediatekv2: uevent_event change@/devices/platform/1000d000.pwrap/1000d000.pwrap:mt6358-pmic/mt6358-gauge/power_supply/battery
03-21 13:43:03.171  1070  2057 I android.hardware.usb@1.2-service-mediatekv2: uevent_event change@/devices/platform/1000d000.pwrap/1000d000.pwrap:mt6358-pmic/mt6358-gauge/power_supply/battery
03-21 13:43:03.172  1070  2057 I android.hardware.usb@1.2-service-mediatekv2: uevent_event change@/devices/platform/1000d000.pwrap/1000d000.pwrap:mt6358-pmic/mt6358-gauge/power_supply/battery
03-21 13:43:03.172  1070  2057 I android.hardware.usb@1.2-service-mediatekv2: uevent_event change@/devices/platform/1000d000.pwrap/1000d000.pwrap:mt6358-pmic/mt6358-gauge/power_supply/battery
03-21 13:43:03.172  1070  2057 I android.hardware.usb@1.2-service-mediatekv2: uevent_event change@/devices/platform/1000d000.pwrap/1000d000.pwrap:mt6358-pmic/mt6358-gauge/power_supply/battery
03-21 13:43:03.172  1070  2057 I android.hardware.usb@1.2-service-mediatekv2: uevent_event change@/devices/platform/1000d000.pwrap/1000d000.pwrap:mt6358-pmic/mt6358-gauge/power_supply/battery
03-21 13:43:03.172  1070  2057 I android.hardware.usb@1.2-service-mediatekv2: uevent_event change@/devices/platform/1000d000.pwrap/1000d000.pwrap:mt6358-pmic/mt6358-gauge/power_supply/battery
03-21 13:43:03.173  1070  2057 I android.hardware.usb@1.2-service-mediatekv2: uevent_event change@/devices/platform/1000d000.pwrap/1000d000.pwrap:mt6358-pmic/mt6358-gauge/power_supply/battery
03-21 13:43:03.173  1070  2057 I android.hardware.usb@1.2-service-mediatekv2: uevent_event change@/devices/platform/1000d000.pwrap/1000d000.pwrap:mt6358-pmic/mt6358-gauge/power_supply/battery
03-21 13:43:03.173  1070  2057 I android.hardware.usb@1.2-service-mediatekv2: uevent_event change@/devices/platform/1000d000.pwrap/1000d000.pwrap:mt6358-pmic/mt6358-gauge/power_supply/battery
03-21 13:43:03.173  1070  2057 I android.hardware.usb@1.2-service-mediatekv2: uevent_event change@/devices/platform/1000d000.pwrap/1000d000.pwrap:mt6358-pmic/mt6358-gauge/power_supply/battery
03-21 13:43:03.174  1070  2057 I android.hardware.usb@1.2-service-mediatekv2: uevent_event change@/devices/platform/1000d000.pwrap/1000d000.pwrap:mt6358-pmic/mt6358-gauge/power_supply/battery
03-21 13:43:03.174  1070  2057 I android.hardware.usb@1.2-service-mediatekv2: uevent_event change@/devices/platform/1000d000.pwrap/1000d000.pwrap:mt6358-pmic/mt6358-gauge/power_supply/battery
03-21 13:43:03.174  1070  2057 I android.hardware.usb@1.2-service-mediatekv2: uevent_event change@/devices/platform/1000d000.pwrap/1000d000.pwrap:mt6358-pmic/mt6358-gauge/power_supply/battery
03-21 13:43:03.174  1070  2057 I android.hardware.usb@1.2-service-mediatekv2: uevent_event change@/devices/platform/1000d000.pwrap/1000d000.pwrap:mt6358-pmic/mt6358-gauge/power_supply/battery
03-21 13:43:03.191  1070  2057 I android.hardware.usb@1.2-service-mediatekv2: uevent_event change@/devices/platform/1000d000.pwrap/1000d000.pwrap:mt6358-pmic/mt6358-gauge/power_supply/battery
03-21 13:43:03.192  1070  2057 I android.hardware.usb@1.2-service-mediatekv2: uevent_event change@/devices/platform/1000d000.pwrap/1000d000.pwrap:mt6358-pmic/mt6358-gauge/power_supply/battery
03-21 13:43:03.192  1070  2057 I android.hardware.usb@1.2-service-mediatekv2: uevent_event change@/devices/platform/1000d000.pwrap/1000d000.pwrap:mt6358-pmic/mt6358-gauge/power_supply/battery
03-21 13:43:03.192  1070  2057 I android.hardware.usb@1.2-service-mediatekv2: uevent_event change@/devices/platform/1000d000.pwrap/1000d000.pwrap:mt6358-pmic/mt6358-gauge/power_supply/battery
03-21 13:43:03.193  1070  2057 I android.hardware.usb@1.2-service-mediatekv2: uevent_event change@/devices/platform/1000d000.pwrap/1000d000.pwrap:mt6358-pmic/mt6358-gauge/power_supply/battery
03-21 13:43:03.193  1070  2057 I android.hardware.usb@1.2-service-mediatekv2: uevent_event change@/devices/platform/1000d000.pwrap/1000d000.pwrap:mt6358-pmic/mt6358-gauge/power_supply/battery
03-21 13:43:03.193  1070  2057 I android.hardware.usb@1.2-service-mediatekv2: uevent_event change@/devices/platform/1000d000.pwrap/1000d000.pwrap:mt6358-pmic/mt6358-gauge/power_supply/battery
03-21 13:43:03.193  1070  2057 I android.hardware.usb@1.2-service-mediatekv2: uevent_event change@/devices/platform/1000d000.pwrap/1000d000.pwrap:mt6358-pmic/mt6358-gauge/power_supply/battery
03-21 13:43:03.194  1070  2057 I android.hardware.usb@1.2-service-mediatekv2: uevent_event change@/devices/platform/1000d000.pwrap/1000d000.pwrap:mt6358-pmic/mt6358-gauge/power_supply/battery
03-21 13:43:03.194  1070  2057 I android.hardware.usb@1.2-service-mediatekv2: uevent_event change@/devices/platform/1000d000.pwrap/1000d000.pwrap:mt6358-pmic/mt6358-gauge/power_supply/battery
03-21 13:43:03.194  1070  2057 I android.hardware.usb@1.2-service-mediatekv2: uevent_event change@/devices/platform/1000d000.pwrap/1000d000.pwrap:mt6358-pmic/mt6358-gauge/power_supply/battery
03-21 13:43:03.195  1070  2057 I android.hardware.usb@1.2-service-mediatekv2: uevent_event change@/devices/platform/1000d000.pwrap/1000d000.pwrap:mt6358-pmic/mt6358-gauge/power_supply/battery
03-21 13:43:03.195  1070  2057 I android.hardware.usb@1.2-service-mediatekv2: uevent_event change@/devices/platform/1000d000.pwrap/1000d000.pwrap:mt6358-pmic/mt6358-gauge/power_supply/battery
03-21 13:43:03.195  1070  2057 I android.hardware.usb@1.2-service-mediatekv2: uevent_event change@/devices/platform/1000d000.pwrap/1000d000.pwrap:mt6358-pmic/mt6358-gauge/power_supply/battery
03-21 13:43:03.196  1070  2057 I android.hardware.usb@1.2-service-mediatekv2: uevent_event change@/devices/platform/1000d000.pwrap/1000d000.pwrap:mt6358-pmic/mt6358-gauge/power_supply/battery
03-21 13:43:03.196  1070  2057 I android.hardware.usb@1.2-service-mediatekv2: uevent_event change@/devices/platform/1000d000.pwrap/1000d000.pwrap:mt6358-pmic/mt6358-gauge/power_supply/battery
03-21 13:43:03.196  1070  2057 I android.hardware.usb@1.2-service-mediatekv2: uevent_event change@/devices/platform/1000d000.pwrap/1000d000.pwrap:mt6358-pmic/mt6358-gauge/power_supply/battery
03-21 13:43:03.197  1070  2057 I android.hardware.usb@1.2-service-mediatekv2: uevent_event change@/devices/platform/1000d000.pwrap/1000d000.pwrap:mt6358-pmic/mt6358-gauge/power_supply/battery
03-21 13:43:03.197  1070  2057 I android.hardware.usb@1.2-service-mediatekv2: uevent_event change@/devices/platform/1000d000.pwrap/1000d000.pwrap:mt6358-pmic/mt6358-gauge/power_supply/battery
03-21 13:43:03.198  1070  2057 I android.hardware.usb@1.2-service-mediatekv2: uevent_event change@/devices/platform/1000d000.pwrap/1000d000.pwrap:mt6358-pmic/mt6358-gauge/power_supply/battery
03-21 13:43:03.198  1070  2057 I android.hardware.usb@1.2-service-mediatekv2: uevent_event change@/devices/platform/1000d000.pwrap/1000d000.pwrap:mt6358-pmic/mt6358-gauge/power_supply/battery
03-21 13:43:03.198  1070  2057 I android.hardware.usb@1.2-service-mediatekv2: uevent_event change@/devices/platform/1000d000.pwrap/1000d000.pwrap:mt6358-pmic/mt6358-gauge/power_supply/battery
03-21 13:43:03.199  1070  2057 I android.hardware.usb@1.2-service-mediatekv2: uevent_event change@/devices/platform/1000d000.pwrap/1000d000.pwrap:mt6358-pmic/mt6358-gauge/power_supply/battery
03-21 13:43:03.200  1806  2147 D TranLedLightImpl: TranLedLightImpl--ledwork:false
03-21 13:43:03.200  1806  2147 D TranLedLightImpl: isBatteryOnlyWorkfalse
03-21 13:43:03.200  1806  2147 D BatteryService: HealthInfoUpdate: HealthInfo:{.chargerAcOnline = false, .chargerUsbOnline = true, .chargerWirelessOnline = false, .maxChargingCurrent = 500000, .maxChargingVoltage = 5000000, .batteryStatus = 2, .batteryHealth = 2, .batteryPresent = true, .batteryLevel = 100, .batteryVoltage = 4385, .batteryTemperature = 309, .batteryCurrent = 236100, .batteryCycleCount = 1, .batteryFullCharge = 5000000, .batteryChargeCounter=5000000, .batteryTechnology = Li-ion, .batteryCapacityLevel = 5}
03-21 13:43:03.204  9857  9857 D BatteryLabService: current level == 100, temperature == 309
03-21 13:43:03.204  9857  9857 D BatteryLabService: system is charging
03-21 13:43:03.207  2487  2922 I TranTele/TranPhoneInterfaceManager: [onReceive] action: android.intent.action.BATTERY_CHANGED
03-21 13:43:03.207  2222  3016 D PowerUI : can't show warning due to - plugged: true status unknown: false
03-21 13:43:03.208  2487  2487 D EmergencyMsgController: powerPluggedIn: true level: 100 LowBatteryMode: false
03-21 13:43:03.210  1806  2147 D TranLedLightImpl: TranLedLightImpl--ledwork:false
03-21 13:43:03.210  1806  2147 D TranLedLightImpl: isBatteryOnlyWorkfalse
03-21 13:43:03.210  1806  2147 D BatteryService: HealthInfoUpdate: HealthInfo:{.chargerAcOnline = false, .chargerUsbOnline = true, .chargerWirelessOnline = false, .maxChargingCurrent = 500000, .maxChargingVoltage = 5000000, .batteryStatus = 2, .batteryHealth = 2, .batteryPresent = true, .batteryLevel = 100, .batteryVoltage = 4380, .batteryTemperature = 309, .batteryCurrent = 127400, .batteryCycleCount = 1, .batteryFullCharge = 5000000, .batteryChargeCounter=5000000, .batteryTechnology = Li-ion, .batteryCapacityLevel = 5}
03-21 13:43:03.215  9857  9857 D BatteryLabService: current level == 100, temperature == 309
03-21 13:43:03.215  9857  9857 D BatteryLabService: system is charging
03-21 13:43:03.218  2222  3159 D PowerUI : can't show warning due to - plugged: true status unknown: false
03-21 13:43:03.218  2487  2487 D EmergencyMsgController: powerPluggedIn: true level: 100 LowBatteryMode: false
03-21 13:43:03.218  2487  2922 I TranTele/TranPhoneInterfaceManager: [onReceive] action: android.intent.action.BATTERY_CHANGED
03-21 13:43:03.338  1075  1125 I libPerfCtl: xgfGetFPS pid:2222 fps:-1
03-21 13:43:03.338  1075  1125 I AppThermalMode: [perfNotifyThermalState] hdl:0
03-21 13:43:03.338  1075  1125 I AppThermalMode: [findAppThermalIdx] Fail: appThermalModeEnable: 0,currentFPS: -1,fg->pid:26947
03-21 13:43:03.338  1075  1125 I AppThermalMode: [perfNotifyThermalState] appThermalIdx -1:
03-21 13:43:03.516  3734  4266 E ActivityThread: Failed to find provider info for com.transsion.kolun.oxygenbus2.serviceBinder
03-21 13:43:03.715  3734  3734 I Hoffnung: Universal onReceive: Intent { act=android.intent.action.BATTERY_CHANGED flg=0x70000010 (has extras) }
03-21 13:43:03.717  3734  3734 I Hoffnung: LocalBroadcastManager onReceive Intent { act=android.intent.action.BATTERY_CHANGED flg=0x70000010 (has extras) }
03-21 13:43:03.718  1806  1861 D BroadcastQueue: Hiber/broadcast restricted queue.uid=10415
03-21 13:43:03.719  1806  1861 D BroadcastQueue: Hiber/broadcast restricted queue.uid=10415
03-21 13:43:03.720  1806  1861 D BroadcastQueue: Hiber/broadcast restricted queue.uid=10404
03-21 13:43:03.721  1806  1861 D BroadcastQueue: Hiber/broadcast restricted queue.uid=10404
03-21 13:43:03.940  2487  2487 E MtkPhoneIntfMgrEx: MainThreadHandler.handleMessage : 3
03-21 13:43:03.940  2487  2487 D MtkPhoneIntfMgrEx: EVENT_AT_URC_IND(1) AT(prefix): +ECSQ
03-21 13:43:03.941  2486  2562 D TRNS_PluginBase: EVENT_AT_COMMAND_URC: [1, +ECSQ: 16,42,-348,1,1,-47,-395,4096,24,3]
03-21 13:43:03.941  2487  2487 D TranSignalStrengthComponentImpl: [LTE] dbm: -99
03-21 13:43:03.942  2487  2487 D TranSignalStrengthComponentImpl: [LTE] dbm: -99
03-21 13:43:03.946  2487  2921 I TranTele/TranPhoneInterfaceManager: TTC - onSignalStrengthsChanged
03-21 13:43:03.946  1806  1868 D TranSignalStrengthComponentImpl: [LTE] dbm: -99
03-21 13:43:03.949  2487  2912 I TranPhoneSwitcher: getNetworkType: WIFI
03-21 13:43:03.950  2487  2912 I TranPhoneSwitcher: mOthersign:-1subid :1
03-21 13:43:03.951  2222  2222 D StatusBarIconController: ignoring old pipeline callbacks, because the new mobile icons are enabled
03-21 13:43:04.046  1363  1363 D AALLightSensor: oldLux=5 [SA:4 LA:4] newLux=5 (oriLux: 5)
03-21 13:43:04.338  1075  1125 I libPerfCtl: xgfGetFPS pid:2222 fps:-1
03-21 13:43:04.339  1075  1125 I AppThermalMode: [perfNotifyThermalState] hdl:0
03-21 13:43:04.339  1075  1125 I AppThermalMode: [findAppThermalIdx] Fail: appThermalModeEnable: 0,currentFPS: -1,fg->pid:26947
03-21 13:43:04.339  1075  1125 I AppThermalMode: [perfNotifyThermalState] appThermalIdx -1:
03-21 13:43:04.552  1806  2473 D Hiber/cgroup: writeDevFile pid: 27523
03-21 13:43:04.555  1806  2473 I Hiber/sceneManager: unfreeze uid: 10404 com.facebook.katana pids:[27523]  reason:packet   cpninfo:PKG/-1 costTime=4ms
03-21 13:43:04.555  1806  2471 D Hiber/appStateMachine: uid=10404, pkg=com.facebook.katana, transition from Frozen to Running, reason=packet
03-21 13:43:04.555  1806  2471 D Hiber/appStateMachine: uid:10404 exit FrozenState
03-21 13:43:04.555  1806  3155 D Hiber/proxyWakeLock: remove uid: 10404 wiht all pids from wakelockUidInfo list
03-21 13:43:04.556  1806  2472 D Hiber/proxyManager: up_service: 10404
03-21 13:43:04.556  1806  2472 D Hiber/proxyManager: up_job: 10404
03-21 13:43:04.556  1806  2472 D Hiber/proxyManager: un_job: 10404
03-21 13:43:04.556  1806  2472 D Hiber/JobExtImpl: un_job=JobStatus{d8e7202 #u0a404/2131366147 com.facebook.katana/com.facebook.analytics2.logger.legacy.uploader.LollipopUploadService u=0 s=10404 TIME=+3m53s271ms:+3m53s271ms NET satisfied:0x1b400000 unsatisfied:0x80000000}for uid=10404
03-21 13:43:04.556  1806  2472 D Hiber/JobExtImpl: un_job=JobStatus{b5302a7 #u0a404/2131366157 com.facebook.katana/com.facebook.push.registration.PushNegativeFeedbackLollipopService u=0 s=10404 TIME=+2h58m54s740ms:none NET satisfied:0x1b400000 unsatisfied:0x80000000}for uid=10404
03-21 13:43:04.557  1806  2472 D Hiber/JobExtImpl: un_job=JobStatus{56018b6 #u0a404/2131366151 com.facebook.katana/com.facebook.conditionalworker.LollipopConditionalWorkerService u=0 s=10404 TIME=+2h39m49s302ms:none NET satisfied:0x1b400000 unsatisfied:0x80000000}for uid=10404
03-21 13:43:04.557  1806  2472 D Hiber/JobExtImpl: unProxyJobs leave, uid=10404 discard=false
03-21 13:43:04.557  1806  2472 D Hiber/alarmManagerServiceExtImpl: unproxyAlarms, alarm=Alarm{c66da3c uId =10404 creatorUid =10404 packageName =com.facebook.katana sourcePackage =com.facebook.katana operation =PendingIntent{ac86bc2: PendingIntentRecord{2372dd3 com.facebook.katana broadcastIntent}} type 2 origWhen 156644637 whenElapsed 156644637 com.facebook.katana}
03-21 13:43:04.557  1806  2472 D Hiber/alarmManagerServiceExtImpl: unproxyAlarms, alarm=Alarm{c70014a uId =10404 creatorUid =10404 packageName =com.facebook.katana sourcePackage =com.facebook.katana operation =PendingIntent{c841130: PendingIntentRecord{8c17718 com.facebook.katana broadcastIntent}} type 1 origWhen 1779156243772 whenElapsed 5232743891 com.facebook.katana}
03-21 13:43:04.557  1806  2472 D Hiber/alarmManagerServiceExtImpl: unproxyAlarms leave, uid=10404, packageName=null
03-21 13:43:04.558 27523 28001 D omnistore_android_logger: AlarmManager::mainLoop calling alarm callbacks. There are total 0 scheduled tasks, and about to trigger 0 tasks (first task is N/A), then sleep for 43199999 ms
03-21 13:43:04.559 27523 28215 D TranSignalStrengthComponentImpl: [LTE] dbm: -99
03-21 13:43:04.560 27523 27671 E fb4a.msys: E[C MEMConnectionManager]__DisconnectIfNeededOnNetworkContextAsyncImpl(1299)=>[Critical] Call WCCConnectionMEMDisconnectImmediately with event id: 3
03-21 13:43:04.561 27523 27671 E fb4a.msys: E[N WCCConnectionMEM]_WCCConnectionMEMDoDisconnect(1908)=>[INFO] connection/disconnect/[internalState=5]
03-21 13:43:04.561 27523 27671 E fb4a.msys: E[N WA]WCCXMPPStreamDisconnectImmediately(918)=>[WARNING] xmpp/disconnect/immediate in state=2 reason={stateChangeSource: 0, stateChangeReason: 0}
03-21 13:43:04.564 27523 28294 D TranSignalStrengthComponentImpl: [LTE] dbm: -99
03-21 13:43:04.564 27523 28215 D TranSignalStrengthComponentImpl: [LTE] dbm: -98
03-21 13:43:04.565 27523 28294 D TranSignalStrengthComponentImpl: [LTE] dbm: -99
03-21 13:43:04.565 27523 28215 D TranSignalStrengthComponentImpl: [LTE] dbm: -99
03-21 13:43:04.565 27523 28294 D TranSignalStrengthComponentImpl: [LTE] dbm: -99
03-21 13:43:04.565 27523 28215 D TranSignalStrengthComponentImpl: [LTE] dbm: -99
03-21 13:43:04.565 27523 28294 D TranSignalStrengthComponentImpl: [LTE] dbm: -99
03-21 13:43:04.566 27523 28215 D TranSignalStrengthComponentImpl: [LTE] dbm: -99
03-21 13:43:04.566 27523 28294 D TranSignalStrengthComponentImpl: [LTE] dbm: -98
03-21 13:43:04.566 27523 28215 D TranSignalStrengthComponentImpl: [LTE] dbm: -99
03-21 13:43:04.566 27523 28294 D TranSignalStrengthComponentImpl: [LTE] dbm: -99
03-21 13:43:04.567 27523 28215 D TranSignalStrengthComponentImpl: [LTE] dbm: -99
03-21 13:43:04.567 27523 28294 D TranSignalStrengthComponentImpl: [LTE] dbm: -99
03-21 13:43:04.571 27523 27671 E fb4a.msys: E[N WA]_WCCXMPPStreamDisconnectHandler(342)=>xmpp/disconnect - WCIStreamStateErrorCode: 1, domain: WCIStreamState, subdomain: happyeyeballs: Error Domain=WCIStreamState Code=1 UserInfo=0x97ebd890 {MCFErrorDirectUnderlyingErrorKey=0x97d75470 "Error Domain=happyeyeballs Code=1"}
03-21 13:43:04.572 27523 27671 E fb4a.msys: E[N WCCConnectionMEM]_WCCConnectionMEMLifecycleEventHandler(2233)=>[INFO] connection/xmpp/lifecycle_event/not-connected, [130.6720s]
03-21 13:43:04.572 27523 27671 E fb4a.msys: E[N WA]_WCCXMPPStreamDoDisconnect(1308)=>xmpp/disconnect - flags: 0
03-21 13:43:04.572 27523 27671 E fb4a.msys: E[N WCCConnectionMEM]_WCCConnectionMEMEmitStateChange(3245)=>[INFO] connection/new_state/not-connected [connection_id=844483755, wcc_source=1, wcc_reason=0]
03-21 13:43:04.574 27523 27671 E fb4a.msys: E[C MEMConnectionManager]_MEMConnectionManagerStateChangeHandler(596)=>[Critical] MEMConnectionState updated to ID: 0 with connectionId: 844483755
03-21 13:43:04.582 27523 27672 E fb4a.msys: E[C mem.context]_NetworkStateChangedCallbackOnExecutionContext(8121)=>[INFO]skip the network state change source=4
03-21 13:43:05.024  3828  4368 E ActivityThread: Failed to find provider info for com.transsion.kolun.oxygenbus2.serviceBinder
03-21 13:43:05.030  2222  5868 E ActivityThread: Failed to find provider info for com.transsion.kolun.oxygenbus2.serviceBinder
03-21 13:43:05.030  2222  2433 W ApiInvoke1.5.141: OxygenBusUtils: isAppServiceProcessStarted, isMainLooper:false, timeout:1000, started:false, cost:3ms
03-21 13:43:05.339  1075  1125 I libPerfCtl: xgfGetFPS pid:2222 fps:-1
03-21 13:43:05.339  1075  1125 I AppThermalMode: [perfNotifyThermalState] hdl:0
03-21 13:43:05.339  1075  1125 I AppThermalMode: [findAppThermalIdx] Fail: appThermalModeEnable: 0,currentFPS: -1,fg->pid:26947
03-21 13:43:05.339  1075  1125 I AppThermalMode: [perfNotifyThermalState] appThermalIdx -1:
03-21 13:43:05.430  1806  1840 D AES     : AEEIOCTL_GET/SET_SF_STATE IOCTL,cmd= 1074294797, lParam=0.
03-21 13:43:05.431  1806  1840 D AES     : AEEIOCTL_RT_MON_Kick IOCTL,cmd= 2147774474, lParam=300.
03-21 13:43:05.520  3734  4576 E ActivityThread: Failed to find provider info for com.transsion.kolun.oxygenbus2.serviceBinder
03-21 13:43:06.339  1075  1125 I libPerfCtl: xgfGetFPS pid:2222 fps:-1
03-21 13:43:06.339  1075  1125 I AppThermalMode: [perfNotifyThermalState] hdl:0
03-21 13:43:06.339  1075  1125 I AppThermalMode: [findAppThermalIdx] Fail: appThermalModeEnable: 0,currentFPS: -1,fg->pid:26947
03-21 13:43:06.339  1075  1125 I AppThermalMode: [perfNotifyThermalState] appThermalIdx -1:
03-21 13:43:06.730  2487  2487 E MtkPhoneIntfMgrEx: MainThreadHandler.handleMessage : 3
03-21 13:43:06.730  2487  2487 D MtkPhoneIntfMgrEx: EVENT_AT_URC_IND(0) AT(prefix): +ECSQ
03-21 13:43:06.730  2487  2921 D TLinkBrush_RAT: [handleMessage] : URC_OBSERVER
03-21 13:43:06.730  2487  2921 D TLinkBrush_RAT: AT RESPONSE
03-21 13:43:06.730  2487  2921 D TLinkBrush_RAT: Response str = +ECSQ: 19,41,-356,1,1,-41,-397,4096,24,3
03-21 13:43:06.730  2487  2921 D TLinkBrush_RAT: processUnsolOemMsg --- resp : +ECSQ: 19,41,-356,1,1,-41,-397,4096,24,3
03-21 13:43:06.731  2486  2562 D TRNS_PluginBase: EVENT_AT_COMMAND_URC: [0, +ECSQ: 19,41,-356,1,1,-41,-397,4096,24,3]
03-21 13:43:06.731  2487  2487 D TranSignalStrengthComponentImpl: [LTE] dbm: -100
03-21 13:43:06.732  2487  2487 D TranSignalStrengthComponentImpl: [LTE] dbm: -100
03-21 13:43:06.733  1806  1806 I MWN     : onSignalStrengthsChanged...
03-21 13:43:06.737  2487  2921 I TranTele/TranPhoneInterfaceManager: TTC - onSignalStrengthsChanged
03-21 13:43:06.737  1806  1806 I MWN     : network type = 1
03-21 13:43:06.737  1806  1806 I MWN     : Write 0 to node. type=Wi-Fi mSimExist=true mFlightMode=false
03-21 13:43:06.738 22631 22815 D TranSignalStrengthComponentImpl: [LTE] dbm: -100
03-21 13:43:06.738  1806  1806 I MWN     : write the value:0 to node successfully.
03-21 13:43:06.739 27523 28294 D TranSignalStrengthComponentImpl: [LTE] dbm: -100
03-21 13:43:06.740  1806  1868 D TranSignalStrengthComponentImpl: [LTE] dbm: -100
03-21 13:43:06.740 27523 28215 D TranSignalStrengthComponentImpl: [LTE] dbm: -100
03-21 13:43:06.741  2222  2222 D StatusBarIconController: ignoring old pipeline callbacks, because the new mobile icons are enabled
03-21 13:43:06.743  2487  2912 I TranPhoneSwitcher: getNetworkType: WIFI
03-21 13:43:06.743  2487  2912 I TranPhoneSwitcher: mDefaultsign:-1subid :6
03-21 13:43:06.744  2487  2912 I TranPhoneSwitcher: getNetworkType: WIFI
03-21 13:43:06.744  2487  2912 I TranPhoneSwitcher: isNeedSwitch: The current network type is WIFI
03-21 13:43:07.029  3828  4494 E ActivityThread: Failed to find provider info for com.transsion.kolun.oxygenbus2.serviceBinder
03-21 13:43:07.036  2222  6049 E ActivityThread: Failed to find provider info for com.transsion.kolun.oxygenbus2.serviceBinder
03-21 13:43:07.036  2222  2433 W ApiInvoke1.5.141: OxygenBusUtils: isAppServiceProcessStarted, isMainLooper:false, timeout:1000, started:false, cost:3ms
03-21 13:43:07.339  1075  1125 I libPerfCtl: xgfGetFPS pid:2222 fps:-1
03-21 13:43:07.340  1075  1125 I AppThermalMode: [perfNotifyThermalState] hdl:0
03-21 13:43:07.340  1075  1125 I AppThermalMode: [findAppThermalIdx] Fail: appThermalModeEnable: 0,currentFPS: -1,fg->pid:26947
03-21 13:43:07.340  1075  1125 I AppThermalMode: [perfNotifyThermalState] appThermalIdx -1:
03-21 13:43:07.525  3734  4143 E ActivityThread: Failed to find provider info for com.transsion.kolun.oxygenbus2.serviceBinder
03-21 13:43:08.340  1075  1125 I libPerfCtl: xgfGetFPS pid:2222 fps:-1
03-21 13:43:08.340  1075  1125 I AppThermalMode: [perfNotifyThermalState] hdl:0
03-21 13:43:08.340  1075  1125 I AppThermalMode: [findAppThermalIdx] Fail: appThermalModeEnable: 0,currentFPS: -1,fg->pid:26947
03-21 13:43:08.340  1075  1125 I AppThermalMode: [perfNotifyThermalState] appThermalIdx -1:
03-21 13:43:09.034  3828  4997 E ActivityThread: Failed to find provider info for com.transsion.kolun.oxygenbus2.serviceBinder
03-21 13:43:09.034  3828  4369 W ApiInvoke1.5.130: OxygenBusProcess: OxygenBusProcess onAPPServiceFault reTryTimes 4
03-21 13:43:09.041  2222  6226 E ActivityThread: Failed to find provider info for com.transsion.kolun.oxygenbus2.serviceBinder
03-21 13:43:09.042  2222  2433 W ApiInvoke1.5.141: OxygenBusUtils: isAppServiceProcessStarted, isMainLooper:false, timeout:1000, started:false, cost:3ms
03-21 13:43:09.045  2222  2433 W ApiInvoke1.5.141: OxygenBusProcess: OxygenBusProcess onAPPServiceFault reTryTimes 4
03-21 13:43:09.058  2487  2487 E MtkPhoneIntfMgrEx: MainThreadHandler.handleMessage : 3
03-21 13:43:09.058  2487  2487 D MtkPhoneIntfMgrEx: EVENT_AT_URC_IND(1) AT(prefix): +ECSQ
03-21 13:43:09.059  2486  2562 D TRNS_PluginBase: EVENT_AT_COMMAND_URC: [1, +ECSQ: 18,41,-354,1,1,-43,-397,4096,25,3]
03-21 13:43:09.060  2487  2487 D TranSignalStrengthComponentImpl: [LTE] dbm: -100
03-21 13:43:09.060  2487  2487 D TranSignalStrengthComponentImpl: [LTE] dbm: -100
03-21 13:43:09.064  1806  1868 D TranSignalStrengthComponentImpl: [LTE] dbm: -100
03-21 13:43:09.064  2487  2921 I TranTele/TranPhoneInterfaceManager: TTC - onSignalStrengthsChanged
03-21 13:43:09.067  2222  2222 D StatusBarIconController: ignoring old pipeline callbacks, because the new mobile icons are enabled
03-21 13:43:09.067  2487  2912 I TranPhoneSwitcher: getNetworkType: WIFI
03-21 13:43:09.067  2487  2912 I TranPhoneSwitcher: mOthersign:-1subid :1
03-21 13:43:09.199 17838 27080 I AlarmManager: setExactAndAllowWhileIdle [name: GCM_HB_ALARM type: 2 triggerAtMillis: 156689318]
03-21 13:43:09.200  1806  2134 D CompatibilityChangeReporter: Compat change id reported: 171306433; UID 10104; state: ENABLED
03-21 13:43:09.201  1806  2134 D CompatibilityChangeReporter: Compat change id reported: 218533173; UID 10104; state: ENABLED
03-21 13:43:09.201  1806  2134 V AlarmManager: set(PendingIntent{bcd4e41: PendingIntentRecord{48f3c0f com.google.android.gms/com.google.android.gms.gcm broadcastIntent}}) : type=2 triggerAtTime=156689318 win=0 tElapsed=156689318 maxElapsed=156689318 interval=0 flags=0x21
03-21 13:43:09.217  1806  2134 D CompetitionModeConfig: sys.apm.competition_mode_config is not support!
03-21 13:43:09.218  1806  2134 D CompatibilityChangeReporter: Compat change id reported: 261072174; UID 10104; state: ENABLED
03-21 13:43:09.223  1806  4535 D CompetitionModeConfig: sys.apm.competition_mode_config is not support!
03-21 13:43:09.226 17838 17838 D BoundBrokerSvc: onRebind: Intent { act=com.google.android.gms.common.telemetry.service.START dat=chimera-action:/... cmp=com.google.android.gms/.chimera.PersistentApiService }
03-21 13:43:09.229 17838 27080 I AlarmManager: setExactAndAllowWhileIdle [name: GCM_HB_ALARM type: 2 triggerAtMillis: 156689348]
03-21 13:43:09.230  1806  3896 D CompetitionModeConfig: sys.apm.competition_mode_config is not support!
03-21 13:43:09.230  1806  4535 V AlarmManager: set(PendingIntent{54450c3: PendingIntentRecord{48f3c0f com.google.android.gms/com.google.android.gms.gcm broadcastIntent}}) : type=2 triggerAtTime=156689348 win=0 tElapsed=156689348 maxElapsed=156689348 interval=0 flags=0x21
03-21 13:43:09.231 17838 28244 I AlarmManager: setExactAndAllowWhileIdle [name: FcmRetry type: 2 triggerAtMillis: 156509344]
03-21 13:43:09.231  1806  1820 V AlarmManager: set(PendingIntent{ad775be: PendingIntentRecord{291361f com.google.android.gms/com.google.android.gms.gcm broadcastIntent}}) : type=2 triggerAtTime=156509344 win=0 tElapsed=156509344 maxElapsed=156509344 interval=0 flags=0x21
03-21 13:43:09.238  1806  2134 D CompetitionModeConfig: sys.apm.competition_mode_config is not support!
03-21 13:43:09.239  1806  2134 D Griffin/filterReceiveBroadcast: not limit Intent { act=com.google.android.c2dm.intent.RECEIVE flg=0x1000010 pkg=com.google.android.gm (has extras) } for resultTo not null
03-21 13:43:09.240  1806  1861 D CompetitionModeConfig: sys.apm.competition_mode_config is not support!
03-21 13:43:09.242  1806  1861 V ActivityManager: startProcess: name=com.google.android.gm app=null knownToBeDead=true thread=null pid=-1
03-21 13:43:09.245  1806  1862 D CompatibilityChangeReporter: Compat change id reported: 143937733; UID 10123; state: ENABLED
03-21 13:43:09.260  1056  1056 D Zygote  : Forked child process 28298
03-21 13:43:09.262  1806  1862 I ActivityManager: Start proc 28298:com.google.android.gm/u0a123 for broadcast {com.google.android.gm/com.google.firebase.iid.FirebaseInstanceIdReceiver}
03-21 13:43:09.268   529   529 I lowmemorykiller: TranMemoryInfo: vmstat time slice: 16016
03-21 13:43:09.268   529   529 I lowmemorykiller: TranMemoryInfo: PSI stat: 1, 0.20, 1.60, 0.12, 1.18
03-21 13:43:09.268   529   529 I lowmemorykiller: TranMemoryInfo: vmstat: 828, 0, 1441, 1, 574987
03-21 13:43:09.268   529   529 D lowmemorykiller: TranMemoryInfo: kswapd pgscan_kswapd 424711675 to 424715578, pgsteal_kswapd 213293576 to 213295017, stime 574978 to 574987
03-21 13:43:09.268   529   529 I lowmemorykiller: TranMemoryInfo: kswapd has been run.
03-21 13:43:09.268   529   529 I lowmemorykiller: TranMemoryInfo: kswapd reclaim amount : 1441 pages
03-21 13:43:09.268   529   529 I lowmemorykiller: TranMemoryInfo: kswapd reclaim efficiency : 64 KB/ms
03-21 13:43:09.282 28298 28298 I ogle.android.gm: Using CollectorTypeCMC GC.
03-21 13:43:09.292 28298 28298 D nativeloader: Load libframework-connectivity-tiramisu-jni.so using APEX ns com_android_tethering for caller /apex/com.android.tethering/javalib/framework-connectivity-t.jar: ok
03-21 13:43:09.299  1806  2134 V ActivityManager: New death recipient com.android.server.am.ActivityManagerService$AppDeathRecipient@a6549b1 for thread android.os.BinderProxy@97a7e96
03-21 13:43:09.300  1806  2134 D CompatibilityChangeReporter: Compat change id reported: 168419799; UID 10123; state: DISABLED
03-21 13:43:09.301  1806  2134 D CompatibilityChangeReporter: Compat change id reported: 273564678; UID 10123; state: DISABLED
03-21 13:43:09.302  1806  2134 D os.ActivityManagerServiceLice: make process active com.google.android.gm(28298)
03-21 13:43:09.307 28298 28298 D CompatibilityChangeReporter: Compat change id reported: 171979766; UID 10123; state: ENABLED
03-21 13:43:09.308 28298 28298 D CompatibilityChangeReporter: Compat change id reported: 242716250; UID 10123; state: ENABLED
03-21 13:43:09.308  1806  1934 D CompatibilityChangeReporter: Compat change id reported: 265195908; UID 10123; state: ENABLED
03-21 13:43:09.309 26602 26607 I adbd    : jdwp connection from 28298
03-21 13:43:09.311 28298 28298 D TranClassInfo: instance successfully. com.transsion.hubcore.graphics.TranGraphicImpl@81b4ebb from com.transsion.hubcore.graphics.ITranGraphic
03-21 13:43:09.313 28298 28298 D os.SingleLiceFactory: using android.graphics.IGraphicLice$DefaultImpl@53fafd8 instead of com.transsion.typeface.TypefaceLiceFactory  from android.graphics.IGraphicLice
03-21 13:43:09.313 28298 28298 D os.LiceInfo: instance successfully. com.transsion.graphics.GraphicLice@cc1df31 from android.graphics.IGraphicLice
03-21 13:43:09.315  1806  2134 D CompatibilityChangeReporter: Compat change id reported: 170503758; UID 10123; state: ENABLED
03-21 13:43:09.328 28298 28298 D nativeloader: Configuring clns-4 for other apk /system/framework/org.apache.http.legacy.jar. target_sdk_version=36, uses_libraries=ALL, library_path=/data/app/~~q2JXGxNGGRymlYQ_KrSpVQ==/com.google.android.gm--TGEa3ncr9cP2qrvn8Xawg==/lib/arm:/data/app/~~q2JXGxNGGRymlYQ_KrSpVQ==/com.google.android.gm--TGEa3ncr9cP2qrvn8Xawg==/base.apk!/lib/armeabi-v7a:/data/app/~~q2JXGxNGGRymlYQ_KrSpVQ==/com.google.android.gm--TGEa3ncr9cP2qrvn8Xawg==/split_config.armeabi_v7a.apk!/lib/armeabi-v7a:/data/app/~~q2JXGxNGGRymlYQ_KrSpVQ==/com.google.android.gm--TGEa3ncr9cP2qrvn8Xawg==/split_config.en.apk!/lib/armeabi-v7a:/data/app/~~q2JXGxNGGRymlYQ_KrSpVQ==/com.google.android.gm--TGEa3ncr9cP2qrvn8Xawg==/split_config.xhdpi.apk!/lib/armeabi-v7a, permitted_path=/data:/mnt/expand:/data/user/0/com.google.android.gm
03-21 13:43:09.328 28298 28298 D nativeloader: Extending system_exposed_libraries: libapuwareapusys.mtk.so:libapuwareapusys_v2.mtk.so:libapuwarexrp.mtk.so:libapuwarexrp_v2.mtk.so:libapuwareutils.mtk.so:libapuwareutils_v2.mtk.so:libapuwarehmp.mtk.so:libmcv_runtime_usdk.mtk.so:libneuron_graph_delegate.mtk.so:libneuronusdk_adapter.mtk.so:libtflite_mtk.mtk.so:libarmnn_ndk.mtk.so:libcmdl_ndk.mtk.so:libnir_neon_driver_ndk.mtk.so:libmvpu_runtime.mtk.so:libmvpu_runtime_pub.mtk.so:libmvpu_engine_pub.mtk.so:libmvpu_pattern_pub.mtk.so:libmvpuop_mtk_cv.mtk.so:libmvpuop_mtk_nn.mtk.so:libmvpu_runtime_25.mtk.so:libmvpu_runtime_25_pub.mtk.so:libmvpu_engine_25_pub.mtk.so:libmvpu_pattern_25_pub.mtk.so:libmvpuop25_mtk_cv.mtk.so:libmvpuop25_mtk_nn.mtk.so:libmvpu_config.mtk.so:libteeservice_client.trustonic.so
03-21 13:43:09.340  1075  1125 I libPerfCtl: xgfGetFPS pid:2222 fps:-1
03-21 13:43:09.340  1075  1125 I AppThermalMode: [perfNotifyThermalState] hdl:0
03-21 13:43:09.340  1075  1125 I AppThermalMode: [findAppThermalIdx] Fail: appThermalModeEnable: 0,currentFPS: -1,fg->pid:26947
03-21 13:43:09.340  1075  1125 I AppThermalMode: [perfNotifyThermalState] appThermalIdx -1:
03-21 13:43:09.530  3734  4266 E ActivityThread: Failed to find provider info for com.transsion.kolun.oxygenbus2.serviceBinder
03-21 13:43:09.530  3734  4155 W ApiInvoke1.5.135: OxygenBusProcess: OxygenBusProcess onAPPServiceFault reTryTimes 4
03-21 13:43:09.561  1806  2471 D Hiber/appStateMachine: uid:10404 enter FrozenState
03-21 13:43:09.562  1806  2471 D Hiber/cgroup: runningPids : [27523] for uid=10404 pkgName=com.facebook.katana type=third
03-21 13:43:09.562  1806  2471 D Hiber/cgroup: writeDevFile pid: 27523
03-21 13:43:09.563  1806  2471 I Hiber/sceneManager: freeze uid: 10404 com.facebook.katana pids:[27523] costTime=2ms
03-21 13:43:09.563  1806  2471 D Hiber/restrictionPolicy: uid:10404  pkgName:com.facebook.katana isAllowedNet
03-21 13:43:09.563  1806  2474 I Hiber/nativeService: watch app network uid=10404, persistent=0
03-21 13:43:09.564  1806  2472 D Hiber/hiberManager: msg for start proxy frozen state
03-21 13:43:09.564  1806  2472 D Hiber/hiberManager: try idle uid[10404] by hiber ,bgTime>0 ? true,isIdled before ? true ,isCurAllowListed ? false ,isProcStateBackground?true
03-21 13:43:09.564  1806  2472 D Hiber/hiberManager: try idle uid[10404] by hiber
03-21 13:43:09.564  1806  2472 D Hiber/proxyManager: p_service: 10404
03-21 13:43:09.564  1806  2472 D Hiber/proxyManager: p_job: 10404 pkgName=com.facebook.katana
03-21 13:43:09.564  1806  2472 D Hiber/proxyManager: pj_job: 10404 pkgName=com.facebook.katana which=2
03-21 13:43:09.567  1806  2472 V AlarmManager: set(null) : type=3 triggerAtTime=156403220 win=10150 tElapsed=156403220 maxElapsed=156413370 interval=0 flags=0x0
03-21 13:43:09.573  1806  2472 D Hiber/JobExtImpl: proxyJobs leave, uid=10404, pkg=com.facebook.katana which=2
03-21 13:43:09.574  1806  2472 D Hiber/hiberManager: proxy alarm (uid=10404, pkgName=com.facebook.katana)
03-21 13:43:09.574  1806  2472 D Hiber/proxyManager: p_alarm: uid=10404, pkgName=com.facebook.katana
03-21 13:43:09.574  1806  2472 D Hiber/alarmManagerServiceExtImpl: proxyAlarms, alarm=Alarm{c66da3c uId =10404 creatorUid =10404 packageName =com.facebook.katana sourcePackage =com.facebook.katana operation =PendingIntent{ac86bc2: PendingIntentRecord{2372dd3 com.facebook.katana broadcastIntent}} type 2 origWhen 156644637 whenElapsed 156644637 com.facebook.katana}
03-21 13:43:09.574  1806  2472 D Hiber/alarmManagerServiceExtImpl: proxyAlarms, alarm=Alarm{c70014a uId =10404 creatorUid =10404 packageName =com.facebook.katana sourcePackage =com.facebook.katana operation =PendingIntent{c841130: PendingIntentRecord{8c17718 com.facebook.katana broadcastIntent}} type 1 origWhen 1779156243772 whenElapsed 5232743891 com.facebook.katana}
